Archive member included because of file (symbol)

.\CortexM3\ARM_GCC_493\Debug\Node-Beaver.a(cyfitter_cfg.o)
                              .\CortexM3\ARM_GCC_493\Debug\Cm3Start.o (cyfitter_cfg)
.\CortexM3\ARM_GCC_493\Debug\Node-Beaver.a(CyLib.o)
                              .\CortexM3\ARM_GCC_493\Debug\Cm3Start.o (CyResetStatus)
.\CortexM3\ARM_GCC_493\Debug\Node-Beaver.a(cyPm.o)
                              .\CortexM3\ARM_GCC_493\Debug\Node-Beaver.a(CyLib.o) (CyPmReadStatus)
.\CortexM3\ARM_GCC_493\Debug\Node-Beaver.a(CAN_1.o)
                              .\CortexM3\ARM_GCC_493\Debug\can_manager.o (CAN_1_Init)
.\CortexM3\ARM_GCC_493\Debug\Node-Beaver.a(CAN_1_INT.o)
                              .\CortexM3\ARM_GCC_493\Debug\Node-Beaver.a(CAN_1.o) (CAN_1_ISR)
.\CortexM3\ARM_GCC_493\Debug\Node-Beaver.a(CAN_1_TX_RX_func.o)
                              .\CortexM3\ARM_GCC_493\Debug\can_manager.o (CAN_1_SendMsg)
.\CortexM3\ARM_GCC_493\Debug\Node-Beaver.a(LED.o)
                              .\CortexM3\ARM_GCC_493\Debug\sd_manager.o (LED_Write)
.\CortexM3\ARM_GCC_493\Debug\Node-Beaver.a(USBUART_1.o)
                              .\CortexM3\ARM_GCC_493\Debug\usb_manager.o (USBUART_1_Start)
.\CortexM3\ARM_GCC_493\Debug\Node-Beaver.a(USBUART_1_cdc.o)
                              .\CortexM3\ARM_GCC_493\Debug\usb_manager.o (USBUART_1_DataIsReady)
.\CortexM3\ARM_GCC_493\Debug\Node-Beaver.a(USBUART_1_drv.o)
                              .\CortexM3\ARM_GCC_493\Debug\Node-Beaver.a(USBUART_1.o) (USBUART_1_EP)
.\CortexM3\ARM_GCC_493\Debug\Node-Beaver.a(USBUART_1_episr.o)
                              .\CortexM3\ARM_GCC_493\Debug\Node-Beaver.a(USBUART_1.o) (USBUART_1_EP_1_ISR)
.\CortexM3\ARM_GCC_493\Debug\Node-Beaver.a(USBUART_1_pm.o)
                              .\CortexM3\ARM_GCC_493\Debug\Node-Beaver.a(USBUART_1.o) (USBUART_1_DP_ISR)
.\CortexM3\ARM_GCC_493\Debug\Node-Beaver.a(USBUART_1_std.o)
                              .\CortexM3\ARM_GCC_493\Debug\Node-Beaver.a(USBUART_1_drv.o) (USBUART_1_HandleStandardRqst)
.\CortexM3\ARM_GCC_493\Debug\Node-Beaver.a(USBUART_1_vnd.o)
                              .\CortexM3\ARM_GCC_493\Debug\Node-Beaver.a(USBUART_1_drv.o) (USBUART_1_HandleVendorRqst)
.\CortexM3\ARM_GCC_493\Debug\Node-Beaver.a(USBUART_1_Dp.o)
                              .\CortexM3\ARM_GCC_493\Debug\Node-Beaver.a(USBUART_1.o) (USBUART_1_Dp_ClearInterrupt)
.\CortexM3\ARM_GCC_493\Debug\Node-Beaver.a(power_isr.o)
                              .\CortexM3\ARM_GCC_493\Debug\sd_manager.o (power_isr_StartEx)
.\CortexM3\ARM_GCC_493\Debug\Node-Beaver.a(rtc_i2c.o)
                              .\CortexM3\ARM_GCC_493\Debug\time_manager.o (rtc_i2c_Start)
.\CortexM3\ARM_GCC_493\Debug\Node-Beaver.a(rtc_i2c_INT.o)
                              .\CortexM3\ARM_GCC_493\Debug\Node-Beaver.a(rtc_i2c.o) (rtc_i2c_ISR)
.\CortexM3\ARM_GCC_493\Debug\Node-Beaver.a(rtc_i2c_PM.o)
                              .\CortexM3\ARM_GCC_493\Debug\Node-Beaver.a(rtc_i2c.o) (rtc_i2c_backup)
.\CortexM3\ARM_GCC_493\Debug\Node-Beaver.a(rtc_i2c_MASTER.o)
                              .\CortexM3\ARM_GCC_493\Debug\Node-Beaver.a(rtc_i2c.o) (rtc_i2c_mstrStatus)
.\CortexM3\ARM_GCC_493\Debug\Node-Beaver.a(time_refresh_isr.o)
                              .\CortexM3\ARM_GCC_493\Debug\time_manager.o (time_refresh_isr_StartEx)
.\CortexM3\ARM_GCC_493\Debug\Node-Beaver.a(millis_timer.o)
                              .\CortexM3\ARM_GCC_493\Debug\time_manager.o (millis_timer_Start)
.\CortexM3\ARM_GCC_493\Debug\Node-Beaver.a(time_refresh_timer.o)
                              .\CortexM3\ARM_GCC_493\Debug\time_manager.o (time_refresh_timer_Start)
.\CortexM3\ARM_GCC_493\Debug\Node-Beaver.a(power_comp.o)
                              .\CortexM3\ARM_GCC_493\Debug\sd_manager.o (power_comp_Start)
.\CortexM3\ARM_GCC_493\Debug\Node-Beaver.a(xbee_UART.o)
                              .\CortexM3\ARM_GCC_493\Debug\radio_manager.o (xbee_UART_Start)
.\CortexM3\ARM_GCC_493\Debug\Node-Beaver.a(xbee_UART_INT.o)
                              .\CortexM3\ARM_GCC_493\Debug\Node-Beaver.a(xbee_UART.o) (xbee_UART_RXISR)
.\CortexM3\ARM_GCC_493\Debug\Node-Beaver.a(xbee_UART_IntClock.o)
                              .\CortexM3\ARM_GCC_493\Debug\Node-Beaver.a(xbee_UART.o) (xbee_UART_IntClock_Start)
.\CortexM3\ARM_GCC_493\Debug\Node-Beaver.a(sd_timer.o)
                              .\CortexM3\ARM_GCC_493\Debug\sd_manager.o (sd_timer_Start)
.\CortexM3\ARM_GCC_493\Debug\Node-Beaver.a(sd_isr.o)
                              .\CortexM3\ARM_GCC_493\Debug\sd_manager.o (sd_isr_StartEx)
.\CortexM3\ARM_GCC_493\Debug\Node-Beaver.a(watchdog_timer.o)
                              .\CortexM3\ARM_GCC_493\Debug\time_manager.o (watchdog_timer_Start)
.\CortexM3\ARM_GCC_493\Debug\Node-Beaver.a(wdt_reset_isr.o)
                              .\CortexM3\ARM_GCC_493\Debug\time_manager.o (wdt_reset_isr_StartEx)
.\CortexM3\ARM_GCC_493\Debug\Node-Beaver.a(car_state_isr.o)
[...]
Memory Configuration

Name             Origin             Length             Attributes
rom              0x00000000         0x00040000         xr
ram              0x1fff8000         0x00010000         xrw
*default*        0x00000000         0xffffffff

Linker script and memory map

LOAD d:/programming/cypress/psoc creator/4.0/psoc creator/import/gnu/arm/4.9.3/bin/../lib/gcc/arm-none-eabi/4.9.3/armv7-m/crti.o
LOAD d:/programming/cypress/psoc creator/4.0/psoc creator/import/gnu/arm/4.9.3/bin/../lib/gcc/arm-none-eabi/4.9.3/armv7-m/crtbegin.o
LOAD d:/programming/cypress/psoc creator/4.0/psoc creator/import/gnu/arm/4.9.3/bin/../lib/gcc/arm-none-eabi/4.9.3/../../../../arm-none-eabi/lib/armv7-m/crt0.o
START GROUP
LOAD .\CortexM3\ARM_GCC_493\Debug\main.o
LOAD .\CortexM3\ARM_GCC_493\Debug\can_manager.o
LOAD .\CortexM3\ARM_GCC_493\Debug\sd_manager.o
LOAD .\CortexM3\ARM_GCC_493\Debug\usb_manager.o
LOAD .\CortexM3\ARM_GCC_493\Debug\radio_manager.o
LOAD .\CortexM3\ARM_GCC_493\Debug\time_manager.o
LOAD .\CortexM3\ARM_GCC_493\Debug\cymetadata.o
LOAD .\CortexM3\ARM_GCC_493\Debug\Cm3Start.o
LOAD .\CortexM3\ARM_GCC_493\Debug\Node-Beaver.a
LOAD D:\Programming\Cypress\PSoC Creator\4.0\PSoC Creator\psoc\content\cycomponentlibrary\CyComponentLibrary.cylib\CortexM3\ARM_GCC_493\Debug\CyComponentLibrary.a
LOAD .\emFile_V322c\LinkLibrary\PSoC5\GCC\libemf32noslfn.a
END GROUP
START GROUP
LOAD d:/programming/cypress/psoc creator/4.0/psoc creator/import/gnu/arm/4.9.3/bin/../lib/gcc/arm-none-eabi/4.9.3/armv7-m\libgcc.a
LOAD d:/programming/cypress/psoc creator/4.0/psoc creator/import/gnu/arm/4.9.3/bin/../lib/gcc/arm-none-eabi/4.9.3/../../../../arm-none-eabi/lib/armv7-m\libg_nano.a
LOAD d:/programming/cypress/psoc creator/4.0/psoc creator/import/gnu/arm/4.9.3/bin/../lib/gcc/arm-none-eabi/4.9.3/../../../../arm-none-eabi/lib/armv7-m\libc_nano.a
END GROUP
START GROUP
LOAD d:/programming/cypress/psoc creator/4.0/psoc creator/import/gnu/arm/4.9.3/bin/../lib/gcc/arm-none-eabi/4.9.3/armv7-m\libgcc.a
LOAD d:/programming/cypress/psoc creator/4.0/psoc creator/import/gnu/arm/4.9.3/bin/../lib/gcc/arm-none-eabi/4.9.3/../../../../arm-none-eabi/lib/armv7-m\libc_nano.a
END GROUP
LOAD d:/programming/cypress/psoc creator/4.0/psoc creator/import/gnu/arm/4.9.3/bin/../lib/gcc/arm-none-eabi/4.9.3/armv7-m/crtend.o
LOAD d:/programming/cypress/psoc creator/4.0/psoc creator/import/gnu/arm/4.9.3/bin/../lib/gcc/arm-none-eabi/4.9.3/armv7-m/crtn.o
START GROUP
LOAD d:/programming/cypress/psoc creator/4.0/psoc creator/import/gnu/arm/4.9.3/bin/../lib/gcc/arm-none-eabi/4.9.3/armv7-m\libgcc.a
LOAD d:/programming/cypress/psoc creator/4.0/psoc creator/import/gnu/arm/4.9.3/bin/../lib/gcc/arm-none-eabi/4.9.3/../../../../arm-none-eabi/lib/armv7-m\libc.a
LOAD d:/programming/cypress/psoc creator/4.0/psoc creator/import/gnu/arm/4.9.3/bin/../lib/gcc/arm-none-eabi/4.9.3/../../../../arm-none-eabi/lib/armv7-m\libnosys.a
END GROUP
                0x00000000                CY_APPL_ORIGIN = 0x0
                0x00000100                CY_FLASH_ROW_SIZE = 0x100
                0x00000020                CY_ECC_ROW_SIZE = 0x20
                0x00000000                CY_EE_IN_BTLDR = 0x0
                0x00000000                CY_APPL_LOADABLE = 0x0
                0x00000800                CY_EE_SIZE = 0x800
                0x00000001                CY_APPL_NUM = 0x1
                0x00000001                CY_APPL_MAX = 0x1
                0x00000040                CY_METADATA_SIZE = 0x40
                0x00000000                CY_APPL_LOADABLE = 0x0
                0x00000000                CY_CHECKSUM_EXCLUDE_SIZE = ALIGN (0x0, CY_FLASH_ROW_SIZE)
                0x1fffd478                PROVIDE (__cy_heap_start, _end)
                0x00000001                PROVIDE (__cy_region_num, ((__cy_regions_end - __cy_regions) / 0x10))
                0x20008000                PROVIDE (__cy_stack, (ORIGIN (ram) + 0x10000))
                0x20004000                PROVIDE (__cy_heap_end, (__cy_stack - 0x4000))

.cybootloader   0x00000000        0x0
 *(.cybootloader)
                0x00000000                appl1_start = CY_APPL_ORIGIN?CY_APPL_ORIGIN:ALIGN (CY_FLASH_ROW_SIZE)
                0x0001ff00                appl2_start = (appl1_start + ALIGN ((((0x40000 - appl1_start) - (0x2 * CY_FLASH_ROW_SIZE)) / 0x2), CY_FLASH_ROW_SIZE))
                0x00000000                appl_start = (CY_APPL_NUM == 0x1)?appl1_start:appl2_start
                0x00000000                ecc_offset = ((appl_start / CY_FLASH_ROW_SIZE) * CY_ECC_ROW_SIZE)
                0x00000000                ee_offset = (CY_APPL_LOADABLE && ! (CY_EE_IN_BTLDR))?((CY_EE_SIZE / CY_APPL_MAX) * (CY_APPL_NUM - 0x1)):0x0
                0x00000800                ee_size = (CY_APPL_LOADABLE && ! (CY_EE_IN_BTLDR))?(CY_EE_SIZE / CY_APPL_MAX):CY_EE_SIZE
                0x00000000                PROVIDE (CY_ECC_OFFSET, ecc_offset)

.text           0x00000000     0xa626
 CREATE_OBJECT_SYMBOLS
                0x00000000                PROVIDE (__cy_interrupt_vector, RomVectors)
 *(.romvectors)
 .romvectors    0x00000000       0x10 .\CortexM3\ARM_GCC_493\Debug\Cm3Start.o
                0x00000000                RomVectors
                0x00000001                ASSERT ((. != __cy_interrupt_vector), No interrupt vector)
                0x00000001                ASSERT (CY_APPL_ORIGIN?(SIZEOF (.cybootloader) <= CY_APPL_ORIGIN):0x1, Wrong image location)
                0x00000010                PROVIDE (__cy_reset, Reset)
 *(.text.Reset)
 .text.Reset    0x00000010       0x18 .\CortexM3\ARM_GCC_493\Debug\Cm3Start.o
                0x00000010                Reset
                0x00000001                ASSERT ((. != __cy_reset), No reset code)
 *(.dma_init)
                0x00000001                ASSERT ((((appl_start + .) <= 0x10000) || 0x1), DMA Init must be within the first 64k of flash)
 *(.text .text.* .gnu.linkonce.t.*)
 .text          0x00000028       0x5c d:/programming/cypress/psoc creator/4.0/psoc creator/import/gnu/arm/4.9.3/bin/../lib/gcc/arm-none-eabi/4.9.3/armv7-m/crtbegin.o
 .text.main     0x00000084       0x40 .\CortexM3\ARM_GCC_493\Debug\main.o
                0x00000084                main
 .text.msg_recieve
                0x000000c4       0x2c .\CortexM3\ARM_GCC_493\Debug\main.o
                0x000000c4                msg_recieve
 .text.car_state_interrupt
                0x000000f0       0x54 .\CortexM3\ARM_GCC_493\Debug\can_manager.o
                0x000000f0                car_state_interrupt
 .text.heartbeat_interrupt
                0x00000144       0x34 .\CortexM3\ARM_GCC_493\Debug\can_manager.o
                0x00000144                heartbeat_interrupt
 .text.can_init
                0x00000178       0xc8 .\CortexM3\ARM_GCC_493\Debug\can_manager.o
                0x00000178                can_init
 .text.can_msg_init
                0x00000240      0x124 .\CortexM3\ARM_GCC_493\Debug\can_manager.o
                0x00000240                can_msg_init
 .text.can_process
                0x00000364      0x140 .\CortexM3\ARM_GCC_493\Debug\can_manager.o
                0x00000364                can_process
 .text.can_compare
                0x000004a4      0x1d8 .\CortexM3\ARM_GCC_493\Debug\can_manager.o
                0x000004a4                can_compare
 .text.power_interrupt
                0x0000067c       0x1c .\CortexM3\ARM_GCC_493\Debug\sd_manager.o
                0x0000067c                power_interrupt
 .text.sd_interrupt
                0x00000698        0xc .\CortexM3\ARM_GCC_493\Debug\sd_manager.o
                0x00000698                sd_interrupt
 .text.sd_init  0x000006a4      0x1a8 .\CortexM3\ARM_GCC_493\Debug\sd_manager.o
                0x000006a4                sd_init
 .text.sd_time_set
                0x0000084c      0x190 .\CortexM3\ARM_GCC_493\Debug\sd_manager.o
                0x0000084c                sd_time_set
 .text.sd_write
                0x000009dc      0x160 .\CortexM3\ARM_GCC_493\Debug\sd_manager.o
                0x000009dc                sd_write
 .text.sd_buffer
                0x00000b3c       0x50 .\CortexM3\ARM_GCC_493\Debug\sd_manager.o
                0x00000b3c                sd_buffer
 .text.sd_stop  0x00000b8c       0x28 .\CortexM3\ARM_GCC_493\Debug\sd_manager.o
                0x00000b8c                sd_stop
 .text.usb_init
                0x00000bb4       0x10 .\CortexM3\ARM_GCC_493\Debug\usb_manager.o
                0x00000bb4                usb_init
 .text.usb_write
                0x00000bc4       0x14 .\CortexM3\ARM_GCC_493\Debug\usb_manager.o
                0x00000bc4                usb_write
 .text.radio_init_UART
                0x00000bd8        0xc .\CortexM3\ARM_GCC_493\Debug\radio_manager.o
                0x00000bd8                radio_init_UART
 .text.xbee_send
                0x00000be4       0x94 .\CortexM3\ARM_GCC_493\Debug\radio_manager.o
                0x00000be4                xbee_send
 .text.time_refresh_vector
                0x00000c78       0x28 .\CortexM3\ARM_GCC_493\Debug\time_manager.o
                0x00000c78                time_refresh_vector
 .text.time_init
                0x00000ca0       0x3c .\CortexM3\ARM_GCC_493\Debug\time_manager.o
                0x00000ca0                time_init
 .text.time_announce
                0x00000cdc       0x7c .\CortexM3\ARM_GCC_493\Debug\time_manager.o
                0x00000cdc                time_announce
 .text.time_get
                0x00000d58       0x34 .\CortexM3\ARM_GCC_493\Debug\time_manager.o
                0x00000d58                time_get
 .text.time_set
                0x00000d8c      0x198 .\CortexM3\ARM_GCC_493\Debug\time_manager.o
                0x00000d8c                time_set
 .text.time_retreive
                0x00000f24      0x154 .\CortexM3\ARM_GCC_493\Debug\time_manager.o
                0x00000f24                time_retreive
 .text.IntDefaultHandler
                0x00001078       0x14 .\CortexM3\ARM_GCC_493\Debug\Cm3Start.o
                0x00001078                IntDefaultHandler
 .text._sbrk    0x0000108c       0x54 .\CortexM3\ARM_GCC_493\Debug\Cm3Start.o
                0x0000108c                _sbrk
 .text.Start_c  0x000010e0       0x98 .\CortexM3\ARM_GCC_493\Debug\Cm3Start.o
                0x000010e0                Start_c
 .text.initialize_psoc
                0x00001178       0x8c .\CortexM3\ARM_GCC_493\Debug\Cm3Start.o
                0x00001178                initialize_psoc
 .text.CYMEMZERO
                0x00001204       0x1c .\CortexM3\ARM_GCC_493\Debug\Node-Beaver.a(cyfitter_cfg.o)
 .text.CYCONFIGCPY
                0x00001220       0x1c .\CortexM3\ARM_GCC_493\Debug\Node-Beaver.a(cyfitter_cfg.o)
 .text.CyClockStartupError
                0x0000123c        0xc .\CortexM3\ARM_GCC_493\Debug\Node-Beaver.a(cyfitter_cfg.o)
 .text.cfg_write_bytes32
                0x00001248       0x74 .\CortexM3\ARM_GCC_493\Debug\Node-Beaver.a(cyfitter_cfg.o)
 .text.ClockSetup
                0x000012bc      0x130 .\CortexM3\ARM_GCC_493\Debug\Node-Beaver.a(cyfitter_cfg.o)
 .text.AnalogSetDefault
                0x000013ec       0x60 .\CortexM3\ARM_GCC_493\Debug\Node-Beaver.a(cyfitter_cfg.o)
 .text.cyfitter_cfg
                0x0000144c      0x1c8 .\CortexM3\ARM_GCC_493\Debug\Node-Beaver.a(cyfitter_cfg.o)
                0x0000144c                cyfitter_cfg
 .text.CyHalt   0x00001614       0x18 .\CortexM3\ARM_GCC_493\Debug\Node-Beaver.a(CyLib.o)
                0x00001614                CyHalt
 .text.CyDelay  0x0000162c       0x44 .\CortexM3\ARM_GCC_493\Debug\Node-Beaver.a(CyLib.o)
                0x0000162c                CyDelay
 .text.CyDelayUs
                0x00001670       0x24 .\CortexM3\ARM_GCC_493\Debug\Node-Beaver.a(CyLib.o)
                0x00001670                CyDelayUs
 .text.CyIntSetVector
                0x00001694       0x50 .\CortexM3\ARM_GCC_493\Debug\Node-Beaver.a(CyLib.o)
                0x00001694                CyIntSetVector
 .text.CyIntSetPriority
                0x000016e4       0x44 .\CortexM3\ARM_GCC_493\Debug\Node-Beaver.a(CyLib.o)
                0x000016e4                CyIntSetPriority
 .text.CyGetUniqueId
                0x00001728       0xc4 .\CortexM3\ARM_GCC_493\Debug\Node-Beaver.a(CyLib.o)
                0x00001728                CyGetUniqueId
 .text.CAN_1_RxTxBuffersConfig
                0x000017ec       0x80 .\CortexM3\ARM_GCC_493\Debug\Node-Beaver.a(CAN_1.o)
                0x000017ec                CAN_1_RxTxBuffersConfig
 .text.CAN_1_Init
                0x0000186c      0x128 .\CortexM3\ARM_GCC_493\Debug\Node-Beaver.a(CAN_1.o)
                0x0000186c                CAN_1_Init
 .text.CAN_1_Enable
                0x00001994       0xa4 .\CortexM3\ARM_GCC_493\Debug\Node-Beaver.a(CAN_1.o)
                0x00001994                CAN_1_Enable
 .text.CAN_1_Start
                0x00001a38       0x3c .\CortexM3\ARM_GCC_493\Debug\Node-Beaver.a(CAN_1.o)
                0x00001a38                CAN_1_Start
 .text.CAN_1_GlobalIntEnable
                0x00001a74       0x40 .\CortexM3\ARM_GCC_493\Debug\Node-Beaver.a(CAN_1.o)
                0x00001a74                CAN_1_GlobalIntEnable
 .text.CAN_1_SetPreScaler
                0x00001ab4       0x44 .\CortexM3\ARM_GCC_493\Debug\Node-Beaver.a(CAN_1.o)
                0x00001ab4                CAN_1_SetPreScaler
 .text.CAN_1_SetArbiter
                0x00001af8       0x6c .\CortexM3\ARM_GCC_493\Debug\Node-Beaver.a(CAN_1.o)
                0x00001af8                CAN_1_SetArbiter
 .text.CAN_1_SetTsegSample
                0x00001b64       0xd4 .\CortexM3\ARM_GCC_493\Debug\Node-Beaver.a(CAN_1.o)
                0x00001b64                CAN_1_SetTsegSample
 .text.CAN_1_SetRestartType
                0x00001c38       0x6c .\CortexM3\ARM_GCC_493\Debug\Node-Beaver.a(CAN_1.o)
                0x00001c38                CAN_1_SetRestartType
 .text.CAN_1_SetEdgeMode
                0x00001ca4       0x6c .\CortexM3\ARM_GCC_493\Debug\Node-Beaver.a(CAN_1.o)
                0x00001ca4                CAN_1_SetEdgeMode
 .text.CAN_1_SetIrqMask
                0x00001d10       0x38 .\CortexM3\ARM_GCC_493\Debug\Node-Beaver.a(CAN_1.o)
                0x00001d10                CAN_1_SetIrqMask
 .text.CAN_1_RxBufConfig
                0x00001d48       0xec .\CortexM3\ARM_GCC_493\Debug\Node-Beaver.a(CAN_1.o)
                0x00001d48                CAN_1_RxBufConfig
 .text.CAN_1_TxBufConfig
                0x00001e34       0x88 .\CortexM3\ARM_GCC_493\Debug\Node-Beaver.a(CAN_1.o)
                0x00001e34                CAN_1_TxBufConfig
 .text.CAN_1_MsgRXIsr
                0x00001ebc       0x68 .\CortexM3\ARM_GCC_493\Debug\Node-Beaver.a(CAN_1_INT.o)
                0x00001ebc                CAN_1_MsgRXIsr
 .text.CAN_1_ISR
                0x00001f24       0x1c .\CortexM3\ARM_GCC_493\Debug\Node-Beaver.a(CAN_1_INT.o)
                0x00001f24                CAN_1_ISR
 .text.CAN_1_SendMsg
                0x00001f40      0x170 .\CortexM3\ARM_GCC_493\Debug\Node-Beaver.a(CAN_1_TX_RX_func.o)
                0x00001f40                CAN_1_SendMsg
 .text.CAN_1_ReceiveMsg
                0x000020b0       0xd8 .\CortexM3\ARM_GCC_493\Debug\Node-Beaver.a(CAN_1_TX_RX_func.o)
                0x000020b0                CAN_1_ReceiveMsg
 .text.LED_Write
                0x00002188       0x34 .\CortexM3\ARM_GCC_493\Debug\Node-Beaver.a(LED.o)
                0x00002188                LED_Write
 .text.USBUART_1_Start
                0x000021bc       0x38 .\CortexM3\ARM_GCC_493\Debug\Node-Beaver.a(USBUART_1.o)
                0x000021bc                USBUART_1_Start
 .text.USBUART_1_Init
                0x000021f4      0x1a0 .\CortexM3\ARM_GCC_493\Debug\Node-Beaver.a(USBUART_1.o)
                0x000021f4                USBUART_1_Init
 .text.USBUART_1_InitComponent
                0x00002394      0x100 .\CortexM3\ARM_GCC_493\Debug\Node-Beaver.a(USBUART_1.o)
                0x00002394                USBUART_1_InitComponent
 .text.USBUART_1_ReInitComponent
                0x00002494       0x68 .\CortexM3\ARM_GCC_493\Debug\Node-Beaver.a(USBUART_1.o)
                0x00002494                USBUART_1_ReInitComponent
 .text.USBUART_1_DispatchCDCClassRqst
                0x000024fc       0xe8 .\CortexM3\ARM_GCC_493\Debug\Node-Beaver.a(USBUART_1_cdc.o)
                0x000024fc                USBUART_1_DispatchCDCClassRqst
 .text.USBUART_1_GetInterfaceComPort
                0x000025e4       0x60 .\CortexM3\ARM_GCC_493\Debug\Node-Beaver.a(USBUART_1_cdc.o)
                0x000025e4                USBUART_1_GetInterfaceComPort
 .text.USBUART_1_Cdc_EpInit
                0x00002644       0x94 .\CortexM3\ARM_GCC_493\Debug\Node-Beaver.a(USBUART_1_cdc.o)
                0x00002644                USBUART_1_Cdc_EpInit
 .text.USBUART_1_EP_0_ISR
                0x000026d8       0xf8 .\CortexM3\ARM_GCC_493\Debug\Node-Beaver.a(USBUART_1_drv.o)
                0x000026d8                USBUART_1_EP_0_ISR
 .text.USBUART_1_HandleSetup
                0x000027d0       0x88 .\CortexM3\ARM_GCC_493\Debug\Node-Beaver.a(USBUART_1_drv.o)
                0x000027d0                USBUART_1_HandleSetup
 .text.USBUART_1_HandleIN
                0x00002858       0x4c .\CortexM3\ARM_GCC_493\Debug\Node-Beaver.a(USBUART_1_drv.o)
                0x00002858                USBUART_1_HandleIN
 .text.USBUART_1_HandleOUT
                0x000028a4       0x58 .\CortexM3\ARM_GCC_493\Debug\Node-Beaver.a(USBUART_1_drv.o)
                0x000028a4                USBUART_1_HandleOUT
 .text.USBUART_1_LoadEP0
                0x000028fc       0xd0 .\CortexM3\ARM_GCC_493\Debug\Node-Beaver.a(USBUART_1_drv.o)
                0x000028fc                USBUART_1_LoadEP0
 .text.USBUART_1_InitControlRead
                0x000029cc       0x70 .\CortexM3\ARM_GCC_493\Debug\Node-Beaver.a(USBUART_1_drv.o)
                0x000029cc                USBUART_1_InitControlRead
 .text.USBUART_1_InitZeroLengthControlTransfer
                0x00002a3c       0x44 .\CortexM3\ARM_GCC_493\Debug\Node-Beaver.a(USBUART_1_drv.o)
                0x00002a3c                USBUART_1_InitZeroLengthControlTransfer
 .text.USBUART_1_ControlReadDataStage
                0x00002a80        0xc .\CortexM3\ARM_GCC_493\Debug\Node-Beaver.a(USBUART_1_drv.o)
                0x00002a80                USBUART_1_ControlReadDataStage
 .text.USBUART_1_ControlReadStatusStage
                0x00002a8c       0x40 .\CortexM3\ARM_GCC_493\Debug\Node-Beaver.a(USBUART_1_drv.o)
                0x00002a8c                USBUART_1_ControlReadStatusStage
 .text.USBUART_1_InitControlWrite
                0x00002acc       0x64 .\CortexM3\ARM_GCC_493\Debug\Node-Beaver.a(USBUART_1_drv.o)
                0x00002acc                USBUART_1_InitControlWrite
 .text.USBUART_1_ControlWriteDataStage
                0x00002b30       0xb4 .\CortexM3\ARM_GCC_493\Debug\Node-Beaver.a(USBUART_1_drv.o)
                0x00002b30                USBUART_1_ControlWriteDataStage
 .text.USBUART_1_ControlWriteStatusStage
                0x00002be4       0x20 .\CortexM3\ARM_GCC_493\Debug\Node-Beaver.a(USBUART_1_drv.o)
                0x00002be4                USBUART_1_ControlWriteStatusStage
 .text.USBUART_1_InitNoDataControlTransfer
                0x00002c04       0x38 .\CortexM3\ARM_GCC_493\Debug\Node-Beaver.a(USBUART_1_drv.o)
                0x00002c04                USBUART_1_InitNoDataControlTransfer
 .text.USBUART_1_NoDataControlStatusStage
                0x00002c3c       0x48 .\CortexM3\ARM_GCC_493\Debug\Node-Beaver.a(USBUART_1_drv.o)
                0x00002c3c                USBUART_1_NoDataControlStatusStage
 .text.USBUART_1_UpdateStatusBlock
                0x00002c84       0x40 .\CortexM3\ARM_GCC_493\Debug\Node-Beaver.a(USBUART_1_drv.o)
                0x00002c84                USBUART_1_UpdateStatusBlock
 .text.USBUART_1_InitializeStatusBlock
                0x00002cc4       0x34 .\CortexM3\ARM_GCC_493\Debug\Node-Beaver.a(USBUART_1_drv.o)
                0x00002cc4                USBUART_1_InitializeStatusBlock
 .text.USBUART_1_EP_1_ISR
                0x00002cf8       0x48 .\CortexM3\ARM_GCC_493\Debug\Node-Beaver.a(USBUART_1_episr.o)
                0x00002cf8                USBUART_1_EP_1_ISR
 .text.USBUART_1_EP_2_ISR
                0x00002d40       0x4c .\CortexM3\ARM_GCC_493\Debug\Node-Beaver.a(USBUART_1_episr.o)
                0x00002d40                USBUART_1_EP_2_ISR
 .text.USBUART_1_EP_3_ISR
                0x00002d8c       0x54 .\CortexM3\ARM_GCC_493\Debug\Node-Beaver.a(USBUART_1_episr.o)
                0x00002d8c                USBUART_1_EP_3_ISR
 .text.USBUART_1_SOF_ISR
                0x00002de0        0xc .\CortexM3\ARM_GCC_493\Debug\Node-Beaver.a(USBUART_1_episr.o)
                0x00002de0                USBUART_1_SOF_ISR
 .text.USBUART_1_BUS_RESET_ISR
                0x00002dec        0xc .\CortexM3\ARM_GCC_493\Debug\Node-Beaver.a(USBUART_1_episr.o)
                0x00002dec                USBUART_1_BUS_RESET_ISR
 .text.USBUART_1_DP_ISR
                0x00002df8        0xc .\CortexM3\ARM_GCC_493\Debug\Node-Beaver.a(USBUART_1_pm.o)
                0x00002df8                USBUART_1_DP_ISR
 .text.USBUART_1_HandleStandardRqst
                0x00002e04      0x48c .\CortexM3\ARM_GCC_493\Debug\Node-Beaver.a(USBUART_1_std.o)
                0x00002e04                USBUART_1_HandleStandardRqst
 .text.USBUART_1_ReadDieID
                0x00003290       0xd4 .\CortexM3\ARM_GCC_493\Debug\Node-Beaver.a(USBUART_1_std.o)
                0x00003290                USBUART_1_ReadDieID
 .text.USBUART_1_ConfigReg
                0x00003364      0x11c .\CortexM3\ARM_GCC_493\Debug\Node-Beaver.a(USBUART_1_std.o)
                0x00003364                USBUART_1_ConfigReg
 .text.USBUART_1_Config
                0x00003480      0x394 .\CortexM3\ARM_GCC_493\Debug\Node-Beaver.a(USBUART_1_std.o)
                0x00003480                USBUART_1_Config
 .text.USBUART_1_ConfigAltChanged
                0x00003814      0x23c .\CortexM3\ARM_GCC_493\Debug\Node-Beaver.a(USBUART_1_std.o)
                0x00003814                USBUART_1_ConfigAltChanged
 .text.USBUART_1_GetConfigTablePtr
                0x00003a50       0x54 .\CortexM3\ARM_GCC_493\Debug\Node-Beaver.a(USBUART_1_std.o)
                0x00003a50                USBUART_1_GetConfigTablePtr
 .text.USBUART_1_GetDeviceTablePtr
                0x00003aa4       0x24 .\CortexM3\ARM_GCC_493\Debug\Node-Beaver.a(USBUART_1_std.o)
                0x00003aa4                USBUART_1_GetDeviceTablePtr
 .text.USBUART_1_GetInterfaceClassTablePtr
                0x00003ac8       0x4c .\CortexM3\ARM_GCC_493\Debug\Node-Beaver.a(USBUART_1_std.o)
                0x00003ac8                USBUART_1_GetInterfaceClassTablePtr
 .text.USBUART_1_SetEndpointHalt
                0x00003b14       0xdc .\CortexM3\ARM_GCC_493\Debug\Node-Beaver.a(USBUART_1_std.o)
                0x00003b14                USBUART_1_SetEndpointHalt
 .text.USBUART_1_ClearEndpointHalt
                0x00003bf0      0x130 .\CortexM3\ARM_GCC_493\Debug\Node-Beaver.a(USBUART_1_std.o)
                0x00003bf0                USBUART_1_ClearEndpointHalt
 .text.USBUART_1_ValidateAlternateSetting
                0x00003d20       0x70 .\CortexM3\ARM_GCC_493\Debug\Node-Beaver.a(USBUART_1_std.o)
                0x00003d20                USBUART_1_ValidateAlternateSetting
 .text.USBUART_1_HandleVendorRqst
                0x00003d90       0x54 .\CortexM3\ARM_GCC_493\Debug\Node-Beaver.a(USBUART_1_vnd.o)
                0x00003d90                USBUART_1_HandleVendorRqst
 .text.USBUART_1_Dp_ClearInterrupt
                0x00003de4       0x20 .\CortexM3\ARM_GCC_493\Debug\Node-Beaver.a(USBUART_1_Dp.o)
                0x00003de4                USBUART_1_Dp_ClearInterrupt
 .text.power_isr_StartEx
                0x00003e04       0x24 .\CortexM3\ARM_GCC_493\Debug\Node-Beaver.a(power_isr.o)
                0x00003e04                power_isr_StartEx
 .text.power_isr_SetVector
                0x00003e28       0x24 .\CortexM3\ARM_GCC_493\Debug\Node-Beaver.a(power_isr.o)
                0x00003e28                power_isr_SetVector
 .text.power_isr_SetPriority
                0x00003e4c       0x24 .\CortexM3\ARM_GCC_493\Debug\Node-Beaver.a(power_isr.o)
                0x00003e4c                power_isr_SetPriority
 .text.power_isr_Enable
                0x00003e70       0x18 .\CortexM3\ARM_GCC_493\Debug\Node-Beaver.a(power_isr.o)
                0x00003e70                power_isr_Enable
 .text.power_isr_Disable
                0x00003e88       0x18 .\CortexM3\ARM_GCC_493\Debug\Node-Beaver.a(power_isr.o)
                0x00003e88                power_isr_Disable
 .text.power_isr_ClearPending
                0x00003ea0       0x18 .\CortexM3\ARM_GCC_493\Debug\Node-Beaver.a(power_isr.o)
                0x00003ea0                power_isr_ClearPending
 .text.rtc_i2c_Init
                0x00003eb8       0x80 .\CortexM3\ARM_GCC_493\Debug\Node-Beaver.a(rtc_i2c.o)
                0x00003eb8                rtc_i2c_Init
 .text.rtc_i2c_Enable
                0x00003f38       0x44 .\CortexM3\ARM_GCC_493\Debug\Node-Beaver.a(rtc_i2c.o)
                0x00003f38                rtc_i2c_Enable
 .text.rtc_i2c_Start
                0x00003f7c       0x2c .\CortexM3\ARM_GCC_493\Debug\Node-Beaver.a(rtc_i2c.o)
                0x00003f7c                rtc_i2c_Start
 .text.rtc_i2c_ISR
                0x00003fa8      0x3ac .\CortexM3\ARM_GCC_493\Debug\Node-Beaver.a(rtc_i2c_INT.o)
                0x00003fa8                rtc_i2c_ISR
 .text.rtc_i2c_MasterSendStart
                0x00004354       0xbc .\CortexM3\ARM_GCC_493\Debug\Node-Beaver.a(rtc_i2c_MASTER.o)
                0x00004354                rtc_i2c_MasterSendStart
 .text.rtc_i2c_MasterSendStop
                0x00004410       0x58 .\CortexM3\ARM_GCC_493\Debug\Node-Beaver.a(rtc_i2c_MASTER.o)
                0x00004410                rtc_i2c_MasterSendStop
 .text.rtc_i2c_MasterWriteByte
                0x00004468       0x80 .\CortexM3\ARM_GCC_493\Debug\Node-Beaver.a(rtc_i2c_MASTER.o)
                0x00004468                rtc_i2c_MasterWriteByte
 .text.rtc_i2c_MasterReadByte
                0x000044e8       0x7c .\CortexM3\ARM_GCC_493\Debug\Node-Beaver.a(rtc_i2c_MASTER.o)
                0x000044e8                rtc_i2c_MasterReadByte
 .text.time_refresh_isr_StartEx
                0x00004564       0x24 .\CortexM3\ARM_GCC_493\Debug\Node-Beaver.a(time_refresh_isr.o)
                0x00004564                time_refresh_isr_StartEx
 .text.time_refresh_isr_SetVector
                0x00004588       0x24 .\CortexM3\ARM_GCC_493\Debug\Node-Beaver.a(time_refresh_isr.o)
                0x00004588                time_refresh_isr_SetVector
 .text.time_refresh_isr_SetPriority
                0x000045ac       0x24 .\CortexM3\ARM_GCC_493\Debug\Node-Beaver.a(time_refresh_isr.o)
                0x000045ac                time_refresh_isr_SetPriority
 .text.time_refresh_isr_Enable
                0x000045d0       0x18 .\CortexM3\ARM_GCC_493\Debug\Node-Beaver.a(time_refresh_isr.o)
                0x000045d0                time_refresh_isr_Enable
 .text.time_refresh_isr_Disable
                0x000045e8       0x18 .\CortexM3\ARM_GCC_493\Debug\Node-Beaver.a(time_refresh_isr.o)
                0x000045e8                time_refresh_isr_Disable
 .text.millis_timer_Init
                0x00004600       0x4c .\CortexM3\ARM_GCC_493\Debug\Node-Beaver.a(millis_timer.o)
                0x00004600                millis_timer_Init
 .text.millis_timer_Enable
                0x0000464c       0x20 .\CortexM3\ARM_GCC_493\Debug\Node-Beaver.a(millis_timer.o)
                0x0000464c                millis_timer_Enable
 .text.millis_timer_Start
                0x0000466c       0x20 .\CortexM3\ARM_GCC_493\Debug\Node-Beaver.a(millis_timer.o)
                0x0000466c                millis_timer_Start
 .text.millis_timer_SetInterruptMode
                0x0000468c       0x20 .\CortexM3\ARM_GCC_493\Debug\Node-Beaver.a(millis_timer.o)
                0x0000468c                millis_timer_SetInterruptMode
 .text.millis_timer_ReadStatusRegister
                0x000046ac       0x18 .\CortexM3\ARM_GCC_493\Debug\Node-Beaver.a(millis_timer.o)
                0x000046ac                millis_timer_ReadStatusRegister
 .text.millis_timer_WritePeriod
                0x000046c4       0x1c .\CortexM3\ARM_GCC_493\Debug\Node-Beaver.a(millis_timer.o)
                0x000046c4                millis_timer_WritePeriod
 .text.millis_timer_ReadCapture
                0x000046e0       0x18 .\CortexM3\ARM_GCC_493\Debug\Node-Beaver.a(millis_timer.o)
                0x000046e0                millis_timer_ReadCapture
 .text.millis_timer_WriteCounter
                0x000046f8       0x1c .\CortexM3\ARM_GCC_493\Debug\Node-Beaver.a(millis_timer.o)
                0x000046f8                millis_timer_WriteCounter
 .text.millis_timer_ReadCounter
                0x00004714       0x20 .\CortexM3\ARM_GCC_493\Debug\Node-Beaver.a(millis_timer.o)
                0x00004714                millis_timer_ReadCounter
 .text.millis_timer_ClearFIFO
                0x00004734       0x1c .\CortexM3\ARM_GCC_493\Debug\Node-Beaver.a(millis_timer.o)
                0x00004734                millis_timer_ClearFIFO
 .text.time_refresh_timer_Init
                0x00004750       0x4c .\CortexM3\ARM_GCC_493\Debug\Node-Beaver.a(time_refresh_timer.o)
                0x00004750                time_refresh_timer_Init
 .text.time_refresh_timer_Enable
                0x0000479c       0x20 .\CortexM3\ARM_GCC_493\Debug\Node-Beaver.a(time_refresh_timer.o)
                0x0000479c                time_refresh_timer_Enable
 .text.time_refresh_timer_Start
                0x000047bc       0x20 .\CortexM3\ARM_GCC_493\Debug\Node-Beaver.a(time_refresh_timer.o)
                0x000047bc                time_refresh_timer_Start
 .text.time_refresh_timer_SetInterruptMode
                0x000047dc       0x20 .\CortexM3\ARM_GCC_493\Debug\Node-Beaver.a(time_refresh_timer.o)
                0x000047dc                time_refresh_timer_SetInterruptMode
 .text.time_refresh_timer_ReadStatusRegister
                0x000047fc       0x18 .\CortexM3\ARM_GCC_493\Debug\Node-Beaver.a(time_refresh_timer.o)
                0x000047fc                time_refresh_timer_ReadStatusRegister
 .text.time_refresh_timer_WritePeriod
                0x00004814       0x1c .\CortexM3\ARM_GCC_493\Debug\Node-Beaver.a(time_refresh_timer.o)
                0x00004814                time_refresh_timer_WritePeriod
 .text.time_refresh_timer_ReadCapture
                0x00004830       0x1c .\CortexM3\ARM_GCC_493\Debug\Node-Beaver.a(time_refresh_timer.o)
                0x00004830                time_refresh_timer_ReadCapture
 .text.time_refresh_timer_WriteCounter
                0x0000484c       0x1c .\CortexM3\ARM_GCC_493\Debug\Node-Beaver.a(time_refresh_timer.o)
                0x0000484c                time_refresh_timer_WriteCounter
 .text.time_refresh_timer_ClearFIFO
                0x00004868       0x1c .\CortexM3\ARM_GCC_493\Debug\Node-Beaver.a(time_refresh_timer.o)
                0x00004868                time_refresh_timer_ClearFIFO
 .text.power_comp_Init
                0x00004884       0x64 .\CortexM3\ARM_GCC_493\Debug\Node-Beaver.a(power_comp.o)
                0x00004884                power_comp_Init
 .text.power_comp_Enable
                0x000048e8       0x34 .\CortexM3\ARM_GCC_493\Debug\Node-Beaver.a(power_comp.o)
                0x000048e8                power_comp_Enable
 .text.power_comp_Start
                0x0000491c       0x20 .\CortexM3\ARM_GCC_493\Debug\Node-Beaver.a(power_comp.o)
                0x0000491c                power_comp_Start
 .text.power_comp_SetSpeed
                0x0000493c       0x80 .\CortexM3\ARM_GCC_493\Debug\Node-Beaver.a(power_comp.o)
                0x0000493c                power_comp_SetSpeed
 .text.xbee_UART_Start
                0x000049bc       0x20 .\CortexM3\ARM_GCC_493\Debug\Node-Beaver.a(xbee_UART.o)
                0x000049bc                xbee_UART_Start
 .text.xbee_UART_Init
                0x000049dc       0x58 .\CortexM3\ARM_GCC_493\Debug\Node-Beaver.a(xbee_UART.o)
                0x000049dc                xbee_UART_Init
 .text.xbee_UART_Enable
                0x00004a34       0x68 .\CortexM3\ARM_GCC_493\Debug\Node-Beaver.a(xbee_UART.o)
                0x00004a34                xbee_UART_Enable
 .text.xbee_UART_PutChar
                0x00004a9c       0x34 .\CortexM3\ARM_GCC_493\Debug\Node-Beaver.a(xbee_UART.o)
                0x00004a9c                xbee_UART_PutChar
 .text.xbee_UART_PutArray
                0x00004ad0       0x40 .\CortexM3\ARM_GCC_493\Debug\Node-Beaver.a(xbee_UART.o)
                0x00004ad0                xbee_UART_PutArray
 .text.xbee_UART_RXISR
                0x00004b10       0xd8 .\CortexM3\ARM_GCC_493\Debug\Node-Beaver.a(xbee_UART_INT.o)
                0x00004b10                xbee_UART_RXISR
 .text.xbee_UART_IntClock_Start
                0x00004be8       0x34 .\CortexM3\ARM_GCC_493\Debug\Node-Beaver.a(xbee_UART_IntClock.o)
                0x00004be8                xbee_UART_IntClock_Start
 .text.sd_timer_Init
                0x00004c1c       0x4c .\CortexM3\ARM_GCC_493\Debug\Node-Beaver.a(sd_timer.o)
                0x00004c1c                sd_timer_Init
 .text.sd_timer_Enable
                0x00004c68       0x20 .\CortexM3\ARM_GCC_493\Debug\Node-Beaver.a(sd_timer.o)
                0x00004c68                sd_timer_Enable
 .text.sd_timer_Start
                0x00004c88       0x20 .\CortexM3\ARM_GCC_493\Debug\Node-Beaver.a(sd_timer.o)
                0x00004c88                sd_timer_Start
 .text.sd_timer_SetInterruptMode
                0x00004ca8       0x20 .\CortexM3\ARM_GCC_493\Debug\Node-Beaver.a(sd_timer.o)
                0x00004ca8                sd_timer_SetInterruptMode
 .text.sd_timer_ReadStatusRegister
                0x00004cc8       0x18 .\CortexM3\ARM_GCC_493\Debug\Node-Beaver.a(sd_timer.o)
                0x00004cc8                sd_timer_ReadStatusRegister
 .text.sd_timer_WritePeriod
                0x00004ce0       0x1c .\CortexM3\ARM_GCC_493\Debug\Node-Beaver.a(sd_timer.o)
                0x00004ce0                sd_timer_WritePeriod
 .text.sd_timer_ReadCapture
                0x00004cfc       0x1c .\CortexM3\ARM_GCC_493\Debug\Node-Beaver.a(sd_timer.o)
                0x00004cfc                sd_timer_ReadCapture
 .text.sd_timer_WriteCounter
                0x00004d18       0x1c .\CortexM3\ARM_GCC_493\Debug\Node-Beaver.a(sd_timer.o)
                0x00004d18                sd_timer_WriteCounter
 .text.sd_timer_ClearFIFO
                0x00004d34       0x1c .\CortexM3\ARM_GCC_493\Debug\Node-Beaver.a(sd_timer.o)
                0x00004d34                sd_timer_ClearFIFO
 .text.sd_isr_StartEx
                0x00004d50       0x24 .\CortexM3\ARM_GCC_493\Debug\Node-Beaver.a(sd_isr.o)
                0x00004d50                sd_isr_StartEx
 .text.sd_isr_SetVector
                0x00004d74       0x24 .\CortexM3\ARM_GCC_493\Debug\Node-Beaver.a(sd_isr.o)
                0x00004d74                sd_isr_SetVector
 .text.sd_isr_SetPriority
                0x00004d98       0x24 .\CortexM3\ARM_GCC_493\Debug\Node-Beaver.a(sd_isr.o)
                0x00004d98                sd_isr_SetPriority
 .text.sd_isr_Enable
                0x00004dbc       0x18 .\CortexM3\ARM_GCC_493\Debug\Node-Beaver.a(sd_isr.o)
                0x00004dbc                sd_isr_Enable
 .text.sd_isr_Disable
                0x00004dd4       0x18 .\CortexM3\ARM_GCC_493\Debug\Node-Beaver.a(sd_isr.o)
                0x00004dd4                sd_isr_Disable
 .text.car_state_isr_StartEx
                0x00004dec       0x24 .\CortexM3\ARM_GCC_493\Debug\Node-Beaver.a(car_state_isr.o)
                0x00004dec                car_state_isr_StartEx
 .text.car_state_isr_SetVector
                0x00004e10       0x24 .\CortexM3\ARM_GCC_493\Debug\Node-Beaver.a(car_state_isr.o)
                0x00004e10                car_state_isr_SetVector
 .text.car_state_isr_SetPriority
                0x00004e34       0x24 .\CortexM3\ARM_GCC_493\Debug\Node-Beaver.a(car_state_isr.o)
                0x00004e34                car_state_isr_SetPriority
 .text.car_state_isr_Enable
                0x00004e58       0x18 .\CortexM3\ARM_GCC_493\Debug\Node-Beaver.a(car_state_isr.o)
                0x00004e58                car_state_isr_Enable
 .text.car_state_isr_Disable
                0x00004e70       0x18 .\CortexM3\ARM_GCC_493\Debug\Node-Beaver.a(car_state_isr.o)
                0x00004e70                car_state_isr_Disable
 .text.car_state_timer_Init
                0x00004e88       0x4c .\CortexM3\ARM_GCC_493\Debug\Node-Beaver.a(car_state_timer.o)
                0x00004e88                car_state_timer_Init
 .text.car_state_timer_Enable
                0x00004ed4       0x20 .\CortexM3\ARM_GCC_493\Debug\Node-Beaver.a(car_state_timer.o)
                0x00004ed4                car_state_timer_Enable
 .text.car_state_timer_Start
                0x00004ef4       0x20 .\CortexM3\ARM_GCC_493\Debug\Node-Beaver.a(car_state_timer.o)
                0x00004ef4                car_state_timer_Start
 .text.car_state_timer_SetInterruptMode
                0x00004f14       0x20 .\CortexM3\ARM_GCC_493\Debug\Node-Beaver.a(car_state_timer.o)
                0x00004f14                car_state_timer_SetInterruptMode
 .text.car_state_timer_ReadStatusRegister
                0x00004f34       0x18 .\CortexM3\ARM_GCC_493\Debug\Node-Beaver.a(car_state_timer.o)
                0x00004f34                car_state_timer_ReadStatusRegister
 .text.car_state_timer_WritePeriod
                0x00004f4c       0x20 .\CortexM3\ARM_GCC_493\Debug\Node-Beaver.a(car_state_timer.o)
                0x00004f4c                car_state_timer_WritePeriod
 .text.car_state_timer_ReadCapture
                0x00004f6c       0x18 .\CortexM3\ARM_GCC_493\Debug\Node-Beaver.a(car_state_timer.o)
                0x00004f6c                car_state_timer_ReadCapture
 .text.car_state_timer_WriteCounter
                0x00004f84       0x20 .\CortexM3\ARM_GCC_493\Debug\Node-Beaver.a(car_state_timer.o)
                0x00004f84                car_state_timer_WriteCounter
 .text.car_state_timer_ClearFIFO
                0x00004fa4       0x1c .\CortexM3\ARM_GCC_493\Debug\Node-Beaver.a(car_state_timer.o)
                0x00004fa4                car_state_timer_ClearFIFO
 .text.heartbeat_timer_Init
                0x00004fc0       0x4c .\CortexM3\ARM_GCC_493\Debug\Node-Beaver.a(heartbeat_timer.o)
                0x00004fc0                heartbeat_timer_Init
 .text.heartbeat_timer_Enable
                0x0000500c       0x20 .\CortexM3\ARM_GCC_493\Debug\Node-Beaver.a(heartbeat_timer.o)
                0x0000500c                heartbeat_timer_Enable
 .text.heartbeat_timer_Start
                0x0000502c       0x20 .\CortexM3\ARM_GCC_493\Debug\Node-Beaver.a(heartbeat_timer.o)
                0x0000502c                heartbeat_timer_Start
 .text.heartbeat_timer_SetInterruptMode
                0x0000504c       0x20 .\CortexM3\ARM_GCC_493\Debug\Node-Beaver.a(heartbeat_timer.o)
                0x0000504c                heartbeat_timer_SetInterruptMode
 .text.heartbeat_timer_ReadStatusRegister
                0x0000506c       0x18 .\CortexM3\ARM_GCC_493\Debug\Node-Beaver.a(heartbeat_timer.o)
                0x0000506c                heartbeat_timer_ReadStatusRegister
 .text.heartbeat_timer_WritePeriod
                0x00005084       0x1c .\CortexM3\ARM_GCC_493\Debug\Node-Beaver.a(heartbeat_timer.o)
                0x00005084                heartbeat_timer_WritePeriod
 .text.heartbeat_timer_ReadCapture
                0x000050a0       0x18 .\CortexM3\ARM_GCC_493\Debug\Node-Beaver.a(heartbeat_timer.o)
                0x000050a0                heartbeat_timer_ReadCapture
 .text.heartbeat_timer_WriteCounter
                0x000050b8       0x1c .\CortexM3\ARM_GCC_493\Debug\Node-Beaver.a(heartbeat_timer.o)
                0x000050b8                heartbeat_timer_WriteCounter
 .text.heartbeat_timer_ClearFIFO
                0x000050d4       0x1c .\CortexM3\ARM_GCC_493\Debug\Node-Beaver.a(heartbeat_timer.o)
                0x000050d4                heartbeat_timer_ClearFIFO
 .text.heartbeat_isr_StartEx
                0x000050f0       0x24 .\CortexM3\ARM_GCC_493\Debug\Node-Beaver.a(heartbeat_isr.o)
                0x000050f0                heartbeat_isr_StartEx
 .text.heartbeat_isr_SetVector
                0x00005114       0x24 .\CortexM3\ARM_GCC_493\Debug\Node-Beaver.a(heartbeat_isr.o)
                0x00005114                heartbeat_isr_SetVector
 .text.heartbeat_isr_SetPriority
                0x00005138       0x24 .\CortexM3\ARM_GCC_493\Debug\Node-Beaver.a(heartbeat_isr.o)
                0x00005138                heartbeat_isr_SetPriority
 .text.heartbeat_isr_Enable
                0x0000515c       0x18 .\CortexM3\ARM_GCC_493\Debug\Node-Beaver.a(heartbeat_isr.o)
                0x0000515c                heartbeat_isr_Enable
 .text.heartbeat_isr_Disable
                0x00005174       0x18 .\CortexM3\ARM_GCC_493\Debug\Node-Beaver.a(heartbeat_isr.o)
                0x00005174                heartbeat_isr_Disable
 *fill*         0x0000518c        0x4 
 .text          0x00005190       0x20 .\CortexM3\ARM_GCC_493\Debug\Node-Beaver.a(CyBootAsmGnu.o)
                0x00005190                CyDelayCycles
                0x000051a0                CyEnterCriticalSection
                0x000051a8                CyExitCriticalSection
 .text.CySetReg24
                0x000051b0       0x38 .\CortexM3\ARM_GCC_493\Debug\Node-Beaver.a(cyutils.o)
                0x000051b0                CySetReg24
 .text.USBUART_1_DispatchClassRqst
                0x000051e8       0x7c .\CortexM3\ARM_GCC_493\Debug\Node-Beaver.a(USBUART_1_cls.o)
                0x000051e8                USBUART_1_DispatchClassRqst
 .text.FS__SD_Format
                0x00005264      0x26c .\emFile_V322c\LinkLibrary\PSoC5\GCC\libemf32noslfn.a(FAT_FormatSD.o)
                0x00005264                FS__SD_Format
 .text.FS_FormatSD
                0x000054d0       0x10 .\emFile_V322c\LinkLibrary\PSoC5\GCC\libemf32noslfn.a(FAT_FormatSD.o)
                0x000054d0                FS_FormatSD
 .text._CopyString
                0x000054e0       0x1c .\emFile_V322c\LinkLibrary\PSoC5\GCC\libemf32noslfn.a(FAT_LFN.o)
 .text._CalcNumChar
                0x000054fc       0x1e .\emFile_V322c\LinkLibrary\PSoC5\GCC\libemf32noslfn.a(FAT_LFN.o)
 .text._WriteName
                0x0000551a       0x32 .\emFile_V322c\LinkLibrary\PSoC5\GCC\libemf32noslfn.a(FAT_LFN.o)
 .text._ToUpper
                0x0000554c       0x10 .\emFile_V322c\LinkLibrary\PSoC5\GCC\libemf32noslfn.a(FAT_LFN.o)
 .text._CompareChar
                0x0000555c       0x44 .\emFile_V322c\LinkLibrary\PSoC5\GCC\libemf32noslfn.a(FAT_LFN.o)
 .text._CalcCheckSum
                0x000055a0       0x24 .\emFile_V322c\LinkLibrary\PSoC5\GCC\libemf32noslfn.a(FAT_LFN.o)
 .text._SetDirPosIndex
                0x000055c4        0x8 .\emFile_V322c\LinkLibrary\PSoC5\GCC\libemf32noslfn.a(FAT_LFN.o)
 .text.FS_FAT_SupportLFN
                0x000055cc       0x10 .\emFile_V322c\LinkLibrary\PSoC5\GCC\libemf32noslfn.a(FAT_LFN.o)
                0x000055cc                FS_FAT_SupportLFN
 .text._LFN_DelLongEntry
                0x000055dc       0x5e .\emFile_V322c\LinkLibrary\PSoC5\GCC\libemf32noslfn.a(FAT_LFN.o)
 .text._CorrectTrail
                0x0000563a       0x28 .\emFile_V322c\LinkLibrary\PSoC5\GCC\libemf32noslfn.a(FAT_LFN.o)
 .text._CalcNumLongEntries
                0x00005662       0x16 .\emFile_V322c\LinkLibrary\PSoC5\GCC\libemf32noslfn.a(FAT_LFN.o)
 .text._ComputeLongDirEntry
                0x00005678       0x88 .\emFile_V322c\LinkLibrary\PSoC5\GCC\libemf32noslfn.a(FAT_LFN.o)
 .text._LFN_FindDirEntry
                0x00005700      0x146 .\emFile_V322c\LinkLibrary\PSoC5\GCC\libemf32noslfn.a(FAT_LFN.o)
 .text._GenerateShortEntry
                0x00005846       0xce .\emFile_V322c\LinkLibrary\PSoC5\GCC\libemf32noslfn.a(FAT_LFN.o)
 .text._LFN_ReadDirEntryInfo
                0x00005914      0x1c6 .\emFile_V322c\LinkLibrary\PSoC5\GCC\libemf32noslfn.a(FAT_LFN.o)
 .text._LFN_CreateDirEntry
                0x00005ada      0x2a4 .\emFile_V322c\LinkLibrary\PSoC5\GCC\libemf32noslfn.a(FAT_LFN.o)
 .text._ClusterId2FATOff
                0x00005d7e       0x18 .\emFile_V322c\LinkLibrary\PSoC5\GCC\libemf32noslfn.a(FAT_Misc.o)
 .text._CalcLogClusterPos
                0x00005d96        0xe .\emFile_V322c\LinkLibrary\PSoC5\GCC\libemf32noslfn.a(FAT_Misc.o)
 .text._ReadFromFreeClusterCache
                0x00005da4       0x46 .\emFile_V322c\LinkLibrary\PSoC5\GCC\libemf32noslfn.a(FAT_Misc.o)
 .text.FS_FAT_GetFATType
                0x00005dea       0x1a .\emFile_V322c\LinkLibrary\PSoC5\GCC\libemf32noslfn.a(FAT_Misc.o)
                0x00005dea                FS_FAT_GetFATType
 .text.FS_FAT_ClusterId2SectorNo
                0x00005e04        0xc .\emFile_V322c\LinkLibrary\PSoC5\GCC\libemf32noslfn.a(FAT_Misc.o)
                0x00005e04                FS_FAT_ClusterId2SectorNo
 .text.FS_FAT_IsValidShortNameChar
                0x00005e10       0x34 .\emFile_V322c\LinkLibrary\PSoC5\GCC\libemf32noslfn.a(FAT_Misc.o)
                0x00005e10                FS_FAT_IsValidShortNameChar
 .text.FS_FAT_CopyShortName
                0x00005e44       0x56 .\emFile_V322c\LinkLibrary\PSoC5\GCC\libemf32noslfn.a(FAT_Misc.o)
                0x00005e44                FS_FAT_CopyShortName
 .text._SFN_CreateDirEntry
                0x00005e9a       0x5a .\emFile_V322c\LinkLibrary\PSoC5\GCC\libemf32noslfn.a(FAT_Misc.o)
 .text._SFN_FindDirEntry
                0x00005ef4       0x10 .\emFile_V322c\LinkLibrary\PSoC5\GCC\libemf32noslfn.a(FAT_Misc.o)
 .text.FS_FAT_FindDirEntry
                0x00005f04       0x60 .\emFile_V322c\LinkLibrary\PSoC5\GCC\libemf32noslfn.a(FAT_Misc.o)
                0x00005f04                FS_FAT_FindDirEntry
 .text.FS_FAT_CopyDirEntryInfo
                0x00005f64       0x50 .\emFile_V322c\LinkLibrary\PSoC5\GCC\libemf32noslfn.a(FAT_Misc.o)
                0x00005f64                FS_FAT_CopyDirEntryInfo
 .text._SFN_ReadDirEntryInfo
                0x00005fb4       0x6e .\emFile_V322c\LinkLibrary\PSoC5\GCC\libemf32noslfn.a(FAT_Misc.o)
 .text._SetFATSector
                0x00006022        0x6 .\emFile_V322c\LinkLibrary\PSoC5\GCC\libemf32noslfn.a(FAT_Misc.o)
 .text.FS_FAT_ReadFATEntry
                0x00006028       0xb2 .\emFile_V322c\LinkLibrary\PSoC5\GCC\libemf32noslfn.a(FAT_Misc.o)
                0x00006028                FS_FAT_ReadFATEntry
 *fill*         0x000060da        0x2 
 .text.FS_FAT_GetNumAdjClustersInChain
                0x000060dc       0x64 .\emFile_V322c\LinkLibrary\PSoC5\GCC\libemf32noslfn.a(FAT_Misc.o)
                0x000060dc                FS_FAT_GetNumAdjClustersInChain
 .text.FS_FAT_WalkClusterEx
                0x00006140       0x5c .\emFile_V322c\LinkLibrary\PSoC5\GCC\libemf32noslfn.a(FAT_Misc.o)
                0x00006140                FS_FAT_WalkClusterEx
 .text.FS_FAT_GotoCluster
                0x0000619c       0x88 .\emFile_V322c\LinkLibrary\PSoC5\GCC\libemf32noslfn.a(FAT_Misc.o)
                0x0000619c                FS_FAT_GotoCluster
 .text.FS_FAT_WalkCluster
                0x00006224       0x18 .\emFile_V322c\LinkLibrary\PSoC5\GCC\libemf32noslfn.a(FAT_Misc.o)
                0x00006224                FS_FAT_WalkCluster
 .text.FS_FAT_FindLastCluster
                0x0000623c       0x34 .\emFile_V322c\LinkLibrary\PSoC5\GCC\libemf32noslfn.a(FAT_Misc.o)
                0x0000623c                FS_FAT_FindLastCluster
 .text._WriteFATEntry
                0x00006270      0x18e .\emFile_V322c\LinkLibrary\PSoC5\GCC\libemf32noslfn.a(FAT_Misc.o)
 .text.FS_FAT_MarkClusterEOC
                0x000063fe        0x8 .\emFile_V322c\LinkLibrary\PSoC5\GCC\libemf32noslfn.a(FAT_Misc.o)
                0x000063fe                FS_FAT_MarkClusterEOC
 .text.FS_FAT_SyncFAT
                0x00006406       0x3c .\emFile_V322c\LinkLibrary\PSoC5\GCC\libemf32noslfn.a(FAT_Misc.o)
                0x00006406                FS_FAT_SyncFAT
 .text.FS_FAT_LinkCluster
                0x00006442       0x1c .\emFile_V322c\LinkLibrary\PSoC5\GCC\libemf32noslfn.a(FAT_Misc.o)
                0x00006442                FS_FAT_LinkCluster
 *fill*         0x0000645e        0x2 
 .text._CalcFreeClusterCnt
                0x00006460       0x88 .\emFile_V322c\LinkLibrary\PSoC5\GCC\libemf32noslfn.a(FAT_Misc.o)
 .text.FS_FAT_FindFreeCluster
                0x000064e8       0xa8 .\emFile_V322c\LinkLibrary\PSoC5\GCC\libemf32noslfn.a(FAT_Misc.o)
                0x000064e8                FS_FAT_FindFreeCluster
 .text.FS_FAT_AllocCluster
                0x00006590       0x20 .\emFile_V322c\LinkLibrary\PSoC5\GCC\libemf32noslfn.a(FAT_Misc.o)
                0x00006590                FS_FAT_AllocCluster
 .text._WriteEmptyFATSectors
                0x000065b0       0x3c .\emFile_V322c\LinkLibrary\PSoC5\GCC\libemf32noslfn.a(FAT_Misc.o)
 .text.FS_FAT_FreeClusterChain
                0x000065ec       0xe0 .\emFile_V322c\LinkLibrary\PSoC5\GCC\libemf32noslfn.a(FAT_Misc.o)
                0x000065ec                FS_FAT_FreeClusterChain
 .text.FS_FAT_CheckBPB
                0x000066cc      0x1cc .\emFile_V322c\LinkLibrary\PSoC5\GCC\libemf32noslfn.a(FAT_Misc.o)
                0x000066cc                FS_FAT_CheckBPB
 .text.FS_FAT_InitDirEntryScan
                0x00006898       0x14 .\emFile_V322c\LinkLibrary\PSoC5\GCC\libemf32noslfn.a(FAT_Open.o)
                0x00006898                FS_FAT_InitDirEntryScan
 .text.FS_FAT_IncDirPos
                0x000068ac        0x8 .\emFile_V322c\LinkLibrary\PSoC5\GCC\libemf32noslfn.a(FAT_Open.o)
                0x000068ac                FS_FAT_IncDirPos
 .text._CopyDirText
                0x000068b4       0x44 .\emFile_V322c\LinkLibrary\PSoC5\GCC\libemf32noslfn.a(FAT_Open.o)
 .text.FS_FAT_Make83Name
                0x000068f8       0xb0 .\emFile_V322c\LinkLibrary\PSoC5\GCC\libemf32noslfn.a(FAT_Open.o)
                0x000068f8                FS_FAT_Make83Name
 .text.FS_FAT_GetDirEntry
                0x000069a8       0xb2 .\emFile_V322c\LinkLibrary\PSoC5\GCC\libemf32noslfn.a(FAT_Open.o)
                0x000069a8                FS_FAT_GetDirEntry
 .text.FS_FAT_FindDirEntryShortEx
                0x00006a5a       0x5a .\emFile_V322c\LinkLibrary\PSoC5\GCC\libemf32noslfn.a(FAT_Open.o)
                0x00006a5a                FS_FAT_FindDirEntryShortEx
 .text.FS_FAT_FindDirEntryShort
                0x00006ab4       0x36 .\emFile_V322c\LinkLibrary\PSoC5\GCC\libemf32noslfn.a(FAT_Open.o)
                0x00006ab4                FS_FAT_FindDirEntryShort
 .text.FS_FAT_FindEmptyDirEntry
                0x00006aea       0xb0 .\emFile_V322c\LinkLibrary\PSoC5\GCC\libemf32noslfn.a(FAT_Open.o)
                0x00006aea                FS_FAT_FindEmptyDirEntry
 .text.FS_FAT_GetFirstCluster
                0x00006b9a       0x1a .\emFile_V322c\LinkLibrary\PSoC5\GCC\libemf32noslfn.a(FAT_Open.o)
                0x00006b9a                FS_FAT_GetFirstCluster
 .text.FS_FAT_FindPath
                0x00006bb4       0x7a .\emFile_V322c\LinkLibrary\PSoC5\GCC\libemf32noslfn.a(FAT_Open.o)
                0x00006bb4                FS_FAT_FindPath
 .text.FS_FAT_DeleteFileOrDir
                0x00006c2e       0x48 .\emFile_V322c\LinkLibrary\PSoC5\GCC\libemf32noslfn.a(FAT_Open.o)
                0x00006c2e                FS_FAT_DeleteFileOrDir
 *fill*         0x00006c76        0x2 
 .text.FS_FAT_Open
                0x00006c78      0x1dc .\emFile_V322c\LinkLibrary\PSoC5\GCC\libemf32noslfn.a(FAT_Open.o)
                0x00006c78                FS_FAT_Open
 .text.FS_FAT_WriteDirEntryCluster
                0x00006e54       0x1c .\emFile_V322c\LinkLibrary\PSoC5\GCC\libemf32noslfn.a(FAT_Open.o)
                0x00006e54                FS_FAT_WriteDirEntryCluster
 .text.FS_FAT_WriteDirEntry83
                0x00006e70       0x6c .\emFile_V322c\LinkLibrary\PSoC5\GCC\libemf32noslfn.a(FAT_Open.o)
                0x00006e70                FS_FAT_WriteDirEntry83
 .text.FS_FAT_Clean
                0x00006edc       0x54 .\emFile_V322c\LinkLibrary\PSoC5\GCC\libemf32noslfn.a(FAT_Write.o)
                0x00006edc                FS_FAT_Clean
 .text._WriteBurst
                0x00006f30       0x24 .\emFile_V322c\LinkLibrary\PSoC5\GCC\libemf32noslfn.a(FAT_Write.o)
 .text.FS_FAT_GotoClusterAllocIfReq
                0x00006f54       0xa8 .\emFile_V322c\LinkLibrary\PSoC5\GCC\libemf32noslfn.a(FAT_Write.o)
                0x00006f54                FS_FAT_GotoClusterAllocIfReq
 .text.FS_FAT_UpdateDirEntry
                0x00006ffc       0x68 .\emFile_V322c\LinkLibrary\PSoC5\GCC\libemf32noslfn.a(FAT_Write.o)
                0x00006ffc                FS_FAT_UpdateDirEntry
 .text.FS_FAT_Close
                0x00007064       0x44 .\emFile_V322c\LinkLibrary\PSoC5\GCC\libemf32noslfn.a(FAT_Write.o)
                0x00007064                FS_FAT_Close
 .text.FS_FAT_Write
                0x000070a8      0x1c8 .\emFile_V322c\LinkLibrary\PSoC5\GCC\libemf32noslfn.a(FAT_Write.o)
                0x000070a8                FS_FAT_Write
 .text.FS__GetFileAttributes
                0x00007270       0x38 .\emFile_V322c\LinkLibrary\PSoC5\GCC\libemf32noslfn.a(FS_Attrib.o)
                0x00007270                FS__GetFileAttributes
 .text.FS_GetFileAttributes
                0x000072a8        0x4 .\emFile_V322c\LinkLibrary\PSoC5\GCC\libemf32noslfn.a(FS_Attrib.o)
                0x000072a8                FS_GetFileAttributes
 .text.FS__CLIB_memcmp
                0x000072ac       0x20 .\emFile_V322c\LinkLibrary\PSoC5\GCC\libemf32noslfn.a(FS_CLib.o)
                0x000072ac                FS__CLIB_memcmp
 .text.FS__CLIB_memset
                0x000072cc       0x6c .\emFile_V322c\LinkLibrary\PSoC5\GCC\libemf32noslfn.a(FS_CLib.o)
                0x000072cc                FS__CLIB_memset
 .text.FS__CLIB_strcmp
                0x00007338       0x1a .\emFile_V322c\LinkLibrary\PSoC5\GCC\libemf32noslfn.a(FS_CLib.o)
                0x00007338                FS__CLIB_strcmp
 .text.FS__CLIB_strlen
                0x00007352       0x10 .\emFile_V322c\LinkLibrary\PSoC5\GCC\libemf32noslfn.a(FS_CLib.o)
                0x00007352                FS__CLIB_strlen
 .text.FS__CLIB_strncmp
                0x00007362       0x26 .\emFile_V322c\LinkLibrary\PSoC5\GCC\libemf32noslfn.a(FS_CLib.o)
                0x00007362                FS__CLIB_strncmp
 .text.FS__CLIB_strncpy
                0x00007388       0x2e .\emFile_V322c\LinkLibrary\PSoC5\GCC\libemf32noslfn.a(FS_CLib.o)
                0x00007388                FS__CLIB_strncpy
 .text.FS__CLIB_toupper
                0x000073b6        0xe .\emFile_V322c\LinkLibrary\PSoC5\GCC\libemf32noslfn.a(FS_CLib.o)
                0x000073b6                FS__CLIB_toupper
 .text.FS__DivideU32Up
                0x000073c4        0xa .\emFile_V322c\LinkLibrary\PSoC5\GCC\libemf32noslfn.a(FS_Core.o)
                0x000073c4                FS__DivideU32Up
 .text.FS__strchr
                0x000073ce       0x14 .\emFile_V322c\LinkLibrary\PSoC5\GCC\libemf32noslfn.a(FS_Core.o)
                0x000073ce                FS__strchr
 .text.FS_LoadU32BE
                0x000073e2       0x18 .\emFile_V322c\LinkLibrary\PSoC5\GCC\libemf32noslfn.a(FS_Core.o)
                0x000073e2                FS_LoadU32BE
 .text.FS_LoadU32LE
                0x000073fa       0x16 .\emFile_V322c\LinkLibrary\PSoC5\GCC\libemf32noslfn.a(FS_Core.o)
                0x000073fa                FS_LoadU32LE
 .text.FS_StoreU32LE
                0x00007410       0x14 .\emFile_V322c\LinkLibrary\PSoC5\GCC\libemf32noslfn.a(FS_Core.o)
                0x00007410                FS_StoreU32LE
 .text.FS_StoreU16LE
                0x00007424        0x8 .\emFile_V322c\LinkLibrary\PSoC5\GCC\libemf32noslfn.a(FS_Core.o)
                0x00007424                FS_StoreU16LE
 .text.FS_LoadU16LE
                0x0000742c        0xa .\emFile_V322c\LinkLibrary\PSoC5\GCC\libemf32noslfn.a(FS_Core.o)
                0x0000742c                FS_LoadU16LE
 *fill*         0x00007436        0x2 
 .text._Alloc   0x00007438       0x30 .\emFile_V322c\LinkLibrary\PSoC5\GCC\libemf32noslfn.a(FS_Core.o)
 .text.FS_Alloc
                0x00007468        0xc .\emFile_V322c\LinkLibrary\PSoC5\GCC\libemf32noslfn.a(FS_Core.o)
                0x00007468                FS_Alloc
 .text.FS_TryAlloc
                0x00007474        0x4 .\emFile_V322c\LinkLibrary\PSoC5\GCC\libemf32noslfn.a(FS_Core.o)
                0x00007474                FS_TryAlloc
 .text.FS_Free  0x00007478       0x1c .\emFile_V322c\LinkLibrary\PSoC5\GCC\libemf32noslfn.a(FS_Core.o)
                0x00007478                FS_Free
 .text.FS_AssignMemory
                0x00007494        0xc .\emFile_V322c\LinkLibrary\PSoC5\GCC\libemf32noslfn.a(FS_Core.o)
                0x00007494                FS_AssignMemory
 .text.FS_AllocZeroed
                0x000074a0       0x16 .\emFile_V322c\LinkLibrary\PSoC5\GCC\libemf32noslfn.a(FS_Core.o)
                0x000074a0                FS_AllocZeroed
 *fill*         0x000074b6        0x2 
 .text.FS_STORAGE_Init
                0x000074b8       0x28 .\emFile_V322c\LinkLibrary\PSoC5\GCC\libemf32noslfn.a(FS_Core.o)
                0x000074b8                FS_STORAGE_Init
 .text.FS__MkDir
                0x000074e0       0x24 .\emFile_V322c\LinkLibrary\PSoC5\GCC\libemf32noslfn.a(FS_Dir.o)
                0x000074e0                FS__MkDir
 .text.FS_MkDir
                0x00007504        0x4 .\emFile_V322c\LinkLibrary\PSoC5\GCC\libemf32noslfn.a(FS_Dir.o)
                0x00007504                FS_MkDir
 .text._ClrBusyLED
                0x00007508        0xc .\emFile_V322c\LinkLibrary\PSoC5\GCC\libemf32noslfn.a(FS_LogBlock.o)
 .text._SetBusyLED
                0x00007514        0xc .\emFile_V322c\LinkLibrary\PSoC5\GCC\libemf32noslfn.a(FS_LogBlock.o)
 .text._Read    0x00007520        0xc .\emFile_V322c\LinkLibrary\PSoC5\GCC\libemf32noslfn.a(FS_LogBlock.o)
 .text._Write   0x0000752c       0x12 .\emFile_V322c\LinkLibrary\PSoC5\GCC\libemf32noslfn.a(FS_LogBlock.o)
 .text.FS_LB_GetStatus
                0x0000753e        0xc .\emFile_V322c\LinkLibrary\PSoC5\GCC\libemf32noslfn.a(FS_LogBlock.o)
                0x0000753e                FS_LB_GetStatus
 .text.FS_LB_InitMedium
                0x0000754a       0x1a .\emFile_V322c\LinkLibrary\PSoC5\GCC\libemf32noslfn.a(FS_LogBlock.o)
                0x0000754a                FS_LB_InitMedium
 .text.FS_LB_InitMediumIfRequired
                0x00007564       0x10 .\emFile_V322c\LinkLibrary\PSoC5\GCC\libemf32noslfn.a(FS_LogBlock.o)
                0x00007564                FS_LB_InitMediumIfRequired
 .text.FS_LB_ReadDevice
                0x00007574       0x2e .\emFile_V322c\LinkLibrary\PSoC5\GCC\libemf32noslfn.a(FS_LogBlock.o)
                0x00007574                FS_LB_ReadDevice
 .text.FS_LB_ReadPart
                0x000075a2        0xe .\emFile_V322c\LinkLibrary\PSoC5\GCC\libemf32noslfn.a(FS_LogBlock.o)
                0x000075a2                FS_LB_ReadPart
 .text.FS_LB_ReadBurst
                0x000075b0       0x38 .\emFile_V322c\LinkLibrary\PSoC5\GCC\libemf32noslfn.a(FS_LogBlock.o)
                0x000075b0                FS_LB_ReadBurst
 .text.FS_LB_ReadBurstPart
                0x000075e8       0x14 .\emFile_V322c\LinkLibrary\PSoC5\GCC\libemf32noslfn.a(FS_LogBlock.o)
                0x000075e8                FS_LB_ReadBurstPart
 .text.FS_LB_WriteBurst
                0x000075fc       0x30 .\emFile_V322c\LinkLibrary\PSoC5\GCC\libemf32noslfn.a(FS_LogBlock.o)
                0x000075fc                FS_LB_WriteBurst
 .text.FS_LB_WriteBurstPart
                0x0000762c       0x14 .\emFile_V322c\LinkLibrary\PSoC5\GCC\libemf32noslfn.a(FS_LogBlock.o)
                0x0000762c                FS_LB_WriteBurstPart
 .text.FS_LB_WriteMultiple
                0x00007640       0x30 .\emFile_V322c\LinkLibrary\PSoC5\GCC\libemf32noslfn.a(FS_LogBlock.o)
                0x00007640                FS_LB_WriteMultiple
 .text.FS_LB_WriteMultiplePart
                0x00007670       0x14 .\emFile_V322c\LinkLibrary\PSoC5\GCC\libemf32noslfn.a(FS_LogBlock.o)
                0x00007670                FS_LB_WriteMultiplePart
 .text.FS_LB_WriteDevice
                0x00007684       0x36 .\emFile_V322c\LinkLibrary\PSoC5\GCC\libemf32noslfn.a(FS_LogBlock.o)
                0x00007684                FS_LB_WriteDevice
 .text.FS_LB_WritePart
                0x000076ba        0xe .\emFile_V322c\LinkLibrary\PSoC5\GCC\libemf32noslfn.a(FS_LogBlock.o)
                0x000076ba                FS_LB_WritePart
 .text.FS_LB_Ioctl
                0x000076c8       0x2a .\emFile_V322c\LinkLibrary\PSoC5\GCC\libemf32noslfn.a(FS_LogBlock.o)
                0x000076c8                FS_LB_Ioctl
 .text.FS_GetSectorSize
                0x000076f2       0x28 .\emFile_V322c\LinkLibrary\PSoC5\GCC\libemf32noslfn.a(FS_LogBlock.o)
                0x000076f2                FS_GetSectorSize
 .text.FS_LB_GetDeviceInfo
                0x0000771a       0x26 .\emFile_V322c\LinkLibrary\PSoC5\GCC\libemf32noslfn.a(FS_LogBlock.o)
                0x0000771a                FS_LB_GetDeviceInfo
 .text.FS_memcpy
                0x00007740      0x120 .\emFile_V322c\LinkLibrary\PSoC5\GCC\libemf32noslfn.a(FS_memcpy.o)
                0x00007740                FS_memcpy
 .text._CalcSizeInKB
                0x00007860       0x14 .\emFile_V322c\LinkLibrary\PSoC5\GCC\libemf32noslfn.a(FS_Misc.o)
 .text.FS__AllocSectorBuffer
                0x00007874       0x2c .\emFile_V322c\LinkLibrary\PSoC5\GCC\libemf32noslfn.a(FS_Misc.o)
                0x00007874                FS__AllocSectorBuffer
 .text.FS__FreeSectorBuffer
                0x000078a0       0x28 .\emFile_V322c\LinkLibrary\PSoC5\GCC\libemf32noslfn.a(FS_Misc.o)
                0x000078a0                FS__FreeSectorBuffer
 .text.FS__SB_MarkDirty
                0x000078c8        0x6 .\emFile_V322c\LinkLibrary\PSoC5\GCC\libemf32noslfn.a(FS_Misc.o)
                0x000078c8                FS__SB_MarkDirty
 .text.FS__SB_MarkNotDirty
                0x000078ce        0x6 .\emFile_V322c\LinkLibrary\PSoC5\GCC\libemf32noslfn.a(FS_Misc.o)
                0x000078ce                FS__SB_MarkNotDirty
 .text.FS__FreeFileHandle
                0x000078d4        0xa .\emFile_V322c\LinkLibrary\PSoC5\GCC\libemf32noslfn.a(FS_Misc.o)
                0x000078d4                FS__FreeFileHandle
 .text.FS__FreeFileObj
                0x000078de        0xc .\emFile_V322c\LinkLibrary\PSoC5\GCC\libemf32noslfn.a(FS_Misc.o)
                0x000078de                FS__FreeFileObj
 .text.FS__CalcSizeInBytes
                0x000078ea       0x20 .\emFile_V322c\LinkLibrary\PSoC5\GCC\libemf32noslfn.a(FS_Misc.o)
                0x000078ea                FS__CalcSizeInBytes
 *fill*         0x0000790a        0x2 
 .text.FS_SetFileWriteMode
                0x0000790c        0xc .\emFile_V322c\LinkLibrary\PSoC5\GCC\libemf32noslfn.a(FS_Misc.o)
                0x0000790c                FS_SetFileWriteMode
 .text.FS_Init  0x00007918       0x58 .\emFile_V322c\LinkLibrary\PSoC5\GCC\libemf32noslfn.a(FS_Misc.o)
                0x00007918                FS_Init
 .text.FS__SB_Create
                0x00007970       0x28 .\emFile_V322c\LinkLibrary\PSoC5\GCC\libemf32noslfn.a(FS_Misc.o)
                0x00007970                FS__SB_Create
 .text.FS__FCloseNL
                0x00007998       0x1e .\emFile_V322c\LinkLibrary\PSoC5\GCC\libemf32noslfn.a(FS_Misc.o)
                0x00007998                FS__FCloseNL
 .text.FS__FClose
                0x000079b6       0x1a .\emFile_V322c\LinkLibrary\PSoC5\GCC\libemf32noslfn.a(FS_Misc.o)
                0x000079b6                FS__FClose
 .text.FS_FClose
                0x000079d0        0xa .\emFile_V322c\LinkLibrary\PSoC5\GCC\libemf32noslfn.a(FS_Misc.o)
                0x000079d0                FS_FClose
 *fill*         0x000079da        0x2 
 .text.FS__AllocFileObj
                0x000079dc       0x48 .\emFile_V322c\LinkLibrary\PSoC5\GCC\libemf32noslfn.a(FS_Misc.o)
                0x000079dc                FS__AllocFileObj
 .text.FS__AllocFileHandle
                0x00007a24       0x40 .\emFile_V322c\LinkLibrary\PSoC5\GCC\libemf32noslfn.a(FS_Misc.o)
                0x00007a24                FS__AllocFileHandle
 .text.FS__OpenEx
                0x00007a64       0x58 .\emFile_V322c\LinkLibrary\PSoC5\GCC\libemf32noslfn.a(FS_Misc.o)
                0x00007a64                FS__OpenEx
 .text.FS__FOpenEx
                0x00007abc       0x56 .\emFile_V322c\LinkLibrary\PSoC5\GCC\libemf32noslfn.a(FS_Misc.o)
                0x00007abc                FS__FOpenEx
 *fill*         0x00007b12        0x2 
 .text.FS__FOpen
                0x00007b14       0x48 .\emFile_V322c\LinkLibrary\PSoC5\GCC\libemf32noslfn.a(FS_Misc.o)
                0x00007b14                FS__FOpen
 .text.FS_FOpen
                0x00007b5c        0x4 .\emFile_V322c\LinkLibrary\PSoC5\GCC\libemf32noslfn.a(FS_Misc.o)
                0x00007b5c                FS_FOpen
 .text.FS__Remove
                0x00007b60       0x28 .\emFile_V322c\LinkLibrary\PSoC5\GCC\libemf32noslfn.a(FS_Misc.o)
                0x00007b60                FS__Remove
 .text.FS_Remove
                0x00007b88        0x4 .\emFile_V322c\LinkLibrary\PSoC5\GCC\libemf32noslfn.a(FS_Misc.o)
                0x00007b88                FS_Remove
 .text.FS__SB_Write
                0x00007b8c       0x24 .\emFile_V322c\LinkLibrary\PSoC5\GCC\libemf32noslfn.a(FS_Misc.o)
                0x00007b8c                FS__SB_Write
 .text._SB_Clean
                0x00007bb0       0x24 .\emFile_V322c\LinkLibrary\PSoC5\GCC\libemf32noslfn.a(FS_Misc.o)
 .text.FS__SB_SetSector
                0x00007bd4       0x20 .\emFile_V322c\LinkLibrary\PSoC5\GCC\libemf32noslfn.a(FS_Misc.o)
                0x00007bd4                FS__SB_SetSector
 .text.FS__SB_MarkValid
                0x00007bf4       0x10 .\emFile_V322c\LinkLibrary\PSoC5\GCC\libemf32noslfn.a(FS_Misc.o)
                0x00007bf4                FS__SB_MarkValid
 .text.FS__SB_Clean
                0x00007c04        0x4 .\emFile_V322c\LinkLibrary\PSoC5\GCC\libemf32noslfn.a(FS_Misc.o)
                0x00007c04                FS__SB_Clean
 .text.FS__SB_Delete
                0x00007c08       0x12 .\emFile_V322c\LinkLibrary\PSoC5\GCC\libemf32noslfn.a(FS_Misc.o)
                0x00007c08                FS__SB_Delete
 .text.FS__SB_Flush
                0x00007c1a        0x8 .\emFile_V322c\LinkLibrary\PSoC5\GCC\libemf32noslfn.a(FS_Misc.o)
                0x00007c1a                FS__SB_Flush
 .text.FS__SB_Read
                0x00007c22       0x2a .\emFile_V322c\LinkLibrary\PSoC5\GCC\libemf32noslfn.a(FS_Misc.o)
                0x00007c22                FS__SB_Read
 .text.FS__Read
                0x00007c4c       0x2e .\emFile_V322c\LinkLibrary\PSoC5\GCC\libemf32noslfn.a(FS_Read.o)
                0x00007c4c                FS__Read
 .text.FS_Read  0x00007c7a        0x4 .\emFile_V322c\LinkLibrary\PSoC5\GCC\libemf32noslfn.a(FS_Read.o)
                0x00007c7a                FS_Read
 .text.FS__AddPhysDevice
                0x00007c7e       0x10 .\emFile_V322c\LinkLibrary\PSoC5\GCC\libemf32noslfn.a(FS_Storage.o)
                0x00007c7e                FS__AddPhysDevice
 *fill*         0x00007c8e        0x2 
 .text.FS_GetNumVolumes
                0x00007c90        0xc .\emFile_V322c\LinkLibrary\PSoC5\GCC\libemf32noslfn.a(FS_Storage.o)
                0x00007c90                FS_GetNumVolumes
 .text.FS__FindVolume
                0x00007c9c       0x78 .\emFile_V322c\LinkLibrary\PSoC5\GCC\libemf32noslfn.a(FS_Storage.o)
                0x00007c9c                FS__FindVolume
 .text.FS__AddDevice
                0x00007d14       0x68 .\emFile_V322c\LinkLibrary\PSoC5\GCC\libemf32noslfn.a(FS_Storage.o)
                0x00007d14                FS__AddDevice
 .text.FS_AddDevice
                0x00007d7c        0x4 .\emFile_V322c\LinkLibrary\PSoC5\GCC\libemf32noslfn.a(FS_Storage.o)
                0x00007d7c                FS_AddDevice
 .text.FS__IoCtlNL
                0x00007d80       0x36 .\emFile_V322c\LinkLibrary\PSoC5\GCC\libemf32noslfn.a(FS_Storage.o)
                0x00007d80                FS__IoCtlNL
 .text.FS__IoCtl
                0x00007db6        0xa .\emFile_V322c\LinkLibrary\PSoC5\GCC\libemf32noslfn.a(FS_Storage.o)
                0x00007db6                FS__IoCtl
 .text.FS__STORAGE_Sync
                0x00007dc0       0x10 .\emFile_V322c\LinkLibrary\PSoC5\GCC\libemf32noslfn.a(FS_Storage.o)
                0x00007dc0                FS__STORAGE_Sync
 .text.FS_FileTimeToTimeStamp
                0x00007dd0       0x34 .\emFile_V322c\LinkLibrary\PSoC5\GCC\libemf32noslfn.a(FS_Time.o)
                0x00007dd0                FS_FileTimeToTimeStamp
 .text.FS__SetFileTimeEx
                0x00007e04       0x44 .\emFile_V322c\LinkLibrary\PSoC5\GCC\libemf32noslfn.a(FS_Time.o)
                0x00007e04                FS__SetFileTimeEx
 .text.FS_SetFileTime
                0x00007e48        0x6 .\emFile_V322c\LinkLibrary\PSoC5\GCC\libemf32noslfn.a(FS_Time.o)
                0x00007e48                FS_SetFileTime
 *fill*         0x00007e4e        0x2 
 .text.FS__UnmountForcedNL
                0x00007e50       0x54 .\emFile_V322c\LinkLibrary\PSoC5\GCC\libemf32noslfn.a(FS_Unmount.o)
                0x00007e50                FS__UnmountForcedNL
 .text.FS__UnmountForced
                0x00007ea4        0x4 .\emFile_V322c\LinkLibrary\PSoC5\GCC\libemf32noslfn.a(FS_Unmount.o)
                0x00007ea4                FS__UnmountForced
 .text.FS__Unmount
                0x00007ea8       0x60 .\emFile_V322c\LinkLibrary\PSoC5\GCC\libemf32noslfn.a(FS_Unmount.o)
                0x00007ea8                FS__Unmount
 .text.FS_Unmount
                0x00007f08       0x14 .\emFile_V322c\LinkLibrary\PSoC5\GCC\libemf32noslfn.a(FS_Unmount.o)
                0x00007f08                FS_Unmount
 .text.FS__Sync
                0x00007f1c       0x40 .\emFile_V322c\LinkLibrary\PSoC5\GCC\libemf32noslfn.a(FS_Volume.o)
                0x00007f1c                FS__Sync
 .text.FS_Sync  0x00007f5c       0x16 .\emFile_V322c\LinkLibrary\PSoC5\GCC\libemf32noslfn.a(FS_Volume.o)
                0x00007f5c                FS_Sync
 .text._Mount   0x00007f72       0x2e .\emFile_V322c\LinkLibrary\PSoC5\GCC\libemf32noslfn.a(FS_Volume.o)
 .text.FS__AutoMount
                0x00007fa0       0x14 .\emFile_V322c\LinkLibrary\PSoC5\GCC\libemf32noslfn.a(FS_Volume.o)
                0x00007fa0                FS__AutoMount
 .text._GetVolumeInfoEx
                0x00007fb4       0x30 .\emFile_V322c\LinkLibrary\PSoC5\GCC\libemf32noslfn.a(FS_Volume.o)
 .text.FS__GetVolumeInfoEx
                0x00007fe4       0x24 .\emFile_V322c\LinkLibrary\PSoC5\GCC\libemf32noslfn.a(FS_Volume.o)
                0x00007fe4                FS__GetVolumeInfoEx
 .text.FS_GetVolumeSize
                0x00008008       0x28 .\emFile_V322c\LinkLibrary\PSoC5\GCC\libemf32noslfn.a(FS_Volume.o)
                0x00008008                FS_GetVolumeSize
 .text.FS__Write
                0x00008030       0x3a .\emFile_V322c\LinkLibrary\PSoC5\GCC\libemf32noslfn.a(FS_Write.o)
                0x00008030                FS__Write
 .text.FS_Write
                0x0000806a        0x4 .\emFile_V322c\LinkLibrary\PSoC5\GCC\libemf32noslfn.a(FS_Write.o)
                0x0000806a                FS_Write
 *fill*         0x0000806e        0x2 
 .text.FS_FAT_CreateDirEx
                0x00008070      0x110 .\emFile_V322c\LinkLibrary\PSoC5\GCC\libemf32noslfn.a(FAT_Dir.o)
                0x00008070                FS_FAT_CreateDirEx
 .text.FS_FAT_CreateDir
                0x00008180       0x64 .\emFile_V322c\LinkLibrary\PSoC5\GCC\libemf32noslfn.a(FAT_Dir.o)
                0x00008180                FS_FAT_CreateDir
 .text.FS_FAT_SetDirEntryInfo
                0x000081e4       0xb2 .\emFile_V322c\LinkLibrary\PSoC5\GCC\libemf32noslfn.a(FAT_DirEntry.o)
                0x000081e4                FS_FAT_SetDirEntryInfo
 .text.FS_FAT_GetDirEntryInfo
                0x00008296       0x90 .\emFile_V322c\LinkLibrary\PSoC5\GCC\libemf32noslfn.a(FAT_DirEntry.o)
                0x00008296                FS_FAT_GetDirEntryInfo
 .text.FS_FAT_GetDiskInfo
                0x00008326       0x84 .\emFile_V322c\LinkLibrary\PSoC5\GCC\libemf32noslfn.a(FAT_DiskInfo.o)
                0x00008326                FS_FAT_GetDiskInfo
 *fill*         0x000083aa        0x2 
 .text.T.32     0x000083ac      0x400 .\emFile_V322c\LinkLibrary\PSoC5\GCC\libemf32noslfn.a(FAT_Format.o)
 .text._AutoFormat
                0x000087ac       0x7c .\emFile_V322c\LinkLibrary\PSoC5\GCC\libemf32noslfn.a(FAT_Format.o)
 .text.FS_FAT_FormatEx
                0x00008828       0x74 .\emFile_V322c\LinkLibrary\PSoC5\GCC\libemf32noslfn.a(FAT_Format.o)
                0x00008828                FS_FAT_FormatEx
 .text._ReadBurst
                0x0000889c       0x24 .\emFile_V322c\LinkLibrary\PSoC5\GCC\libemf32noslfn.a(FAT_Read.o)
 .text.FS_FAT_Read
                0x000088c0      0x194 .\emFile_V322c\LinkLibrary\PSoC5\GCC\libemf32noslfn.a(FAT_Read.o)
                0x000088c0                FS_FAT_Read
 .text._IsBPB   0x00008a54       0x1e .\emFile_V322c\LinkLibrary\PSoC5\GCC\libemf32noslfn.a(FS_Partition.o)
 .text._HasSignature
                0x00008a72       0x18 .\emFile_V322c\LinkLibrary\PSoC5\GCC\libemf32noslfn.a(FS_Partition.o)
 .text._GetPartitionStartSector
                0x00008a8a        0xc .\emFile_V322c\LinkLibrary\PSoC5\GCC\libemf32noslfn.a(FS_Partition.o)
 .text.FS__GetMediaStartSecEx
                0x00008a96       0x6e .\emFile_V322c\LinkLibrary\PSoC5\GCC\libemf32noslfn.a(FS_Partition.o)
                0x00008a96                FS__GetMediaStartSecEx
 .text.FS__LocatePartition
                0x00008b04       0x44 .\emFile_V322c\LinkLibrary\PSoC5\GCC\libemf32noslfn.a(FS_Partition.o)
                0x00008b04                FS__LocatePartition
 .text.FS_X_AddDevices
                0x00008b48       0x20 .\CortexM3\ARM_GCC_493\Debug\Node-Beaver.a(emFile_1_ConfigMMC_SPI.o)
                0x00008b48                FS_X_AddDevices
 .text.FS_X_GetTimeDate
                0x00008b68       0x58 .\CortexM3\ARM_GCC_493\Debug\Node-Beaver.a(emFile_1_ConfigMMC_SPI.o)
                0x00008b68                FS_X_GetTimeDate
 .text._CalcDataCRC16Dummy
                0x00008bc0        0x6 .\emFile_V322c\LinkLibrary\PSoC5\GCC\libemf32noslfn.a(MMC_Drv.o)
 *fill*         0x00008bc6        0x2 
 .text._MMC_GetNumUnits
                0x00008bc8        0xc .\emFile_V322c\LinkLibrary\PSoC5\GCC\libemf32noslfn.a(MMC_Drv.o)
 .text._MMC_GetDriverName
                0x00008bd4        0x8 .\emFile_V322c\LinkLibrary\PSoC5\GCC\libemf32noslfn.a(MMC_Drv.o)
 .text._MMC_GetStatus
                0x00008bdc        0x4 .\emFile_V322c\LinkLibrary\PSoC5\GCC\libemf32noslfn.a(MMC_Drv.o)
 .text._CheckR1
                0x00008be0       0x38 .\emFile_V322c\LinkLibrary\PSoC5\GCC\libemf32noslfn.a(MMC_Drv.o)
 .text._WaitToGetReady
                0x00008c18       0x26 .\emFile_V322c\LinkLibrary\PSoC5\GCC\libemf32noslfn.a(MMC_Drv.o)
 .text._SendEmptyCycles
                0x00008c3e       0x24 .\emFile_V322c\LinkLibrary\PSoC5\GCC\libemf32noslfn.a(MMC_Drv.o)
 *fill*         0x00008c62        0x2 
 .text._MMC_AddDevice
                0x00008c64       0x2c .\emFile_V322c\LinkLibrary\PSoC5\GCC\libemf32noslfn.a(MMC_Drv.o)
 .text.T.53     0x00008c90       0x14 .\emFile_V322c\LinkLibrary\PSoC5\GCC\libemf32noslfn.a(MMC_Drv.o)
 .text._GetFromCSD
                0x00008ca4       0x34 .\emFile_V322c\LinkLibrary\PSoC5\GCC\libemf32noslfn.a(MMC_Drv.o)
 .text._ExecCmdR1
                0x00008cd8       0x98 .\emFile_V322c\LinkLibrary\PSoC5\GCC\libemf32noslfn.a(MMC_Drv.o)
 .text._ReadCSD
                0x00008d70       0x86 .\emFile_V322c\LinkLibrary\PSoC5\GCC\libemf32noslfn.a(MMC_Drv.o)
 *fill*         0x00008df6        0x2 
 .text._MMC_Read
                0x00008df8      0x130 .\emFile_V322c\LinkLibrary\PSoC5\GCC\libemf32noslfn.a(MMC_Drv.o)
 .text._MMC_Write
                0x00008f28      0x13c .\emFile_V322c\LinkLibrary\PSoC5\GCC\libemf32noslfn.a(MMC_Drv.o)
 .text._ApplyCSD
                0x00009064      0x228 .\emFile_V322c\LinkLibrary\PSoC5\GCC\libemf32noslfn.a(MMC_Drv.o)
 .text._MMC_Init
                0x0000928c      0x1c0 .\emFile_V322c\LinkLibrary\PSoC5\GCC\libemf32noslfn.a(MMC_Drv.o)
 .text._MMC_InitMedium
                0x0000944c       0x28 .\emFile_V322c\LinkLibrary\PSoC5\GCC\libemf32noslfn.a(MMC_Drv.o)
 .text._MMC_IoCtl
                0x00009474       0x60 .\emFile_V322c\LinkLibrary\PSoC5\GCC\libemf32noslfn.a(MMC_Drv.o)
 .text.emFile_1_Init
                0x000094d4       0x64 .\CortexM3\ARM_GCC_493\Debug\Node-Beaver.a(emFile_1_MMC_HW_SPI.o)
 .text.emFile_1_ReadWriteSPI
                0x00009538       0x68 .\CortexM3\ARM_GCC_493\Debug\Node-Beaver.a(emFile_1_MMC_HW_SPI.o)
 .text.FS_MMC_HW_X_EnableCS
                0x000095a0       0x28 .\CortexM3\ARM_GCC_493\Debug\Node-Beaver.a(emFile_1_MMC_HW_SPI.o)
                0x000095a0                FS_MMC_HW_X_EnableCS
 .text.FS_MMC_HW_X_DisableCS
                0x000095c8       0x28 .\CortexM3\ARM_GCC_493\Debug\Node-Beaver.a(emFile_1_MMC_HW_SPI.o)
                0x000095c8                FS_MMC_HW_X_DisableCS
 .text.FS_MMC_HW_X_IsWriteProtected
                0x000095f0       0x2c .\CortexM3\ARM_GCC_493\Debug\Node-Beaver.a(emFile_1_MMC_HW_SPI.o)
                0x000095f0                FS_MMC_HW_X_IsWriteProtected
 .text.FS_MMC_HW_X_SetMaxSpeed
                0x0000961c       0x88 .\CortexM3\ARM_GCC_493\Debug\Node-Beaver.a(emFile_1_MMC_HW_SPI.o)
                0x0000961c                FS_MMC_HW_X_SetMaxSpeed
 .text.FS_MMC_HW_X_SetVoltage
                0x000096a4       0x68 .\CortexM3\ARM_GCC_493\Debug\Node-Beaver.a(emFile_1_MMC_HW_SPI.o)
                0x000096a4                FS_MMC_HW_X_SetVoltage
 .text.FS_MMC_HW_X_IsPresent
                0x0000970c       0x30 .\CortexM3\ARM_GCC_493\Debug\Node-Beaver.a(emFile_1_MMC_HW_SPI.o)
                0x0000970c                FS_MMC_HW_X_IsPresent
 .text.FS_MMC_HW_X_Read
                0x0000973c       0x34 .\CortexM3\ARM_GCC_493\Debug\Node-Beaver.a(emFile_1_MMC_HW_SPI.o)
                0x0000973c                FS_MMC_HW_X_Read
 .text.FS_MMC_HW_X_Write
                0x00009770       0x34 .\CortexM3\ARM_GCC_493\Debug\Node-Beaver.a(emFile_1_MMC_HW_SPI.o)
                0x00009770                FS_MMC_HW_X_Write
 .text.emFile_1_SPI0_Init
                0x000097a4       0x30 .\CortexM3\ARM_GCC_493\Debug\Node-Beaver.a(emFile_1_SPI0.o)
                0x000097a4                emFile_1_SPI0_Init
 .text.emFile_1_SPI0_Enable
                0x000097d4       0x60 .\CortexM3\ARM_GCC_493\Debug\Node-Beaver.a(emFile_1_SPI0.o)
                0x000097d4                emFile_1_SPI0_Enable
 .text.emFile_1_SPI0_Start
                0x00009834       0x20 .\CortexM3\ARM_GCC_493\Debug\Node-Beaver.a(emFile_1_SPI0.o)
                0x00009834                emFile_1_SPI0_Start
 .text.emFile_1_SPI0_EnableTxInt
                0x00009854        0xc .\CortexM3\ARM_GCC_493\Debug\Node-Beaver.a(emFile_1_SPI0.o)
                0x00009854                emFile_1_SPI0_EnableTxInt
 .text.emFile_1_SPI0_EnableRxInt
                0x00009860        0xc .\CortexM3\ARM_GCC_493\Debug\Node-Beaver.a(emFile_1_SPI0.o)
                0x00009860                emFile_1_SPI0_EnableRxInt
 .text.emFile_1_SPI0_ReadTxStatus
                0x0000986c       0x20 .\CortexM3\ARM_GCC_493\Debug\Node-Beaver.a(emFile_1_SPI0.o)
                0x0000986c                emFile_1_SPI0_ReadTxStatus
 .text.emFile_1_SPI0_ReadRxStatus
                0x0000988c       0x20 .\CortexM3\ARM_GCC_493\Debug\Node-Beaver.a(emFile_1_SPI0.o)
                0x0000988c                emFile_1_SPI0_ReadRxStatus
 .text.emFile_1_SPI0_WriteTxData
                0x000098ac       0x34 .\CortexM3\ARM_GCC_493\Debug\Node-Beaver.a(emFile_1_SPI0.o)
                0x000098ac                emFile_1_SPI0_WriteTxData
 .text.emFile_1_SPI0_ReadRxData
                0x000098e0       0x20 .\CortexM3\ARM_GCC_493\Debug\Node-Beaver.a(emFile_1_SPI0.o)
                0x000098e0                emFile_1_SPI0_ReadRxData
 .text.emFile_1_SPI0_ClearFIFO
                0x00009900       0x5c .\CortexM3\ARM_GCC_493\Debug\Node-Beaver.a(emFile_1_SPI0.o)
                0x00009900                emFile_1_SPI0_ClearFIFO
 .text.emFile_1_Clock_1_Start
                0x0000995c       0x34 .\CortexM3\ARM_GCC_493\Debug\Node-Beaver.a(emFile_1_Clock_1.o)
                0x0000995c                emFile_1_Clock_1_Start
 .text.emFile_1_Clock_1_Stop
                0x00009990       0x34 .\CortexM3\ARM_GCC_493\Debug\Node-Beaver.a(emFile_1_Clock_1.o)
                0x00009990                emFile_1_Clock_1_Stop
 .text.emFile_1_Clock_1_SetDividerRegister
                0x000099c4      0x160 .\CortexM3\ARM_GCC_493\Debug\Node-Beaver.a(emFile_1_Clock_1.o)
                0x000099c4                emFile_1_Clock_1_SetDividerRegister
 .text.emFile_1_Clock_1_GetDividerRegister
                0x00009b24       0x18 .\CortexM3\ARM_GCC_493\Debug\Node-Beaver.a(emFile_1_Clock_1.o)
                0x00009b24                emFile_1_Clock_1_GetDividerRegister
 .text.emFile_1_Clock_1_GetSourceRegister
                0x00009b3c       0x20 .\CortexM3\ARM_GCC_493\Debug\Node-Beaver.a(emFile_1_Clock_1.o)
                0x00009b3c                emFile_1_Clock_1_GetSourceRegister
 .text.emFile_1_SPI0_CS_Write
                0x00009b5c       0x3c .\CortexM3\ARM_GCC_493\Debug\Node-Beaver.a(emFile_1_SPI0_CS.o)
                0x00009b5c                emFile_1_SPI0_CS_Write
 .text.atoi     0x00009b98        0x8 d:/programming/cypress/psoc creator/4.0/psoc creator/import/gnu/arm/4.9.3/bin/../lib/gcc/arm-none-eabi/4.9.3/../../../../arm-none-eabi/lib/armv7-m\libg_nano.a(lib_a-atoi.o)
                0x00009b98                atoi
 .text.__errno  0x00009ba0        0xc d:/programming/cypress/psoc creator/4.0/psoc creator/import/gnu/arm/4.9.3/bin/../lib/gcc/arm-none-eabi/4.9.3/../../../../arm-none-eabi/lib/armv7-m\libg_nano.a(lib_a-errno.o)
                0x00009ba0                __errno
 .text.__libc_init_array
                0x00009bac       0x4c d:/programming/cypress/psoc creator/4.0/psoc creator/import/gnu/arm/4.9.3/bin/../lib/gcc/arm-none-eabi/4.9.3/../../../../arm-none-eabi/lib/armv7-m\libg_nano.a(lib_a-init.o)
                0x00009bac                __libc_init_array
 .text.memcpy   0x00009bf8       0x16 d:/programming/cypress/psoc creator/4.0/psoc creator/import/gnu/arm/4.9.3/bin/../lib/gcc/arm-none-eabi/4.9.3/../../../../arm-none-eabi/lib/armv7-m\libg_nano.a(lib_a-memcpy.o)
                0x00009bf8                memcpy
 .text.memset   0x00009c0e       0x10 d:/programming/cypress/psoc creator/4.0/psoc creator/import/gnu/arm/4.9.3/bin/../lib/gcc/arm-none-eabi/4.9.3/../../../../arm-none-eabi/lib/armv7-m\libg_nano.a(lib_a-memset.o)
                0x00009c0e                memset
 *fill*         0x00009c1e        0x2 
 .text.sprintf  0x00009c20       0x48 d:/programming/cypress/psoc creator/4.0/psoc creator/import/gnu/arm/4.9.3/bin/../lib/gcc/arm-none-eabi/4.9.3/../../../../arm-none-eabi/lib/armv7-m\libg_nano.a(lib_a-sprintf.o)
                0x00009c20                siprintf
                0x00009c20                sprintf
 .text.strtok   0x00009c68       0x64 d:/programming/cypress/psoc creator/4.0/psoc creator/import/gnu/arm/4.9.3/bin/../lib/gcc/arm-none-eabi/4.9.3/../../../../arm-none-eabi/lib/armv7-m\libg_nano.a(lib_a-strtok.o)
                0x00009c68                strtok
 .text.__strtok_r
                0x00009ccc       0x56 d:/programming/cypress/psoc creator/4.0/psoc creator/import/gnu/arm/4.9.3/bin/../lib/gcc/arm-none-eabi/4.9.3/../../../../arm-none-eabi/lib/armv7-m\libg_nano.a(lib_a-strtok_r.o)
                0x00009ccc                __strtok_r
 *fill*         0x00009d22        0x2 
 .text._strtol_r
                0x00009d24      0x10c d:/programming/cypress/psoc creator/4.0/psoc creator/import/gnu/arm/4.9.3/bin/../lib/gcc/arm-none-eabi/4.9.3/../../../../arm-none-eabi/lib/armv7-m\libg_nano.a(lib_a-strtol.o)
                0x00009d24                _strtol_r
 .text.strtol   0x00009e30       0x1c d:/programming/cypress/psoc creator/4.0/psoc creator/import/gnu/arm/4.9.3/bin/../lib/gcc/arm-none-eabi/4.9.3/../../../../arm-none-eabi/lib/armv7-m\libg_nano.a(lib_a-strtol.o)
                0x00009e30                strtol
 .text.malloc   0x00009e4c       0x10 d:/programming/cypress/psoc creator/4.0/psoc creator/import/gnu/arm/4.9.3/bin/../lib/gcc/arm-none-eabi/4.9.3/../../../../arm-none-eabi/lib/armv7-m\libg_nano.a(lib_a-malloc.o)
                0x00009e4c                malloc
 .text._free_r  0x00009e5c       0x88 d:/programming/cypress/psoc creator/4.0/psoc creator/import/gnu/arm/4.9.3/bin/../lib/gcc/arm-none-eabi/4.9.3/../../../../arm-none-eabi/lib/armv7-m\libg_nano.a(lib_a-nano-freer.o)
                0x00009e5c                _free_r
 .text._malloc_r
                0x00009ee4       0xac d:/programming/cypress/psoc creator/4.0/psoc creator/import/gnu/arm/4.9.3/bin/../lib/gcc/arm-none-eabi/4.9.3/../../../../arm-none-eabi/lib/armv7-m\libg_nano.a(lib_a-nano-mallocr.o)
                0x00009ee4                _malloc_r
 .text.__ssputs_r
                0x00009f90       0xb2 d:/programming/cypress/psoc creator/4.0/psoc creator/import/gnu/arm/4.9.3/bin/../lib/gcc/arm-none-eabi/4.9.3/../../../../arm-none-eabi/lib/armv7-m\libg_nano.a(lib_a-nano-svfprintf.o)
                0x00009f90                __ssputs_r
 *fill*         0x0000a042        0x2 
 .text._svfprintf_r
                0x0000a044      0x1e4 d:/programming/cypress/psoc creator/4.0/psoc creator/import/gnu/arm/4.9.3/bin/../lib/gcc/arm-none-eabi/4.9.3/../../../../arm-none-eabi/lib/armv7-m\libg_nano.a(lib_a-nano-svfprintf.o)
                0x0000a044                _svfiprintf_r
                0x0000a044                _svfprintf_r
 .text._printf_common
                0x0000a228       0xea d:/programming/cypress/psoc creator/4.0/psoc creator/import/gnu/arm/4.9.3/bin/../lib/gcc/arm-none-eabi/4.9.3/../../../../arm-none-eabi/lib/armv7-m\libg_nano.a(lib_a-nano-vfprintf_i.o)
                0x0000a228                _printf_common
 *fill*         0x0000a312        0x2 
 .text._printf_i
                0x0000a314      0x240 d:/programming/cypress/psoc creator/4.0/psoc creator/import/gnu/arm/4.9.3/bin/../lib/gcc/arm-none-eabi/4.9.3/../../../../arm-none-eabi/lib/armv7-m\libg_nano.a(lib_a-nano-vfprintf_i.o)
                0x0000a314                _printf_i
 .text._sbrk_r  0x0000a554       0x20 d:/programming/cypress/psoc creator/4.0/psoc creator/import/gnu/arm/4.9.3/bin/../lib/gcc/arm-none-eabi/4.9.3/../../../../arm-none-eabi/lib/armv7-m\libg_nano.a(lib_a-sbrkr.o)
                0x0000a554                _sbrk_r
 .text.memchr   0x0000a574       0x1c d:/programming/cypress/psoc creator/4.0/psoc creator/import/gnu/arm/4.9.3/bin/../lib/gcc/arm-none-eabi/4.9.3/../../../../arm-none-eabi/lib/armv7-m\libg_nano.a(lib_a-memchr.o)
                0x0000a574                memchr
 .text.memmove  0x0000a590       0x36 d:/programming/cypress/psoc creator/4.0/psoc creator/import/gnu/arm/4.9.3/bin/../lib/gcc/arm-none-eabi/4.9.3/../../../../arm-none-eabi/lib/armv7-m\libg_nano.a(lib_a-memmove.o)
                0x0000a590                memmove
 .text._realloc_r
                0x0000a5c6       0x4c d:/programming/cypress/psoc creator/4.0/psoc creator/import/gnu/arm/4.9.3/bin/../lib/gcc/arm-none-eabi/4.9.3/../../../../arm-none-eabi/lib/armv7-m\libg_nano.a(lib_a-nano-reallocr.o)
                0x0000a5c6                _realloc_r
 .text._malloc_usable_size_r
                0x0000a612       0x14 d:/programming/cypress/psoc creator/4.0/psoc creator/import/gnu/arm/4.9.3/bin/../lib/gcc/arm-none-eabi/4.9.3/../../../../arm-none-eabi/lib/armv7-m\libg_nano.a(lib_a-nano-msizer.o)
                0x0000a612                _malloc_usable_size_r
 *(.plt)
 *(.gnu.warning)
 *(.glue_7t)
 .glue_7t       0x00000000        0x0 linker stubs
 *(.glue_7)
 .glue_7        0x00000000        0x0 linker stubs
 *(.vfp11_veneer)
 .vfp11_veneer  0x00000000        0x0 linker stubs
 *(.bootloader)
 *(.ARM.extab* .gnu.linkonce.armextab.*)
 *(.gcc_except_table)

.v4_bx          0x0000a628        0x0
 .v4_bx         0x00000000        0x0 linker stubs

.iplt           0x0000a628        0x0
 .iplt          0x00000000        0x0 d:/programming/cypress/psoc creator/4.0/psoc creator/import/gnu/arm/4.9.3/bin/../lib/gcc/arm-none-eabi/4.9.3/armv7-m/crtbegin.o

.eh_frame_hdr
 *(.eh_frame_hdr)

.eh_frame       0x0000a628        0x4
 *(.eh_frame)
 .eh_frame      0x0000a628        0x0 d:/programming/cypress/psoc creator/4.0/psoc creator/import/gnu/arm/4.9.3/bin/../lib/gcc/arm-none-eabi/4.9.3/armv7-m/crtbegin.o
 .eh_frame      0x0000a628        0x4 d:/programming/cypress/psoc creator/4.0/psoc creator/import/gnu/arm/4.9.3/bin/../lib/gcc/arm-none-eabi/4.9.3/armv7-m/crtend.o
                0x0000a62c                PROVIDE (__exidx_start, .)

.ARM.exidx
 *(.ARM.exidx* .gnu.linkonce.armexidx.*)
                0x0000a62c                __exidx_end = .

.rodata         0x0000a62c      0x824
 *(.rodata .rodata.* .gnu.linkonce.r.*)
 .rodata        0x0000a62c       0xcc .\CortexM3\ARM_GCC_493\Debug\sd_manager.o
                0x0000a62c                set_time_file
                0x0000a63c                format_file
 .rodata        0x0000a6f8       0x44 .\CortexM3\ARM_GCC_493\Debug\Node-Beaver.a(cyfitter_cfg.o)
 .rodata        0x0000a73c      0x160 .\CortexM3\ARM_GCC_493\Debug\Node-Beaver.a(CAN_1.o)
 .rodata        0x0000a89c       0x14 .\CortexM3\ARM_GCC_493\Debug\Node-Beaver.a(USBUART_1_std.o)
 .rodata        0x0000a8b0      0x19c .\CortexM3\ARM_GCC_493\Debug\Node-Beaver.a(USBUART_1_descr.o)
                0x0000a8b0                USBUART_1_DEVICE0_DESCR
                0x0000a8c4                USBUART_1_DEVICE0_CONFIGURATION0_DESCR
                0x0000a908                USBUART_1_STRING_DESCRIPTORS
                0x0000a9a8                USBUART_1_SN_STRING_DESCRIPTOR
                0x0000a9ac                USBUART_1_DEVICE0_CONFIGURATION0_EP_SETTINGS_TABLE
                0x0000a9c4                USBUART_1_DEVICE0_CONFIGURATION0_INTERFACE_CLASS
                0x0000a9c8                USBUART_1_DEVICE0_CONFIGURATION0_TABLE
                0x0000a9f0                USBUART_1_DEVICE0_TABLE
                0x0000aa08                USBUART_1_TABLE
                0x0000aa10                USBUART_1_MSOS_DESCRIPTOR
                0x0000aa24                USBUART_1_MSOS_CONFIGURATION_DESCR
 .rodata        0x0000aa4c       0x98 .\emFile_V322c\LinkLibrary\PSoC5\GCC\libemf32noslfn.a(FAT_FormatSD.o)
 .rodata        0x0000aae4       0x10 .\emFile_V322c\LinkLibrary\PSoC5\GCC\libemf32noslfn.a(FAT_LFN.o)
                0x0000aae4                FAT_LFN_API
 .rodata        0x0000aaf4       0x10 .\emFile_V322c\LinkLibrary\PSoC5\GCC\libemf32noslfn.a(FAT_Misc.o)
                0x0000aaf4                FAT_SFN_API
 .rodata.str1.1
                0x0000ab04        0x3 .\emFile_V322c\LinkLibrary\PSoC5\GCC\libemf32noslfn.a(FAT_Open.o)
 *fill*         0x0000ab07        0x1 
 .rodata        0x0000ab08       0x78 .\emFile_V322c\LinkLibrary\PSoC5\GCC\libemf32noslfn.a(FS_Misc.o)
 .rodata.str1.1
                0x0000ab80       0x30 .\emFile_V322c\LinkLibrary\PSoC5\GCC\libemf32noslfn.a(FS_Misc.o)
 .rodata        0x0000abb0       0x18 .\emFile_V322c\LinkLibrary\PSoC5\GCC\libemf32noslfn.a(FAT_Dir.o)
 .rodata        0x0000abc8       0x8c .\emFile_V322c\LinkLibrary\PSoC5\GCC\libemf32noslfn.a(FAT_Format.o)
                0x0000abe0                _acVolumeLabel
 .rodata.str1.1
                0x0000ac54       0x24 .\emFile_V322c\LinkLibrary\PSoC5\GCC\libemf32noslfn.a(FAT_Format.o)
 .rodata        0x0000ac78       0x68 .\emFile_V322c\LinkLibrary\PSoC5\GCC\libemf32noslfn.a(MMC_Drv.o)
                0x0000acc0                FS_MMC_SPI_Driver
 .rodata.str1.1
                0x0000ace0        0x4 .\emFile_V322c\LinkLibrary\PSoC5\GCC\libemf32noslfn.a(MMC_Drv.o)
 .rodata.str1.1
                0x0000ace4        0x2 d:/programming/cypress/psoc creator/4.0/psoc creator/import/gnu/arm/4.9.3/bin/../lib/gcc/arm-none-eabi/4.9.3/../../../../arm-none-eabi/lib/armv7-m\libg_nano.a(lib_a-impure.o)
 .rodata._ctype_
                0x0000ace6      0x101 d:/programming/cypress/psoc creator/4.0/psoc creator/import/gnu/arm/4.9.3/bin/../lib/gcc/arm-none-eabi/4.9.3/../../../../arm-none-eabi/lib/armv7-m\libg_nano.a(lib_a-ctype_.o)
                0x0000ace6                _ctype_
 .rodata.str1.1
                0x0000ade7       0x11 d:/programming/cypress/psoc creator/4.0/psoc creator/import/gnu/arm/4.9.3/bin/../lib/gcc/arm-none-eabi/4.9.3/../../../../arm-none-eabi/lib/armv7-m\libg_nano.a(lib_a-nano-svfprintf.o)
 .rodata.str1.1
                0x0000adf8       0x22 d:/programming/cypress/psoc creator/4.0/psoc creator/import/gnu/arm/4.9.3/bin/../lib/gcc/arm-none-eabi/4.9.3/../../../../arm-none-eabi/lib/armv7-m\libg_nano.a(lib_a-nano-vfprintf_i.o)
                0x0000ae1c                . = ALIGN (0x4)
 *fill*         0x0000ae1a        0x2 
 *(.init)
 .init          0x0000ae1c        0x4 d:/programming/cypress/psoc creator/4.0/psoc creator/import/gnu/arm/4.9.3/bin/../lib/gcc/arm-none-eabi/4.9.3/armv7-m/crti.o
                0x0000ae1c                _init
 .init          0x0000ae20        0x8 d:/programming/cypress/psoc creator/4.0/psoc creator/import/gnu/arm/4.9.3/bin/../lib/gcc/arm-none-eabi/4.9.3/armv7-m/crtn.o
                0x0000ae28                . = ALIGN (0x4)
                0x0000ae28                __preinit_array_start = .
 *(.preinit_array)
                0x0000ae28                __preinit_array_end = .
                0x0000ae28                . = ALIGN (0x4)
                0x0000ae28                __init_array_start = .
 *(SORT(.init_array.*))
 *(.init_array)
 .init_array    0x0000ae28        0x4 d:/programming/cypress/psoc creator/4.0/psoc creator/import/gnu/arm/4.9.3/bin/../lib/gcc/arm-none-eabi/4.9.3/armv7-m/crtbegin.o
 .init_array    0x0000ae2c        0x4 .\CortexM3\ARM_GCC_493\Debug\Cm3Start.o
                0x0000ae30                __init_array_end = .
                0x0000ae30                . = ALIGN (0x4)
 *(.fini)
 .fini          0x0000ae30        0x4 d:/programming/cypress/psoc creator/4.0/psoc creator/import/gnu/arm/4.9.3/bin/../lib/gcc/arm-none-eabi/4.9.3/armv7-m/crti.o
                0x0000ae30                _fini
 .fini          0x0000ae34        0x8 d:/programming/cypress/psoc creator/4.0/psoc creator/import/gnu/arm/4.9.3/bin/../lib/gcc/arm-none-eabi/4.9.3/armv7-m/crtn.o
                0x0000ae3c                . = ALIGN (0x4)