Archive member included because of file (symbol)

.\CortexM3\ARM_GCC_493\Debug\Node-Beaver.a(cyfitter_cfg.o)
                              .\CortexM3\ARM_GCC_493\Debug\Cm3Start.o (cyfitter_cfg)
.\CortexM3\ARM_GCC_493\Debug\Node-Beaver.a(CyLib.o)
                              .\CortexM3\ARM_GCC_493\Debug\Cm3Start.o (CyResetStatus)
.\CortexM3\ARM_GCC_493\Debug\Node-Beaver.a(cyPm.o)
                              .\CortexM3\ARM_GCC_493\Debug\Node-Beaver.a(CyLib.o) (CyPmReadStatus)
.\CortexM3\ARM_GCC_493\Debug\Node-Beaver.a(CAN_1.o)
                              .\CortexM3\ARM_GCC_493\Debug\can_manager.o (CAN_1_Init)
.\CortexM3\ARM_GCC_493\Debug\Node-Beaver.a(CAN_1_INT.o)
                              .\CortexM3\ARM_GCC_493\Debug\Node-Beaver.a(CAN_1.o) (CAN_1_ISR)
.\CortexM3\ARM_GCC_493\Debug\Node-Beaver.a(CAN_1_TX_RX_func.o)
                              .\CortexM3\ARM_GCC_493\Debug\can_manager.o (CAN_1_SendMsg)
.\CortexM3\ARM_GCC_493\Debug\Node-Beaver.a(LED.o)
                              .\CortexM3\ARM_GCC_493\Debug\sd_manager.o (LED_Write)
.\CortexM3\ARM_GCC_493\Debug\Node-Beaver.a(USBUART_1.o)
                              .\CortexM3\ARM_GCC_493\Debug\usb_manager.o (USBUART_1_Start)
.\CortexM3\ARM_GCC_493\Debug\Node-Beaver.a(USBUART_1_cdc.o)
                              .\CortexM3\ARM_GCC_493\Debug\usb_manager.o (USBUART_1_DataIsReady)
.\CortexM3\ARM_GCC_493\Debug\Node-Beaver.a(USBUART_1_drv.o)
                              .\CortexM3\ARM_GCC_493\Debug\Node-Beaver.a(USBUART_1.o) (USBUART_1_EP)
.\CortexM3\ARM_GCC_493\Debug\Node-Beaver.a(USBUART_1_episr.o)
                              .\CortexM3\ARM_GCC_493\Debug\Node-Beaver.a(USBUART_1.o) (USBUART_1_EP_1_ISR)
.\CortexM3\ARM_GCC_493\Debug\Node-Beaver.a(USBUART_1_pm.o)
                              .\CortexM3\ARM_GCC_493\Debug\Node-Beaver.a(USBUART_1.o) (USBUART_1_DP_ISR)
.\CortexM3\ARM_GCC_493\Debug\Node-Beaver.a(USBUART_1_std.o)
                              .\CortexM3\ARM_GCC_493\Debug\Node-Beaver.a(USBUART_1_drv.o) (USBUART_1_HandleStandardRqst)
.\CortexM3\ARM_GCC_493\Debug\Node-Beaver.a(USBUART_1_vnd.o)
                              .\CortexM3\ARM_GCC_493\Debug\Node-Beaver.a(USBUART_1_drv.o) (USBUART_1_HandleVendorRqst)
.\CortexM3\ARM_GCC_493\Debug\Node-Beaver.a(USBUART_1_Dp.o)
                              .\CortexM3\ARM_GCC_493\Debug\Node-Beaver.a(USBUART_1.o) (USBUART_1_Dp_ClearInterrupt)
.\CortexM3\ARM_GCC_493\Debug\Node-Beaver.a(power_isr.o)
                              .\CortexM3\ARM_GCC_493\Debug\sd_manager.o (power_isr_StartEx)
.\CortexM3\ARM_GCC_493\Debug\Node-Beaver.a(rtc_i2c.o)
                              .\CortexM3\ARM_GCC_493\Debug\time_manager.o (rtc_i2c_Start)
.\CortexM3\ARM_GCC_493\Debug\Node-Beaver.a(rtc_i2c_INT.o)
                              .\CortexM3\ARM_GCC_493\Debug\Node-Beaver.a(rtc_i2c.o) (rtc_i2c_ISR)
.\CortexM3\ARM_GCC_493\Debug\Node-Beaver.a(rtc_i2c_PM.o)
                              .\CortexM3\ARM_GCC_493\Debug\Node-Beaver.a(rtc_i2c.o) (rtc_i2c_backup)
.\CortexM3\ARM_GCC_493\Debug\Node-Beaver.a(rtc_i2c_MASTER.o)
                              .\CortexM3\ARM_GCC_493\Debug\Node-Beaver.a(rtc_i2c.o) (rtc_i2c_mstrStatus)
.\CortexM3\ARM_GCC_493\Debug\Node-Beaver.a(time_refresh_isr.o)
                              .\CortexM3\ARM_GCC_493\Debug\time_manager.o (time_refresh_isr_StartEx)
.\CortexM3\ARM_GCC_493\Debug\Node-Beaver.a(millis_timer.o)
                              .\CortexM3\ARM_GCC_493\Debug\time_manager.o (millis_timer_Start)
.\CortexM3\ARM_GCC_493\Debug\Node-Beaver.a(time_refresh_timer.o)
                              .\CortexM3\ARM_GCC_493\Debug\time_manager.o (time_refresh_timer_Start)
.\CortexM3\ARM_GCC_493\Debug\Node-Beaver.a(power_comp.o)
                              .\CortexM3\ARM_GCC_493\Debug\sd_manager.o (power_comp_Start)
.\CortexM3\ARM_GCC_493\Debug\Node-Beaver.a(xbee_UART.o)
                              .\CortexM3\ARM_GCC_493\Debug\radio_manager.o (xbee_UART_Start)
.\CortexM3\ARM_GCC_493\Debug\Node-Beaver.a(xbee_UART_INT.o)
                              .\CortexM3\ARM_GCC_493\Debug\Node-Beaver.a(xbee_UART.o) (xbee_UART_RXISR)
.\CortexM3\ARM_GCC_493\Debug\Node-Beaver.a(xbee_UART_IntClock.o)
                              .\CortexM3\ARM_GCC_493\Debug\Node-Beaver.a(xbee_UART.o) (xbee_UART_IntClock_Start)
.\CortexM3\ARM_GCC_493\Debug\Node-Beaver.a(sd_timer.o)
                              .\CortexM3\ARM_GCC_493\Debug\sd_manager.o (sd_timer_Start)
.\CortexM3\ARM_GCC_493\Debug\Node-Beaver.a(sd_isr.o)
                              .\CortexM3\ARM_GCC_493\Debug\sd_manager.o (sd_isr_StartEx)
.\CortexM3\ARM_GCC_493\Debug\Node-Beaver.a(watchdog_timer.o)
                              .\CortexM3\ARM_GCC_493\Debug\time_manager.o (watchdog_timer_Start)
.\CortexM3\ARM_GCC_493\Debug\Node-Beaver.a(wdt_reset_isr.o)
                              .\CortexM3\ARM_GCC_493\Debug\time_manager.o (wdt_reset_isr_StartEx)
.\CortexM3\ARM_GCC_493\Debug\Node-Beaver.a(car_state_isr.o)
[...]
Memory Configuration

Name             Origin             Length             Attributes
rom              0x00000000         0x00040000         xr
ram              0x1fff8000         0x00010000         xrw
*default*        0x00000000         0xffffffff

Linker script and memory map

LOAD d:/programming/cypress/psoc creator/4.0/psoc creator/import/gnu/arm/4.9.3/bin/../lib/gcc/arm-none-eabi/4.9.3/armv7-m/crti.o
LOAD d:/programming/cypress/psoc creator/4.0/psoc creator/import/gnu/arm/4.9.3/bin/../lib/gcc/arm-none-eabi/4.9.3/armv7-m/crtbegin.o
LOAD d:/programming/cypress/psoc creator/4.0/psoc creator/import/gnu/arm/4.9.3/bin/../lib/gcc/arm-none-eabi/4.9.3/../../../../arm-none-eabi/lib/armv7-m/crt0.o
START GROUP
LOAD .\CortexM3\ARM_GCC_493\Debug\main.o
LOAD .\CortexM3\ARM_GCC_493\Debug\can_manager.o
LOAD .\CortexM3\ARM_GCC_493\Debug\sd_manager.o
LOAD .\CortexM3\ARM_GCC_493\Debug\usb_manager.o
LOAD .\CortexM3\ARM_GCC_493\Debug\radio_manager.o
LOAD .\CortexM3\ARM_GCC_493\Debug\time_manager.o
LOAD .\CortexM3\ARM_GCC_493\Debug\cymetadata.o
LOAD .\CortexM3\ARM_GCC_493\Debug\Cm3Start.o
LOAD .\CortexM3\ARM_GCC_493\Debug\Node-Beaver.a
LOAD D:\Programming\Cypress\PSoC Creator\4.0\PSoC Creator\psoc\content\cycomponentlibrary\CyComponentLibrary.cylib\CortexM3\ARM_GCC_493\Debug\CyComponentLibrary.a
LOAD .\emFile_V322c\LinkLibrary\PSoC5\GCC\libemf32noslfn.a
END GROUP
START GROUP
LOAD d:/programming/cypress/psoc creator/4.0/psoc creator/import/gnu/arm/4.9.3/bin/../lib/gcc/arm-none-eabi/4.9.3/armv7-m\libgcc.a
LOAD d:/programming/cypress/psoc creator/4.0/psoc creator/import/gnu/arm/4.9.3/bin/../lib/gcc/arm-none-eabi/4.9.3/../../../../arm-none-eabi/lib/armv7-m\libg_nano.a
LOAD d:/programming/cypress/psoc creator/4.0/psoc creator/import/gnu/arm/4.9.3/bin/../lib/gcc/arm-none-eabi/4.9.3/../../../../arm-none-eabi/lib/armv7-m\libc_nano.a
END GROUP
START GROUP
LOAD d:/programming/cypress/psoc creator/4.0/psoc creator/import/gnu/arm/4.9.3/bin/../lib/gcc/arm-none-eabi/4.9.3/armv7-m\libgcc.a
LOAD d:/programming/cypress/psoc creator/4.0/psoc creator/import/gnu/arm/4.9.3/bin/../lib/gcc/arm-none-eabi/4.9.3/../../../../arm-none-eabi/lib/armv7-m\libc_nano.a
END GROUP
LOAD d:/programming/cypress/psoc creator/4.0/psoc creator/import/gnu/arm/4.9.3/bin/../lib/gcc/arm-none-eabi/4.9.3/armv7-m/crtend.o
LOAD d:/programming/cypress/psoc creator/4.0/psoc creator/import/gnu/arm/4.9.3/bin/../lib/gcc/arm-none-eabi/4.9.3/armv7-m/crtn.o
START GROUP
LOAD d:/programming/cypress/psoc creator/4.0/psoc creator/import/gnu/arm/4.9.3/bin/../lib/gcc/arm-none-eabi/4.9.3/armv7-m\libgcc.a
LOAD d:/programming/cypress/psoc creator/4.0/psoc creator/import/gnu/arm/4.9.3/bin/../lib/gcc/arm-none-eabi/4.9.3/../../../../arm-none-eabi/lib/armv7-m\libc.a
LOAD d:/programming/cypress/psoc creator/4.0/psoc creator/import/gnu/arm/4.9.3/bin/../lib/gcc/arm-none-eabi/4.9.3/../../../../arm-none-eabi/lib/armv7-m\libnosys.a
END GROUP
                0x00000000                CY_APPL_ORIGIN = 0x0
                0x00000100                CY_FLASH_ROW_SIZE = 0x100
                0x00000020                CY_ECC_ROW_SIZE = 0x20
                0x00000000                CY_EE_IN_BTLDR = 0x0
                0x00000000                CY_APPL_LOADABLE = 0x0
                0x00000800                CY_EE_SIZE = 0x800
                0x00000001                CY_APPL_NUM = 0x1
                0x00000001                CY_APPL_MAX = 0x1
                0x00000040                CY_METADATA_SIZE = 0x40
                0x00000000                CY_APPL_LOADABLE = 0x0
                0x00000000                CY_CHECKSUM_EXCLUDE_SIZE = ALIGN (0x0, CY_FLASH_ROW_SIZE)
                0x1fffd488                PROVIDE (__cy_heap_start, _end)
                0x00000001                PROVIDE (__cy_region_num, ((__cy_regions_end - __cy_regions) / 0x10))
                0x20008000                PROVIDE (__cy_stack, (ORIGIN (ram) + 0x10000))
                0x20004000                PROVIDE (__cy_heap_end, (__cy_stack - 0x4000))

.cybootloader   0x00000000        0x0
 *(.cybootloader)
                0x00000000                appl1_start = CY_APPL_ORIGIN?CY_APPL_ORIGIN:ALIGN (CY_FLASH_ROW_SIZE)
                0x0001ff00                appl2_start = (appl1_start + ALIGN ((((0x40000 - appl1_start) - (0x2 * CY_FLASH_ROW_SIZE)) / 0x2), CY_FLASH_ROW_SIZE))
                0x00000000                appl_start = (CY_APPL_NUM == 0x1)?appl1_start:appl2_start
                0x00000000                ecc_offset = ((appl_start / CY_FLASH_ROW_SIZE) * CY_ECC_ROW_SIZE)
                0x00000000                ee_offset = (CY_APPL_LOADABLE && ! (CY_EE_IN_BTLDR))?((CY_EE_SIZE / CY_APPL_MAX) * (CY_APPL_NUM - 0x1)):0x0
                0x00000800                ee_size = (CY_APPL_LOADABLE && ! (CY_EE_IN_BTLDR))?(CY_EE_SIZE / CY_APPL_MAX):CY_EE_SIZE
                0x00000000                PROVIDE (CY_ECC_OFFSET, ecc_offset)

.text           0x00000000     0xa64e
 CREATE_OBJECT_SYMBOLS
                0x00000000                PROVIDE (__cy_interrupt_vector, RomVectors)
 *(.romvectors)
 .romvectors    0x00000000       0x10 .\CortexM3\ARM_GCC_493\Debug\Cm3Start.o
                0x00000000                RomVectors
                0x00000001                ASSERT ((. != __cy_interrupt_vector), No interrupt vector)
                0x00000001                ASSERT (CY_APPL_ORIGIN?(SIZEOF (.cybootloader) <= CY_APPL_ORIGIN):0x1, Wrong image location)
                0x00000010                PROVIDE (__cy_reset, Reset)
 *(.text.Reset)
 .text.Reset    0x00000010       0x18 .\CortexM3\ARM_GCC_493\Debug\Cm3Start.o
                0x00000010                Reset
                0x00000001                ASSERT ((. != __cy_reset), No reset code)
 *(.dma_init)
                0x00000001                ASSERT ((((appl_start + .) <= 0x10000) || 0x1), DMA Init must be within the first 64k of flash)
 *(.text .text.* .gnu.linkonce.t.*)
 .text          0x00000028       0x5c d:/programming/cypress/psoc creator/4.0/psoc creator/import/gnu/arm/4.9.3/bin/../lib/gcc/arm-none-eabi/4.9.3/armv7-m/crtbegin.o
 .text.main     0x00000084       0x40 .\CortexM3\ARM_GCC_493\Debug\main.o
                0x00000084                main
 .text.msg_recieve
                0x000000c4       0x2c .\CortexM3\ARM_GCC_493\Debug\main.o
                0x000000c4                msg_recieve
 .text.car_state_interrupt
                0x000000f0       0x54 .\CortexM3\ARM_GCC_493\Debug\can_manager.o
                0x000000f0                car_state_interrupt
 .text.heartbeat_interrupt
                0x00000144       0x34 .\CortexM3\ARM_GCC_493\Debug\can_manager.o
                0x00000144                heartbeat_interrupt
 .text.can_init
                0x00000178       0xe4 .\CortexM3\ARM_GCC_493\Debug\can_manager.o
                0x00000178                can_init
 .text.can_msg_init
                0x0000025c       0xf4 .\CortexM3\ARM_GCC_493\Debug\can_manager.o
                0x0000025c                can_msg_init
 .text.can_process
                0x00000350      0x158 .\CortexM3\ARM_GCC_493\Debug\can_manager.o
                0x00000350                can_process
 .text.can_compare
                0x000004a8      0x1e4 .\CortexM3\ARM_GCC_493\Debug\can_manager.o
                0x000004a8                can_compare
 .text.brake_default_val
                0x0000068c       0x40 .\CortexM3\ARM_GCC_493\Debug\can_manager.o
                0x0000068c                brake_default_val
 .text.power_interrupt
                0x000006cc       0x1c .\CortexM3\ARM_GCC_493\Debug\sd_manager.o
                0x000006cc                power_interrupt
 .text.sd_interrupt
                0x000006e8        0xc .\CortexM3\ARM_GCC_493\Debug\sd_manager.o
                0x000006e8                sd_interrupt
 .text.sd_init  0x000006f4      0x1a8 .\CortexM3\ARM_GCC_493\Debug\sd_manager.o
                0x000006f4                sd_init
 .text.sd_time_set
                0x0000089c      0x190 .\CortexM3\ARM_GCC_493\Debug\sd_manager.o
                0x0000089c                sd_time_set
 .text.sd_write
                0x00000a2c      0x160 .\CortexM3\ARM_GCC_493\Debug\sd_manager.o
                0x00000a2c                sd_write
 .text.sd_buffer
                0x00000b8c       0x50 .\CortexM3\ARM_GCC_493\Debug\sd_manager.o
                0x00000b8c                sd_buffer
 .text.sd_stop  0x00000bdc       0x28 .\CortexM3\ARM_GCC_493\Debug\sd_manager.o
                0x00000bdc                sd_stop
 .text.usb_init
                0x00000c04       0x10 .\CortexM3\ARM_GCC_493\Debug\usb_manager.o
                0x00000c04                usb_init
 .text.usb_write
                0x00000c14       0x14 .\CortexM3\ARM_GCC_493\Debug\usb_manager.o
                0x00000c14                usb_write
 .text.radio_init_UART
                0x00000c28        0xc .\CortexM3\ARM_GCC_493\Debug\radio_manager.o
                0x00000c28                radio_init_UART
 .text.xbee_send
                0x00000c34       0x94 .\CortexM3\ARM_GCC_493\Debug\radio_manager.o
                0x00000c34                xbee_send
 .text.time_refresh_vector
                0x00000cc8       0x28 .\CortexM3\ARM_GCC_493\Debug\time_manager.o
                0x00000cc8                time_refresh_vector
 .text.time_init
                0x00000cf0       0x3c .\CortexM3\ARM_GCC_493\Debug\time_manager.o
                0x00000cf0                time_init
 .text.time_announce
                0x00000d2c       0x7c .\CortexM3\ARM_GCC_493\Debug\time_manager.o
                0x00000d2c                time_announce
 .text.time_get
                0x00000da8       0x34 .\CortexM3\ARM_GCC_493\Debug\time_manager.o
                0x00000da8                time_get
 .text.time_set
                0x00000ddc      0x198 .\CortexM3\ARM_GCC_493\Debug\time_manager.o
                0x00000ddc                time_set
 .text.time_retreive
                0x00000f74      0x154 .\CortexM3\ARM_GCC_493\Debug\time_manager.o
                0x00000f74                time_retreive
 .text.IntDefaultHandler
                0x000010c8       0x14 .\CortexM3\ARM_GCC_493\Debug\Cm3Start.o
                0x000010c8                IntDefaultHandler
 .text._sbrk    0x000010dc       0x54 .\CortexM3\ARM_GCC_493\Debug\Cm3Start.o
                0x000010dc                _sbrk
 .text.Start_c  0x00001130       0x98 .\CortexM3\ARM_GCC_493\Debug\Cm3Start.o
                0x00001130                Start_c
 .text.initialize_psoc
                0x000011c8       0x8c .\CortexM3\ARM_GCC_493\Debug\Cm3Start.o
                0x000011c8                initialize_psoc
 .text.CYMEMZERO
                0x00001254       0x1c .\CortexM3\ARM_GCC_493\Debug\Node-Beaver.a(cyfitter_cfg.o)
 .text.CYCONFIGCPY
                0x00001270       0x1c .\CortexM3\ARM_GCC_493\Debug\Node-Beaver.a(cyfitter_cfg.o)
 .text.CyClockStartupError
                0x0000128c        0xc .\CortexM3\ARM_GCC_493\Debug\Node-Beaver.a(cyfitter_cfg.o)
 .text.cfg_write_bytes32
                0x00001298       0x74 .\CortexM3\ARM_GCC_493\Debug\Node-Beaver.a(cyfitter_cfg.o)
 .text.ClockSetup
                0x0000130c      0x130 .\CortexM3\ARM_GCC_493\Debug\Node-Beaver.a(cyfitter_cfg.o)
 .text.AnalogSetDefault
                0x0000143c       0x60 .\CortexM3\ARM_GCC_493\Debug\Node-Beaver.a(cyfitter_cfg.o)
 .text.cyfitter_cfg
                0x0000149c      0x1c8 .\CortexM3\ARM_GCC_493\Debug\Node-Beaver.a(cyfitter_cfg.o)
                0x0000149c                cyfitter_cfg
 .text.CyHalt   0x00001664       0x18 .\CortexM3\ARM_GCC_493\Debug\Node-Beaver.a(CyLib.o)
                0x00001664                CyHalt
 .text.CyDelay  0x0000167c       0x44 .\CortexM3\ARM_GCC_493\Debug\Node-Beaver.a(CyLib.o)
                0x0000167c                CyDelay
 .text.CyDelayUs
                0x000016c0       0x24 .\CortexM3\ARM_GCC_493\Debug\Node-Beaver.a(CyLib.o)
                0x000016c0                CyDelayUs
 .text.CyIntSetVector
                0x000016e4       0x50 .\CortexM3\ARM_GCC_493\Debug\Node-Beaver.a(CyLib.o)
                0x000016e4                CyIntSetVector
 .text.CyIntSetPriority
                0x00001734       0x44 .\CortexM3\ARM_GCC_493\Debug\Node-Beaver.a(CyLib.o)
                0x00001734                CyIntSetPriority
 .text.CyGetUniqueId
                0x00001778       0xc4 .\CortexM3\ARM_GCC_493\Debug\Node-Beaver.a(CyLib.o)
                0x00001778                CyGetUniqueId
 .text.CAN_1_RxTxBuffersConfig
                0x0000183c       0x80 .\CortexM3\ARM_GCC_493\Debug\Node-Beaver.a(CAN_1.o)
                0x0000183c                CAN_1_RxTxBuffersConfig
 .text.CAN_1_Init
                0x000018bc      0x128 .\CortexM3\ARM_GCC_493\Debug\Node-Beaver.a(CAN_1.o)
                0x000018bc                CAN_1_Init
 .text.CAN_1_Enable
                0x000019e4       0xa4 .\CortexM3\ARM_GCC_493\Debug\Node-Beaver.a(CAN_1.o)
                0x000019e4                CAN_1_Enable
 .text.CAN_1_Start
                0x00001a88       0x3c .\CortexM3\ARM_GCC_493\Debug\Node-Beaver.a(CAN_1.o)
                0x00001a88                CAN_1_Start
 .text.CAN_1_GlobalIntEnable
                0x00001ac4       0x40 .\CortexM3\ARM_GCC_493\Debug\Node-Beaver.a(CAN_1.o)
                0x00001ac4                CAN_1_GlobalIntEnable
 .text.CAN_1_SetPreScaler
                0x00001b04       0x44 .\CortexM3\ARM_GCC_493\Debug\Node-Beaver.a(CAN_1.o)
                0x00001b04                CAN_1_SetPreScaler
 .text.CAN_1_SetArbiter
                0x00001b48       0x6c .\CortexM3\ARM_GCC_493\Debug\Node-Beaver.a(CAN_1.o)
                0x00001b48                CAN_1_SetArbiter
 .text.CAN_1_SetTsegSample
                0x00001bb4       0xd4 .\CortexM3\ARM_GCC_493\Debug\Node-Beaver.a(CAN_1.o)
                0x00001bb4                CAN_1_SetTsegSample
 .text.CAN_1_SetRestartType
                0x00001c88       0x6c .\CortexM3\ARM_GCC_493\Debug\Node-Beaver.a(CAN_1.o)
                0x00001c88                CAN_1_SetRestartType
 .text.CAN_1_SetEdgeMode
                0x00001cf4       0x6c .\CortexM3\ARM_GCC_493\Debug\Node-Beaver.a(CAN_1.o)
                0x00001cf4                CAN_1_SetEdgeMode
 .text.CAN_1_SetIrqMask
                0x00001d60       0x38 .\CortexM3\ARM_GCC_493\Debug\Node-Beaver.a(CAN_1.o)
                0x00001d60                CAN_1_SetIrqMask
 .text.CAN_1_RxBufConfig
                0x00001d98       0xec .\CortexM3\ARM_GCC_493\Debug\Node-Beaver.a(CAN_1.o)
                0x00001d98                CAN_1_RxBufConfig
 .text.CAN_1_TxBufConfig
                0x00001e84       0x88 .\CortexM3\ARM_GCC_493\Debug\Node-Beaver.a(CAN_1.o)
                0x00001e84                CAN_1_TxBufConfig
 .text.CAN_1_MsgRXIsr
                0x00001f0c       0x68 .\CortexM3\ARM_GCC_493\Debug\Node-Beaver.a(CAN_1_INT.o)
                0x00001f0c                CAN_1_MsgRXIsr
 .text.CAN_1_ISR
                0x00001f74       0x1c .\CortexM3\ARM_GCC_493\Debug\Node-Beaver.a(CAN_1_INT.o)
                0x00001f74                CAN_1_ISR
 .text.CAN_1_SendMsg
                0x00001f90      0x170 .\CortexM3\ARM_GCC_493\Debug\Node-Beaver.a(CAN_1_TX_RX_func.o)
                0x00001f90                CAN_1_SendMsg
 .text.CAN_1_ReceiveMsg
                0x00002100       0xd8 .\CortexM3\ARM_GCC_493\Debug\Node-Beaver.a(CAN_1_TX_RX_func.o)
                0x00002100                CAN_1_ReceiveMsg
 .text.LED_Write
                0x000021d8       0x34 .\CortexM3\ARM_GCC_493\Debug\Node-Beaver.a(LED.o)
                0x000021d8                LED_Write
 .text.USBUART_1_Start
                0x0000220c       0x38 .\CortexM3\ARM_GCC_493\Debug\Node-Beaver.a(USBUART_1.o)
                0x0000220c                USBUART_1_Start
 .text.USBUART_1_Init
                0x00002244      0x1a0 .\CortexM3\ARM_GCC_493\Debug\Node-Beaver.a(USBUART_1.o)
                0x00002244                USBUART_1_Init
 .text.USBUART_1_InitComponent
                0x000023e4      0x100 .\CortexM3\ARM_GCC_493\Debug\Node-Beaver.a(USBUART_1.o)
                0x000023e4                USBUART_1_InitComponent
 .text.USBUART_1_ReInitComponent
                0x000024e4       0x68 .\CortexM3\ARM_GCC_493\Debug\Node-Beaver.a(USBUART_1.o)
                0x000024e4                USBUART_1_ReInitComponent
 .text.USBUART_1_DispatchCDCClassRqst
                0x0000254c       0xe8 .\CortexM3\ARM_GCC_493\Debug\Node-Beaver.a(USBUART_1_cdc.o)
                0x0000254c                USBUART_1_DispatchCDCClassRqst
 .text.USBUART_1_GetInterfaceComPort
                0x00002634       0x60 .\CortexM3\ARM_GCC_493\Debug\Node-Beaver.a(USBUART_1_cdc.o)
                0x00002634                USBUART_1_GetInterfaceComPort
 .text.USBUART_1_Cdc_EpInit
                0x00002694       0x94 .\CortexM3\ARM_GCC_493\Debug\Node-Beaver.a(USBUART_1_cdc.o)
                0x00002694                USBUART_1_Cdc_EpInit
 .text.USBUART_1_EP_0_ISR
                0x00002728       0xf8 .\CortexM3\ARM_GCC_493\Debug\Node-Beaver.a(USBUART_1_drv.o)
                0x00002728                USBUART_1_EP_0_ISR
 .text.USBUART_1_HandleSetup
                0x00002820       0x88 .\CortexM3\ARM_GCC_493\Debug\Node-Beaver.a(USBUART_1_drv.o)
                0x00002820                USBUART_1_HandleSetup
 .text.USBUART_1_HandleIN
                0x000028a8       0x4c .\CortexM3\ARM_GCC_493\Debug\Node-Beaver.a(USBUART_1_drv.o)
                0x000028a8                USBUART_1_HandleIN
 .text.USBUART_1_HandleOUT
                0x000028f4       0x58 .\CortexM3\ARM_GCC_493\Debug\Node-Beaver.a(USBUART_1_drv.o)
                0x000028f4                USBUART_1_HandleOUT
 .text.USBUART_1_LoadEP0
                0x0000294c       0xd0 .\CortexM3\ARM_GCC_493\Debug\Node-Beaver.a(USBUART_1_drv.o)
                0x0000294c                USBUART_1_LoadEP0
 .text.USBUART_1_InitControlRead
                0x00002a1c       0x70 .\CortexM3\ARM_GCC_493\Debug\Node-Beaver.a(USBUART_1_drv.o)
                0x00002a1c                USBUART_1_InitControlRead
 .text.USBUART_1_InitZeroLengthControlTransfer
                0x00002a8c       0x44 .\CortexM3\ARM_GCC_493\Debug\Node-Beaver.a(USBUART_1_drv.o)
                0x00002a8c                USBUART_1_InitZeroLengthControlTransfer
 .text.USBUART_1_ControlReadDataStage
                0x00002ad0        0xc .\CortexM3\ARM_GCC_493\Debug\Node-Beaver.a(USBUART_1_drv.o)
                0x00002ad0                USBUART_1_ControlReadDataStage
 .text.USBUART_1_ControlReadStatusStage
                0x00002adc       0x40 .\CortexM3\ARM_GCC_493\Debug\Node-Beaver.a(USBUART_1_drv.o)
                0x00002adc                USBUART_1_ControlReadStatusStage
 .text.USBUART_1_InitControlWrite
                0x00002b1c       0x64 .\CortexM3\ARM_GCC_493\Debug\Node-Beaver.a(USBUART_1_drv.o)
                0x00002b1c                USBUART_1_InitControlWrite
 .text.USBUART_1_ControlWriteDataStage
                0x00002b80       0xb4 .\CortexM3\ARM_GCC_493\Debug\Node-Beaver.a(USBUART_1_drv.o)
                0x00002b80                USBUART_1_ControlWriteDataStage
 .text.USBUART_1_ControlWriteStatusStage
                0x00002c34       0x20 .\CortexM3\ARM_GCC_493\Debug\Node-Beaver.a(USBUART_1_drv.o)
                0x00002c34                USBUART_1_ControlWriteStatusStage
 .text.USBUART_1_InitNoDataControlTransfer
                0x00002c54       0x38 .\CortexM3\ARM_GCC_493\Debug\Node-Beaver.a(USBUART_1_drv.o)
                0x00002c54                USBUART_1_InitNoDataControlTransfer
 .text.USBUART_1_NoDataControlStatusStage
                0x00002c8c       0x48 .\CortexM3\ARM_GCC_493\Debug\Node-Beaver.a(USBUART_1_drv.o)
                0x00002c8c                USBUART_1_NoDataControlStatusStage
 .text.USBUART_1_UpdateStatusBlock
                0x00002cd4       0x40 .\CortexM3\ARM_GCC_493\Debug\Node-Beaver.a(USBUART_1_drv.o)
                0x00002cd4                USBUART_1_UpdateStatusBlock
 .text.USBUART_1_InitializeStatusBlock
                0x00002d14       0x34 .\CortexM3\ARM_GCC_493\Debug\Node-Beaver.a(USBUART_1_drv.o)
                0x00002d14                USBUART_1_InitializeStatusBlock
 .text.USBUART_1_EP_1_ISR
                0x00002d48       0x48 .\CortexM3\ARM_GCC_493\Debug\Node-Beaver.a(USBUART_1_episr.o)
                0x00002d48                USBUART_1_EP_1_ISR
 .text.USBUART_1_EP_2_ISR
                0x00002d90       0x4c .\CortexM3\ARM_GCC_493\Debug\Node-Beaver.a(USBUART_1_episr.o)
                0x00002d90                USBUART_1_EP_2_ISR
 .text.USBUART_1_EP_3_ISR
                0x00002ddc       0x54 .\CortexM3\ARM_GCC_493\Debug\Node-Beaver.a(USBUART_1_episr.o)
                0x00002ddc                USBUART_1_EP_3_ISR
 .text.USBUART_1_SOF_ISR
                0x00002e30        0xc .\CortexM3\ARM_GCC_493\Debug\Node-Beaver.a(USBUART_1_episr.o)
                0x00002e30                USBUART_1_SOF_ISR
 .text.USBUART_1_BUS_RESET_ISR
                0x00002e3c        0xc .\CortexM3\ARM_GCC_493\Debug\Node-Beaver.a(USBUART_1_episr.o)
                0x00002e3c                USBUART_1_BUS_RESET_ISR
 .text.USBUART_1_DP_ISR
                0x00002e48        0xc .\CortexM3\ARM_GCC_493\Debug\Node-Beaver.a(USBUART_1_pm.o)
                0x00002e48                USBUART_1_DP_ISR
 .text.USBUART_1_HandleStandardRqst
                0x00002e54      0x48c .\CortexM3\ARM_GCC_493\Debug\Node-Beaver.a(USBUART_1_std.o)
                0x00002e54                USBUART_1_HandleStandardRqst
 .text.USBUART_1_ReadDieID
                0x000032e0       0xd4 .\CortexM3\ARM_GCC_493\Debug\Node-Beaver.a(USBUART_1_std.o)
                0x000032e0                USBUART_1_ReadDieID
 .text.USBUART_1_ConfigReg
                0x000033b4      0x11c .\CortexM3\ARM_GCC_493\Debug\Node-Beaver.a(USBUART_1_std.o)
                0x000033b4                USBUART_1_ConfigReg
 .text.USBUART_1_Config
                0x000034d0      0x394 .\CortexM3\ARM_GCC_493\Debug\Node-Beaver.a(USBUART_1_std.o)
                0x000034d0                USBUART_1_Config
 .text.USBUART_1_ConfigAltChanged
                0x00003864      0x23c .\CortexM3\ARM_GCC_493\Debug\Node-Beaver.a(USBUART_1_std.o)
                0x00003864                USBUART_1_ConfigAltChanged
 .text.USBUART_1_GetConfigTablePtr
                0x00003aa0       0x54 .\CortexM3\ARM_GCC_493\Debug\Node-Beaver.a(USBUART_1_std.o)
                0x00003aa0                USBUART_1_GetConfigTablePtr
 .text.USBUART_1_GetDeviceTablePtr
                0x00003af4       0x24 .\CortexM3\ARM_GCC_493\Debug\Node-Beaver.a(USBUART_1_std.o)
                0x00003af4                USBUART_1_GetDeviceTablePtr
 .text.USBUART_1_GetInterfaceClassTablePtr
                0x00003b18       0x4c .\CortexM3\ARM_GCC_493\Debug\Node-Beaver.a(USBUART_1_std.o)
                0x00003b18                USBUART_1_GetInterfaceClassTablePtr
 .text.USBUART_1_SetEndpointHalt
                0x00003b64       0xdc .\CortexM3\ARM_GCC_493\Debug\Node-Beaver.a(USBUART_1_std.o)
                0x00003b64                USBUART_1_SetEndpointHalt
 .text.USBUART_1_ClearEndpointHalt
                0x00003c40      0x130 .\CortexM3\ARM_GCC_493\Debug\Node-Beaver.a(USBUART_1_std.o)
                0x00003c40                USBUART_1_ClearEndpointHalt
 .text.USBUART_1_ValidateAlternateSetting
                0x00003d70       0x70 .\CortexM3\ARM_GCC_493\Debug\Node-Beaver.a(USBUART_1_std.o)
                0x00003d70                USBUART_1_ValidateAlternateSetting
 .text.USBUART_1_HandleVendorRqst
                0x00003de0       0x54 .\CortexM3\ARM_GCC_493\Debug\Node-Beaver.a(USBUART_1_vnd.o)
                0x00003de0                USBUART_1_HandleVendorRqst
 .text.USBUART_1_Dp_ClearInterrupt
                0x00003e34       0x20 .\CortexM3\ARM_GCC_493\Debug\Node-Beaver.a(USBUART_1_Dp.o)
                0x00003e34                USBUART_1_Dp_ClearInterrupt
 .text.power_isr_StartEx
                0x00003e54       0x24 .\CortexM3\ARM_GCC_493\Debug\Node-Beaver.a(power_isr.o)
                0x00003e54                power_isr_StartEx
 .text.power_isr_SetVector
                0x00003e78       0x24 .\CortexM3\ARM_GCC_493\Debug\Node-Beaver.a(power_isr.o)
                0x00003e78                power_isr_SetVector
 .text.power_isr_SetPriority
                0x00003e9c       0x24 .\CortexM3\ARM_GCC_493\Debug\Node-Beaver.a(power_isr.o)
                0x00003e9c                power_isr_SetPriority
 .text.power_isr_Enable
                0x00003ec0       0x18 .\CortexM3\ARM_GCC_493\Debug\Node-Beaver.a(power_isr.o)
                0x00003ec0                power_isr_Enable
 .text.power_isr_Disable
                0x00003ed8       0x18 .\CortexM3\ARM_GCC_493\Debug\Node-Beaver.a(power_isr.o)
                0x00003ed8                power_isr_Disable
 .text.power_isr_ClearPending
                0x00003ef0       0x18 .\CortexM3\ARM_GCC_493\Debug\Node-Beaver.a(power_isr.o)
                0x00003ef0                power_isr_ClearPending
 .text.rtc_i2c_Init
                0x00003f08       0x80 .\CortexM3\ARM_GCC_493\Debug\Node-Beaver.a(rtc_i2c.o)
                0x00003f08                rtc_i2c_Init
 .text.rtc_i2c_Enable
                0x00003f88       0x44 .\CortexM3\ARM_GCC_493\Debug\Node-Beaver.a(rtc_i2c.o)
                0x00003f88                rtc_i2c_Enable
 .text.rtc_i2c_Start
                0x00003fcc       0x2c .\CortexM3\ARM_GCC_493\Debug\Node-Beaver.a(rtc_i2c.o)
                0x00003fcc                rtc_i2c_Start
 .text.rtc_i2c_ISR
                0x00003ff8      0x3ac .\CortexM3\ARM_GCC_493\Debug\Node-Beaver.a(rtc_i2c_INT.o)
                0x00003ff8                rtc_i2c_ISR
 .text.rtc_i2c_MasterSendStart
                0x000043a4       0xbc .\CortexM3\ARM_GCC_493\Debug\Node-Beaver.a(rtc_i2c_MASTER.o)
                0x000043a4                rtc_i2c_MasterSendStart
 .text.rtc_i2c_MasterSendStop
                0x00004460       0x58 .\CortexM3\ARM_GCC_493\Debug\Node-Beaver.a(rtc_i2c_MASTER.o)
                0x00004460                rtc_i2c_MasterSendStop
 .text.rtc_i2c_MasterWriteByte
                0x000044b8       0x80 .\CortexM3\ARM_GCC_493\Debug\Node-Beaver.a(rtc_i2c_MASTER.o)
                0x000044b8                rtc_i2c_MasterWriteByte
 .text.rtc_i2c_MasterReadByte
                0x00004538       0x7c .\CortexM3\ARM_GCC_493\Debug\Node-Beaver.a(rtc_i2c_MASTER.o)
                0x00004538                rtc_i2c_MasterReadByte
 .text.time_refresh_isr_StartEx
                0x000045b4       0x24 .\CortexM3\ARM_GCC_493\Debug\Node-Beaver.a(time_refresh_isr.o)
                0x000045b4                time_refresh_isr_StartEx
 .text.time_refresh_isr_SetVector
                0x000045d8       0x24 .\CortexM3\ARM_GCC_493\Debug\Node-Beaver.a(time_refresh_isr.o)
                0x000045d8                time_refresh_isr_SetVector
 .text.time_refresh_isr_SetPriority
                0x000045fc       0x24 .\CortexM3\ARM_GCC_493\Debug\Node-Beaver.a(time_refresh_isr.o)
                0x000045fc                time_refresh_isr_SetPriority
 .text.time_refresh_isr_Enable
                0x00004620       0x18 .\CortexM3\ARM_GCC_493\Debug\Node-Beaver.a(time_refresh_isr.o)
                0x00004620                time_refresh_isr_Enable
 .text.time_refresh_isr_Disable
                0x00004638       0x18 .\CortexM3\ARM_GCC_493\Debug\Node-Beaver.a(time_refresh_isr.o)
                0x00004638                time_refresh_isr_Disable
 .text.millis_timer_Init
                0x00004650       0x4c .\CortexM3\ARM_GCC_493\Debug\Node-Beaver.a(millis_timer.o)
                0x00004650                millis_timer_Init
 .text.millis_timer_Enable
                0x0000469c       0x20 .\CortexM3\ARM_GCC_493\Debug\Node-Beaver.a(millis_timer.o)
                0x0000469c                millis_timer_Enable
 .text.millis_timer_Start
                0x000046bc       0x20 .\CortexM3\ARM_GCC_493\Debug\Node-Beaver.a(millis_timer.o)
                0x000046bc                millis_timer_Start
 .text.millis_timer_SetInterruptMode
                0x000046dc       0x20 .\CortexM3\ARM_GCC_493\Debug\Node-Beaver.a(millis_timer.o)
                0x000046dc                millis_timer_SetInterruptMode
 .text.millis_timer_ReadStatusRegister
                0x000046fc       0x18 .\CortexM3\ARM_GCC_493\Debug\Node-Beaver.a(millis_timer.o)
                0x000046fc                millis_timer_ReadStatusRegister
 .text.millis_timer_WritePeriod
                0x00004714       0x1c .\CortexM3\ARM_GCC_493\Debug\Node-Beaver.a(millis_timer.o)
                0x00004714                millis_timer_WritePeriod
 .text.millis_timer_ReadCapture
                0x00004730       0x18 .\CortexM3\ARM_GCC_493\Debug\Node-Beaver.a(millis_timer.o)
                0x00004730                millis_timer_ReadCapture
 .text.millis_timer_WriteCounter
                0x00004748       0x1c .\CortexM3\ARM_GCC_493\Debug\Node-Beaver.a(millis_timer.o)
                0x00004748                millis_timer_WriteCounter
 .text.millis_timer_ReadCounter
                0x00004764       0x20 .\CortexM3\ARM_GCC_493\Debug\Node-Beaver.a(millis_timer.o)
                0x00004764                millis_timer_ReadCounter
 .text.millis_timer_ClearFIFO
                0x00004784       0x1c .\CortexM3\ARM_GCC_493\Debug\Node-Beaver.a(millis_timer.o)
                0x00004784                millis_timer_ClearFIFO
 .text.time_refresh_timer_Init
                0x000047a0       0x4c .\CortexM3\ARM_GCC_493\Debug\Node-Beaver.a(time_refresh_timer.o)
                0x000047a0                time_refresh_timer_Init
 .text.time_refresh_timer_Enable
                0x000047ec       0x20 .\CortexM3\ARM_GCC_493\Debug\Node-Beaver.a(time_refresh_timer.o)
                0x000047ec                time_refresh_timer_Enable
 .text.time_refresh_timer_Start
                0x0000480c       0x20 .\CortexM3\ARM_GCC_493\Debug\Node-Beaver.a(time_refresh_timer.o)
                0x0000480c                time_refresh_timer_Start
 .text.time_refresh_timer_SetInterruptMode
                0x0000482c       0x20 .\CortexM3\ARM_GCC_493\Debug\Node-Beaver.a(time_refresh_timer.o)
                0x0000482c                time_refresh_timer_SetInterruptMode
 .text.time_refresh_timer_ReadStatusRegister
                0x0000484c       0x18 .\CortexM3\ARM_GCC_493\Debug\Node-Beaver.a(time_refresh_timer.o)
                0x0000484c                time_refresh_timer_ReadStatusRegister
 .text.time_refresh_timer_WritePeriod
                0x00004864       0x20 .\CortexM3\ARM_GCC_493\Debug\Node-Beaver.a(time_refresh_timer.o)
                0x00004864                time_refresh_timer_WritePeriod
 .text.time_refresh_timer_ReadCapture
                0x00004884       0x18 .\CortexM3\ARM_GCC_493\Debug\Node-Beaver.a(time_refresh_timer.o)
                0x00004884                time_refresh_timer_ReadCapture
 .text.time_refresh_timer_WriteCounter
                0x0000489c       0x20 .\CortexM3\ARM_GCC_493\Debug\Node-Beaver.a(time_refresh_timer.o)
                0x0000489c                time_refresh_timer_WriteCounter
 .text.time_refresh_timer_ClearFIFO
                0x000048bc       0x1c .\CortexM3\ARM_GCC_493\Debug\Node-Beaver.a(time_refresh_timer.o)
                0x000048bc                time_refresh_timer_ClearFIFO
 .text.power_comp_Init
                0x000048d8       0x64 .\CortexM3\ARM_GCC_493\Debug\Node-Beaver.a(power_comp.o)
                0x000048d8                power_comp_Init
 .text.power_comp_Enable
                0x0000493c       0x34 .\CortexM3\ARM_GCC_493\Debug\Node-Beaver.a(power_comp.o)
                0x0000493c                power_comp_Enable
 .text.power_comp_Start
                0x00004970       0x20 .\CortexM3\ARM_GCC_493\Debug\Node-Beaver.a(power_comp.o)
                0x00004970                power_comp_Start
 .text.power_comp_SetSpeed
                0x00004990       0x80 .\CortexM3\ARM_GCC_493\Debug\Node-Beaver.a(power_comp.o)
                0x00004990                power_comp_SetSpeed
 .text.xbee_UART_Start
                0x00004a10       0x20 .\CortexM3\ARM_GCC_493\Debug\Node-Beaver.a(xbee_UART.o)
                0x00004a10                xbee_UART_Start
 .text.xbee_UART_Init
                0x00004a30       0x58 .\CortexM3\ARM_GCC_493\Debug\Node-Beaver.a(xbee_UART.o)
                0x00004a30                xbee_UART_Init
 .text.xbee_UART_Enable
                0x00004a88       0x68 .\CortexM3\ARM_GCC_493\Debug\Node-Beaver.a(xbee_UART.o)
                0x00004a88                xbee_UART_Enable
 .text.xbee_UART_PutChar
                0x00004af0       0x34 .\CortexM3\ARM_GCC_493\Debug\Node-Beaver.a(xbee_UART.o)
                0x00004af0                xbee_UART_PutChar
 .text.xbee_UART_PutArray
                0x00004b24       0x40 .\CortexM3\ARM_GCC_493\Debug\Node-Beaver.a(xbee_UART.o)
                0x00004b24                xbee_UART_PutArray
 .text.xbee_UART_RXISR
                0x00004b64       0xd8 .\CortexM3\ARM_GCC_493\Debug\Node-Beaver.a(xbee_UART_INT.o)
                0x00004b64                xbee_UART_RXISR
 .text.xbee_UART_IntClock_Start
                0x00004c3c       0x34 .\CortexM3\ARM_GCC_493\Debug\Node-Beaver.a(xbee_UART_IntClock.o)
                0x00004c3c                xbee_UART_IntClock_Start
 .text.sd_timer_Init
                0x00004c70       0x4c .\CortexM3\ARM_GCC_493\Debug\Node-Beaver.a(sd_timer.o)
                0x00004c70                sd_timer_Init
 .text.sd_timer_Enable
                0x00004cbc       0x20 .\CortexM3\ARM_GCC_493\Debug\Node-Beaver.a(sd_timer.o)
                0x00004cbc                sd_timer_Enable
 .text.sd_timer_Start
                0x00004cdc       0x20 .\CortexM3\ARM_GCC_493\Debug\Node-Beaver.a(sd_timer.o)
                0x00004cdc                sd_timer_Start
 .text.sd_timer_SetInterruptMode
                0x00004cfc       0x20 .\CortexM3\ARM_GCC_493\Debug\Node-Beaver.a(sd_timer.o)
                0x00004cfc                sd_timer_SetInterruptMode
 .text.sd_timer_ReadStatusRegister
                0x00004d1c       0x18 .\CortexM3\ARM_GCC_493\Debug\Node-Beaver.a(sd_timer.o)
                0x00004d1c                sd_timer_ReadStatusRegister
 .text.sd_timer_WritePeriod
                0x00004d34       0x20 .\CortexM3\ARM_GCC_493\Debug\Node-Beaver.a(sd_timer.o)
                0x00004d34                sd_timer_WritePeriod
 .text.sd_timer_ReadCapture
                0x00004d54       0x18 .\CortexM3\ARM_GCC_493\Debug\Node-Beaver.a(sd_timer.o)
                0x00004d54                sd_timer_ReadCapture
 .text.sd_timer_WriteCounter
                0x00004d6c       0x20 .\CortexM3\ARM_GCC_493\Debug\Node-Beaver.a(sd_timer.o)
                0x00004d6c                sd_timer_WriteCounter
 .text.sd_timer_ClearFIFO
                0x00004d8c       0x1c .\CortexM3\ARM_GCC_493\Debug\Node-Beaver.a(sd_timer.o)
                0x00004d8c                sd_timer_ClearFIFO
 .text.sd_isr_StartEx
                0x00004da8       0x24 .\CortexM3\ARM_GCC_493\Debug\Node-Beaver.a(sd_isr.o)
                0x00004da8                sd_isr_StartEx
 .text.sd_isr_SetVector
                0x00004dcc       0x24 .\CortexM3\ARM_GCC_493\Debug\Node-Beaver.a(sd_isr.o)
                0x00004dcc                sd_isr_SetVector
 .text.sd_isr_SetPriority
                0x00004df0       0x24 .\CortexM3\ARM_GCC_493\Debug\Node-Beaver.a(sd_isr.o)
                0x00004df0                sd_isr_SetPriority
 .text.sd_isr_Enable
                0x00004e14       0x18 .\CortexM3\ARM_GCC_493\Debug\Node-Beaver.a(sd_isr.o)
                0x00004e14                sd_isr_Enable
 .text.sd_isr_Disable
                0x00004e2c       0x18 .\CortexM3\ARM_GCC_493\Debug\Node-Beaver.a(sd_isr.o)
                0x00004e2c                sd_isr_Disable
 .text.car_state_isr_StartEx
                0x00004e44       0x24 .\CortexM3\ARM_GCC_493\Debug\Node-Beaver.a(car_state_isr.o)
                0x00004e44                car_state_isr_StartEx
 .text.car_state_isr_SetVector
                0x00004e68       0x24 .\CortexM3\ARM_GCC_493\Debug\Node-Beaver.a(car_state_isr.o)
                0x00004e68                car_state_isr_SetVector
 .text.car_state_isr_SetPriority
                0x00004e8c       0x24 .\CortexM3\ARM_GCC_493\Debug\Node-Beaver.a(car_state_isr.o)
                0x00004e8c                car_state_isr_SetPriority
 .text.car_state_isr_Enable
                0x00004eb0       0x18 .\CortexM3\ARM_GCC_493\Debug\Node-Beaver.a(car_state_isr.o)
                0x00004eb0                car_state_isr_Enable
 .text.car_state_isr_Disable
                0x00004ec8       0x18 .\CortexM3\ARM_GCC_493\Debug\Node-Beaver.a(car_state_isr.o)
                0x00004ec8                car_state_isr_Disable
 .text.car_state_timer_Init
                0x00004ee0       0x4c .\CortexM3\ARM_GCC_493\Debug\Node-Beaver.a(car_state_timer.o)
                0x00004ee0                car_state_timer_Init
 .text.car_state_timer_Enable
                0x00004f2c       0x20 .\CortexM3\ARM_GCC_493\Debug\Node-Beaver.a(car_state_timer.o)
                0x00004f2c                car_state_timer_Enable
 .text.car_state_timer_Start
                0x00004f4c       0x20 .\CortexM3\ARM_GCC_493\Debug\Node-Beaver.a(car_state_timer.o)
                0x00004f4c                car_state_timer_Start
 .text.car_state_timer_SetInterruptMode
                0x00004f6c       0x20 .\CortexM3\ARM_GCC_493\Debug\Node-Beaver.a(car_state_timer.o)
                0x00004f6c                car_state_timer_SetInterruptMode
 .text.car_state_timer_ReadStatusRegister
                0x00004f8c       0x18 .\CortexM3\ARM_GCC_493\Debug\Node-Beaver.a(car_state_timer.o)
                0x00004f8c                car_state_timer_ReadStatusRegister
 .text.car_state_timer_WritePeriod
                0x00004fa4       0x20 .\CortexM3\ARM_GCC_493\Debug\Node-Beaver.a(car_state_timer.o)
                0x00004fa4                car_state_timer_WritePeriod
 .text.car_state_timer_ReadCapture
                0x00004fc4       0x18 .\CortexM3\ARM_GCC_493\Debug\Node-Beaver.a(car_state_timer.o)
                0x00004fc4                car_state_timer_ReadCapture
 .text.car_state_timer_WriteCounter
                0x00004fdc       0x20 .\CortexM3\ARM_GCC_493\Debug\Node-Beaver.a(car_state_timer.o)
                0x00004fdc                car_state_timer_WriteCounter
 .text.car_state_timer_ClearFIFO
                0x00004ffc       0x1c .\CortexM3\ARM_GCC_493\Debug\Node-Beaver.a(car_state_timer.o)
                0x00004ffc                car_state_timer_ClearFIFO
 .text.heartbeat_timer_Init
                0x00005018       0x4c .\CortexM3\ARM_GCC_493\Debug\Node-Beaver.a(heartbeat_timer.o)
                0x00005018                heartbeat_timer_Init
 .text.heartbeat_timer_Enable
                0x00005064       0x20 .\CortexM3\ARM_GCC_493\Debug\Node-Beaver.a(heartbeat_timer.o)
                0x00005064                heartbeat_timer_Enable
 .text.heartbeat_timer_Start
                0x00005084       0x20 .\CortexM3\ARM_GCC_493\Debug\Node-Beaver.a(heartbeat_timer.o)
                0x00005084                heartbeat_timer_Start
 .text.heartbeat_timer_SetInterruptMode
                0x000050a4       0x20 .\CortexM3\ARM_GCC_493\Debug\Node-Beaver.a(heartbeat_timer.o)
                0x000050a4                heartbeat_timer_SetInterruptMode
 .text.heartbeat_timer_ReadStatusRegister
                0x000050c4       0x18 .\CortexM3\ARM_GCC_493\Debug\Node-Beaver.a(heartbeat_timer.o)
                0x000050c4                heartbeat_timer_ReadStatusRegister
 .text.heartbeat_timer_WritePeriod
                0x000050dc       0x20 .\CortexM3\ARM_GCC_493\Debug\Node-Beaver.a(heartbeat_timer.o)
                0x000050dc                heartbeat_timer_WritePeriod
 .text.heartbeat_timer_ReadCapture
                0x000050fc       0x18 .\CortexM3\ARM_GCC_493\Debug\Node-Beaver.a(heartbeat_timer.o)
                0x000050fc                heartbeat_timer_ReadCapture
 .text.heartbeat_timer_WriteCounter
                0x00005114       0x20 .\CortexM3\ARM_GCC_493\Debug\Node-Beaver.a(heartbeat_timer.o)
                0x00005114                heartbeat_timer_WriteCounter
 .text.heartbeat_timer_ClearFIFO
                0x00005134       0x1c .\CortexM3\ARM_GCC_493\Debug\Node-Beaver.a(heartbeat_timer.o)
                0x00005134                heartbeat_timer_ClearFIFO
 .text.heartbeat_isr_StartEx
                0x00005150       0x24 .\CortexM3\ARM_GCC_493\Debug\Node-Beaver.a(heartbeat_isr.o)
                0x00005150                heartbeat_isr_StartEx
 .text.heartbeat_isr_SetVector
                0x00005174       0x24 .\CortexM3\ARM_GCC_493\Debug\Node-Beaver.a(heartbeat_isr.o)
                0x00005174                heartbeat_isr_SetVector
 .text.heartbeat_isr_SetPriority
                0x00005198       0x24 .\CortexM3\ARM_GCC_493\Debug\Node-Beaver.a(heartbeat_isr.o)
                0x00005198                heartbeat_isr_SetPriority
 .text.heartbeat_isr_Enable
                0x000051bc       0x18 .\CortexM3\ARM_GCC_493\Debug\Node-Beaver.a(heartbeat_isr.o)
                0x000051bc                heartbeat_isr_Enable
 .text.heartbeat_isr_Disable
                0x000051d4       0x18 .\CortexM3\ARM_GCC_493\Debug\Node-Beaver.a(heartbeat_isr.o)
                0x000051d4                heartbeat_isr_Disable
 *fill*         0x000051ec        0x4 
 .text          0x000051f0       0x20 .\CortexM3\ARM_GCC_493\Debug\Node-Beaver.a(CyBootAsmGnu.o)
                0x000051f0                CyDelayCycles
                0x00005200                CyEnterCriticalSection
                0x00005208                CyExitCriticalSection
 .text.USBUART_1_DispatchClassRqst
                0x00005210       0x7c .\CortexM3\ARM_GCC_493\Debug\Node-Beaver.a(USBUART_1_cls.o)
                0x00005210                USBUART_1_DispatchClassRqst
 .text.FS__SD_Format
                0x0000528c      0x26c .\emFile_V322c\LinkLibrary\PSoC5\GCC\libemf32noslfn.a(FAT_FormatSD.o)
                0x0000528c                FS__SD_Format
 .text.FS_FormatSD
                0x000054f8       0x10 .\emFile_V322c\LinkLibrary\PSoC5\GCC\libemf32noslfn.a(FAT_FormatSD.o)
                0x000054f8                FS_FormatSD
 .text._CopyString
                0x00005508       0x1c .\emFile_V322c\LinkLibrary\PSoC5\GCC\libemf32noslfn.a(FAT_LFN.o)
 .text._CalcNumChar
                0x00005524       0x1e .\emFile_V322c\LinkLibrary\PSoC5\GCC\libemf32noslfn.a(FAT_LFN.o)
 .text._WriteName
                0x00005542       0x32 .\emFile_V322c\LinkLibrary\PSoC5\GCC\libemf32noslfn.a(FAT_LFN.o)
 .text._ToUpper
                0x00005574       0x10 .\emFile_V322c\LinkLibrary\PSoC5\GCC\libemf32noslfn.a(FAT_LFN.o)
 .text._CompareChar
                0x00005584       0x44 .\emFile_V322c\LinkLibrary\PSoC5\GCC\libemf32noslfn.a(FAT_LFN.o)
 .text._CalcCheckSum
                0x000055c8       0x24 .\emFile_V322c\LinkLibrary\PSoC5\GCC\libemf32noslfn.a(FAT_LFN.o)
 .text._SetDirPosIndex
                0x000055ec        0x8 .\emFile_V322c\LinkLibrary\PSoC5\GCC\libemf32noslfn.a(FAT_LFN.o)
 .text.FS_FAT_SupportLFN
                0x000055f4       0x10 .\emFile_V322c\LinkLibrary\PSoC5\GCC\libemf32noslfn.a(FAT_LFN.o)
                0x000055f4                FS_FAT_SupportLFN
 .text._LFN_DelLongEntry
                0x00005604       0x5e .\emFile_V322c\LinkLibrary\PSoC5\GCC\libemf32noslfn.a(FAT_LFN.o)
 .text._CorrectTrail
                0x00005662       0x28 .\emFile_V322c\LinkLibrary\PSoC5\GCC\libemf32noslfn.a(FAT_LFN.o)
 .text._CalcNumLongEntries
                0x0000568a       0x16 .\emFile_V322c\LinkLibrary\PSoC5\GCC\libemf32noslfn.a(FAT_LFN.o)
 .text._ComputeLongDirEntry
                0x000056a0       0x88 .\emFile_V322c\LinkLibrary\PSoC5\GCC\libemf32noslfn.a(FAT_LFN.o)
 .text._LFN_FindDirEntry
                0x00005728      0x146 .\emFile_V322c\LinkLibrary\PSoC5\GCC\libemf32noslfn.a(FAT_LFN.o)
 .text._GenerateShortEntry
                0x0000586e       0xce .\emFile_V322c\LinkLibrary\PSoC5\GCC\libemf32noslfn.a(FAT_LFN.o)
 .text._LFN_ReadDirEntryInfo
                0x0000593c      0x1c6 .\emFile_V322c\LinkLibrary\PSoC5\GCC\libemf32noslfn.a(FAT_LFN.o)
 .text._LFN_CreateDirEntry
                0x00005b02      0x2a4 .\emFile_V322c\LinkLibrary\PSoC5\GCC\libemf32noslfn.a(FAT_LFN.o)
 .text._ClusterId2FATOff
                0x00005da6       0x18 .\emFile_V322c\LinkLibrary\PSoC5\GCC\libemf32noslfn.a(FAT_Misc.o)
 .text._CalcLogClusterPos
                0x00005dbe        0xe .\emFile_V322c\LinkLibrary\PSoC5\GCC\libemf32noslfn.a(FAT_Misc.o)
 .text._ReadFromFreeClusterCache
                0x00005dcc       0x46 .\emFile_V322c\LinkLibrary\PSoC5\GCC\libemf32noslfn.a(FAT_Misc.o)
 .text.FS_FAT_GetFATType
                0x00005e12       0x1a .\emFile_V322c\LinkLibrary\PSoC5\GCC\libemf32noslfn.a(FAT_Misc.o)
                0x00005e12                FS_FAT_GetFATType
 .text.FS_FAT_ClusterId2SectorNo
                0x00005e2c        0xc .\emFile_V322c\LinkLibrary\PSoC5\GCC\libemf32noslfn.a(FAT_Misc.o)
                0x00005e2c                FS_FAT_ClusterId2SectorNo
 .text.FS_FAT_IsValidShortNameChar
                0x00005e38       0x34 .\emFile_V322c\LinkLibrary\PSoC5\GCC\libemf32noslfn.a(FAT_Misc.o)
                0x00005e38                FS_FAT_IsValidShortNameChar
 .text.FS_FAT_CopyShortName
                0x00005e6c       0x56 .\emFile_V322c\LinkLibrary\PSoC5\GCC\libemf32noslfn.a(FAT_Misc.o)
                0x00005e6c                FS_FAT_CopyShortName
 .text._SFN_CreateDirEntry
                0x00005ec2       0x5a .\emFile_V322c\LinkLibrary\PSoC5\GCC\libemf32noslfn.a(FAT_Misc.o)
 .text._SFN_FindDirEntry
                0x00005f1c       0x10 .\emFile_V322c\LinkLibrary\PSoC5\GCC\libemf32noslfn.a(FAT_Misc.o)
 .text.FS_FAT_FindDirEntry
                0x00005f2c       0x60 .\emFile_V322c\LinkLibrary\PSoC5\GCC\libemf32noslfn.a(FAT_Misc.o)
                0x00005f2c                FS_FAT_FindDirEntry
 .text.FS_FAT_CopyDirEntryInfo
                0x00005f8c       0x50 .\emFile_V322c\LinkLibrary\PSoC5\GCC\libemf32noslfn.a(FAT_Misc.o)
                0x00005f8c                FS_FAT_CopyDirEntryInfo
 .text._SFN_ReadDirEntryInfo
                0x00005fdc       0x6e .\emFile_V322c\LinkLibrary\PSoC5\GCC\libemf32noslfn.a(FAT_Misc.o)
 .text._SetFATSector
                0x0000604a        0x6 .\emFile_V322c\LinkLibrary\PSoC5\GCC\libemf32noslfn.a(FAT_Misc.o)
 .text.FS_FAT_ReadFATEntry
                0x00006050       0xb2 .\emFile_V322c\LinkLibrary\PSoC5\GCC\libemf32noslfn.a(FAT_Misc.o)
                0x00006050                FS_FAT_ReadFATEntry
 *fill*         0x00006102        0x2 
 .text.FS_FAT_GetNumAdjClustersInChain
                0x00006104       0x64 .\emFile_V322c\LinkLibrary\PSoC5\GCC\libemf32noslfn.a(FAT_Misc.o)
                0x00006104                FS_FAT_GetNumAdjClustersInChain
 .text.FS_FAT_WalkClusterEx
                0x00006168       0x5c .\emFile_V322c\LinkLibrary\PSoC5\GCC\libemf32noslfn.a(FAT_Misc.o)
                0x00006168                FS_FAT_WalkClusterEx
 .text.FS_FAT_GotoCluster
                0x000061c4       0x88 .\emFile_V322c\LinkLibrary\PSoC5\GCC\libemf32noslfn.a(FAT_Misc.o)
                0x000061c4                FS_FAT_GotoCluster
 .text.FS_FAT_WalkCluster
                0x0000624c       0x18 .\emFile_V322c\LinkLibrary\PSoC5\GCC\libemf32noslfn.a(FAT_Misc.o)
                0x0000624c                FS_FAT_WalkCluster
 .text.FS_FAT_FindLastCluster
                0x00006264       0x34 .\emFile_V322c\LinkLibrary\PSoC5\GCC\libemf32noslfn.a(FAT_Misc.o)
                0x00006264                FS_FAT_FindLastCluster
 .text._WriteFATEntry
                0x00006298      0x18e .\emFile_V322c\LinkLibrary\PSoC5\GCC\libemf32noslfn.a(FAT_Misc.o)
 .text.FS_FAT_MarkClusterEOC
                0x00006426        0x8 .\emFile_V322c\LinkLibrary\PSoC5\GCC\libemf32noslfn.a(FAT_Misc.o)
                0x00006426                FS_FAT_MarkClusterEOC
 .text.FS_FAT_SyncFAT
                0x0000642e       0x3c .\emFile_V322c\LinkLibrary\PSoC5\GCC\libemf32noslfn.a(FAT_Misc.o)
                0x0000642e                FS_FAT_SyncFAT
 .text.FS_FAT_LinkCluster
                0x0000646a       0x1c .\emFile_V322c\LinkLibrary\PSoC5\GCC\libemf32noslfn.a(FAT_Misc.o)
                0x0000646a                FS_FAT_LinkCluster
 *fill*         0x00006486        0x2 
 .text._CalcFreeClusterCnt
                0x00006488       0x88 .\emFile_V322c\LinkLibrary\PSoC5\GCC\libemf32noslfn.a(FAT_Misc.o)
 .text.FS_FAT_FindFreeCluster
                0x00006510       0xa8 .\emFile_V322c\LinkLibrary\PSoC5\GCC\libemf32noslfn.a(FAT_Misc.o)
                0x00006510                FS_FAT_FindFreeCluster
 .text.FS_FAT_AllocCluster
                0x000065b8       0x20 .\emFile_V322c\LinkLibrary\PSoC5\GCC\libemf32noslfn.a(FAT_Misc.o)
                0x000065b8                FS_FAT_AllocCluster
 .text._WriteEmptyFATSectors
                0x000065d8       0x3c .\emFile_V322c\LinkLibrary\PSoC5\GCC\libemf32noslfn.a(FAT_Misc.o)
 .text.FS_FAT_FreeClusterChain
                0x00006614       0xe0 .\emFile_V322c\LinkLibrary\PSoC5\GCC\libemf32noslfn.a(FAT_Misc.o)
                0x00006614                FS_FAT_FreeClusterChain
 .text.FS_FAT_CheckBPB
                0x000066f4      0x1cc .\emFile_V322c\LinkLibrary\PSoC5\GCC\libemf32noslfn.a(FAT_Misc.o)
                0x000066f4                FS_FAT_CheckBPB
 .text.FS_FAT_InitDirEntryScan
                0x000068c0       0x14 .\emFile_V322c\LinkLibrary\PSoC5\GCC\libemf32noslfn.a(FAT_Open.o)
                0x000068c0                FS_FAT_InitDirEntryScan
 .text.FS_FAT_IncDirPos
                0x000068d4        0x8 .\emFile_V322c\LinkLibrary\PSoC5\GCC\libemf32noslfn.a(FAT_Open.o)
                0x000068d4                FS_FAT_IncDirPos
 .text._CopyDirText
                0x000068dc       0x44 .\emFile_V322c\LinkLibrary\PSoC5\GCC\libemf32noslfn.a(FAT_Open.o)
 .text.FS_FAT_Make83Name
                0x00006920       0xb0 .\emFile_V322c\LinkLibrary\PSoC5\GCC\libemf32noslfn.a(FAT_Open.o)
                0x00006920                FS_FAT_Make83Name
 .text.FS_FAT_GetDirEntry
                0x000069d0       0xb2 .\emFile_V322c\LinkLibrary\PSoC5\GCC\libemf32noslfn.a(FAT_Open.o)
                0x000069d0                FS_FAT_GetDirEntry
 .text.FS_FAT_FindDirEntryShortEx
                0x00006a82       0x5a .\emFile_V322c\LinkLibrary\PSoC5\GCC\libemf32noslfn.a(FAT_Open.o)
                0x00006a82                FS_FAT_FindDirEntryShortEx
 .text.FS_FAT_FindDirEntryShort
                0x00006adc       0x36 .\emFile_V322c\LinkLibrary\PSoC5\GCC\libemf32noslfn.a(FAT_Open.o)
                0x00006adc                FS_FAT_FindDirEntryShort
 .text.FS_FAT_FindEmptyDirEntry
                0x00006b12       0xb0 .\emFile_V322c\LinkLibrary\PSoC5\GCC\libemf32noslfn.a(FAT_Open.o)
                0x00006b12                FS_FAT_FindEmptyDirEntry
 .text.FS_FAT_GetFirstCluster
                0x00006bc2       0x1a .\emFile_V322c\LinkLibrary\PSoC5\GCC\libemf32noslfn.a(FAT_Open.o)
                0x00006bc2                FS_FAT_GetFirstCluster
 .text.FS_FAT_FindPath
                0x00006bdc       0x7a .\emFile_V322c\LinkLibrary\PSoC5\GCC\libemf32noslfn.a(FAT_Open.o)
                0x00006bdc                FS_FAT_FindPath
 .text.FS_FAT_DeleteFileOrDir
                0x00006c56       0x48 .\emFile_V322c\LinkLibrary\PSoC5\GCC\libemf32noslfn.a(FAT_Open.o)
                0x00006c56                FS_FAT_DeleteFileOrDir
 *fill*         0x00006c9e        0x2 
 .text.FS_FAT_Open
                0x00006ca0      0x1dc .\emFile_V322c\LinkLibrary\PSoC5\GCC\libemf32noslfn.a(FAT_Open.o)
                0x00006ca0                FS_FAT_Open
 .text.FS_FAT_WriteDirEntryCluster
                0x00006e7c       0x1c .\emFile_V322c\LinkLibrary\PSoC5\GCC\libemf32noslfn.a(FAT_Open.o)
                0x00006e7c                FS_FAT_WriteDirEntryCluster
 .text.FS_FAT_WriteDirEntry83
                0x00006e98       0x6c .\emFile_V322c\LinkLibrary\PSoC5\GCC\libemf32noslfn.a(FAT_Open.o)
                0x00006e98                FS_FAT_WriteDirEntry83
 .text.FS_FAT_Clean
                0x00006f04       0x54 .\emFile_V322c\LinkLibrary\PSoC5\GCC\libemf32noslfn.a(FAT_Write.o)
                0x00006f04                FS_FAT_Clean
 .text._WriteBurst
                0x00006f58       0x24 .\emFile_V322c\LinkLibrary\PSoC5\GCC\libemf32noslfn.a(FAT_Write.o)
 .text.FS_FAT_GotoClusterAllocIfReq
                0x00006f7c       0xa8 .\emFile_V322c\LinkLibrary\PSoC5\GCC\libemf32noslfn.a(FAT_Write.o)
                0x00006f7c                FS_FAT_GotoClusterAllocIfReq
 .text.FS_FAT_UpdateDirEntry
                0x00007024       0x68 .\emFile_V322c\LinkLibrary\PSoC5\GCC\libemf32noslfn.a(FAT_Write.o)
                0x00007024                FS_FAT_UpdateDirEntry
 .text.FS_FAT_Close
                0x0000708c       0x44 .\emFile_V322c\LinkLibrary\PSoC5\GCC\libemf32noslfn.a(FAT_Write.o)
                0x0000708c                FS_FAT_Close
 .text.FS_FAT_Write
                0x000070d0      0x1c8 .\emFile_V322c\LinkLibrary\PSoC5\GCC\libemf32noslfn.a(FAT_Write.o)
                0x000070d0                FS_FAT_Write
 .text.FS__GetFileAttributes
                0x00007298       0x38 .\emFile_V322c\LinkLibrary\PSoC5\GCC\libemf32noslfn.a(FS_Attrib.o)
                0x00007298                FS__GetFileAttributes
 .text.FS_GetFileAttributes
                0x000072d0        0x4 .\emFile_V322c\LinkLibrary\PSoC5\GCC\libemf32noslfn.a(FS_Attrib.o)
                0x000072d0                FS_GetFileAttributes
 .text.FS__CLIB_memcmp
                0x000072d4       0x20 .\emFile_V322c\LinkLibrary\PSoC5\GCC\libemf32noslfn.a(FS_CLib.o)
                0x000072d4                FS__CLIB_memcmp
 .text.FS__CLIB_memset
                0x000072f4       0x6c .\emFile_V322c\LinkLibrary\PSoC5\GCC\libemf32noslfn.a(FS_CLib.o)
                0x000072f4                FS__CLIB_memset
 .text.FS__CLIB_strcmp
                0x00007360       0x1a .\emFile_V322c\LinkLibrary\PSoC5\GCC\libemf32noslfn.a(FS_CLib.o)
                0x00007360                FS__CLIB_strcmp
 .text.FS__CLIB_strlen
                0x0000737a       0x10 .\emFile_V322c\LinkLibrary\PSoC5\GCC\libemf32noslfn.a(FS_CLib.o)
                0x0000737a                FS__CLIB_strlen
 .text.FS__CLIB_strncmp
                0x0000738a       0x26 .\emFile_V322c\LinkLibrary\PSoC5\GCC\libemf32noslfn.a(FS_CLib.o)
                0x0000738a                FS__CLIB_strncmp
 .text.FS__CLIB_strncpy
                0x000073b0       0x2e .\emFile_V322c\LinkLibrary\PSoC5\GCC\libemf32noslfn.a(FS_CLib.o)
                0x000073b0                FS__CLIB_strncpy
 .text.FS__CLIB_toupper
                0x000073de        0xe .\emFile_V322c\LinkLibrary\PSoC5\GCC\libemf32noslfn.a(FS_CLib.o)
                0x000073de                FS__CLIB_toupper
 .text.FS__DivideU32Up
                0x000073ec        0xa .\emFile_V322c\LinkLibrary\PSoC5\GCC\libemf32noslfn.a(FS_Core.o)
                0x000073ec                FS__DivideU32Up
 .text.FS__strchr
                0x000073f6       0x14 .\emFile_V322c\LinkLibrary\PSoC5\GCC\libemf32noslfn.a(FS_Core.o)
                0x000073f6                FS__strchr
 .text.FS_LoadU32BE
                0x0000740a       0x18 .\emFile_V322c\LinkLibrary\PSoC5\GCC\libemf32noslfn.a(FS_Core.o)
                0x0000740a                FS_LoadU32BE
 .text.FS_LoadU32LE
                0x00007422       0x16 .\emFile_V322c\LinkLibrary\PSoC5\GCC\libemf32noslfn.a(FS_Core.o)
                0x00007422                FS_LoadU32LE
 .text.FS_StoreU32LE
                0x00007438       0x14 .\emFile_V322c\LinkLibrary\PSoC5\GCC\libemf32noslfn.a(FS_Core.o)
                0x00007438                FS_StoreU32LE
 .text.FS_StoreU16LE
                0x0000744c        0x8 .\emFile_V322c\LinkLibrary\PSoC5\GCC\libemf32noslfn.a(FS_Core.o)
                0x0000744c                FS_StoreU16LE
 .text.FS_LoadU16LE
                0x00007454        0xa .\emFile_V322c\LinkLibrary\PSoC5\GCC\libemf32noslfn.a(FS_Core.o)
                0x00007454                FS_LoadU16LE
 *fill*         0x0000745e        0x2 
 .text._Alloc   0x00007460       0x30 .\emFile_V322c\LinkLibrary\PSoC5\GCC\libemf32noslfn.a(FS_Core.o)
 .text.FS_Alloc
                0x00007490        0xc .\emFile_V322c\LinkLibrary\PSoC5\GCC\libemf32noslfn.a(FS_Core.o)
                0x00007490                FS_Alloc
 .text.FS_TryAlloc
                0x0000749c        0x4 .\emFile_V322c\LinkLibrary\PSoC5\GCC\libemf32noslfn.a(FS_Core.o)
                0x0000749c                FS_TryAlloc
 .text.FS_Free  0x000074a0       0x1c .\emFile_V322c\LinkLibrary\PSoC5\GCC\libemf32noslfn.a(FS_Core.o)
                0x000074a0                FS_Free
 .text.FS_AssignMemory
                0x000074bc        0xc .\emFile_V322c\LinkLibrary\PSoC5\GCC\libemf32noslfn.a(FS_Core.o)
                0x000074bc                FS_AssignMemory
 .text.FS_AllocZeroed
                0x000074c8       0x16 .\emFile_V322c\LinkLibrary\PSoC5\GCC\libemf32noslfn.a(FS_Core.o)
                0x000074c8                FS_AllocZeroed
 *fill*         0x000074de        0x2 
 .text.FS_STORAGE_Init
                0x000074e0       0x28 .\emFile_V322c\LinkLibrary\PSoC5\GCC\libemf32noslfn.a(FS_Core.o)
                0x000074e0                FS_STORAGE_Init
 .text.FS__MkDir
                0x00007508       0x24 .\emFile_V322c\LinkLibrary\PSoC5\GCC\libemf32noslfn.a(FS_Dir.o)
                0x00007508                FS__MkDir
 .text.FS_MkDir
                0x0000752c        0x4 .\emFile_V322c\LinkLibrary\PSoC5\GCC\libemf32noslfn.a(FS_Dir.o)
                0x0000752c                FS_MkDir
 .text._ClrBusyLED
                0x00007530        0xc .\emFile_V322c\LinkLibrary\PSoC5\GCC\libemf32noslfn.a(FS_LogBlock.o)
 .text._SetBusyLED
                0x0000753c        0xc .\emFile_V322c\LinkLibrary\PSoC5\GCC\libemf32noslfn.a(FS_LogBlock.o)
 .text._Read    0x00007548        0xc .\emFile_V322c\LinkLibrary\PSoC5\GCC\libemf32noslfn.a(FS_LogBlock.o)
 .text._Write   0x00007554       0x12 .\emFile_V322c\LinkLibrary\PSoC5\GCC\libemf32noslfn.a(FS_LogBlock.o)
 .text.FS_LB_GetStatus
                0x00007566        0xc .\emFile_V322c\LinkLibrary\PSoC5\GCC\libemf32noslfn.a(FS_LogBlock.o)
                0x00007566                FS_LB_GetStatus
 .text.FS_LB_InitMedium
                0x00007572       0x1a .\emFile_V322c\LinkLibrary\PSoC5\GCC\libemf32noslfn.a(FS_LogBlock.o)
                0x00007572                FS_LB_InitMedium
 .text.FS_LB_InitMediumIfRequired
                0x0000758c       0x10 .\emFile_V322c\LinkLibrary\PSoC5\GCC\libemf32noslfn.a(FS_LogBlock.o)
                0x0000758c                FS_LB_InitMediumIfRequired
 .text.FS_LB_ReadDevice
                0x0000759c       0x2e .\emFile_V322c\LinkLibrary\PSoC5\GCC\libemf32noslfn.a(FS_LogBlock.o)
                0x0000759c                FS_LB_ReadDevice
 .text.FS_LB_ReadPart
                0x000075ca        0xe .\emFile_V322c\LinkLibrary\PSoC5\GCC\libemf32noslfn.a(FS_LogBlock.o)
                0x000075ca                FS_LB_ReadPart
 .text.FS_LB_ReadBurst
                0x000075d8       0x38 .\emFile_V322c\LinkLibrary\PSoC5\GCC\libemf32noslfn.a(FS_LogBlock.o)
                0x000075d8                FS_LB_ReadBurst
 .text.FS_LB_ReadBurstPart
                0x00007610       0x14 .\emFile_V322c\LinkLibrary\PSoC5\GCC\libemf32noslfn.a(FS_LogBlock.o)
                0x00007610                FS_LB_ReadBurstPart
 .text.FS_LB_WriteBurst
                0x00007624       0x30 .\emFile_V322c\LinkLibrary\PSoC5\GCC\libemf32noslfn.a(FS_LogBlock.o)
                0x00007624                FS_LB_WriteBurst
 .text.FS_LB_WriteBurstPart
                0x00007654       0x14 .\emFile_V322c\LinkLibrary\PSoC5\GCC\libemf32noslfn.a(FS_LogBlock.o)
                0x00007654                FS_LB_WriteBurstPart
 .text.FS_LB_WriteMultiple
                0x00007668       0x30 .\emFile_V322c\LinkLibrary\PSoC5\GCC\libemf32noslfn.a(FS_LogBlock.o)
                0x00007668                FS_LB_WriteMultiple
 .text.FS_LB_WriteMultiplePart
                0x00007698       0x14 .\emFile_V322c\LinkLibrary\PSoC5\GCC\libemf32noslfn.a(FS_LogBlock.o)
                0x00007698                FS_LB_WriteMultiplePart
 .text.FS_LB_WriteDevice
                0x000076ac       0x36 .\emFile_V322c\LinkLibrary\PSoC5\GCC\libemf32noslfn.a(FS_LogBlock.o)
                0x000076ac                FS_LB_WriteDevice
 .text.FS_LB_WritePart
                0x000076e2        0xe .\emFile_V322c\LinkLibrary\PSoC5\GCC\libemf32noslfn.a(FS_LogBlock.o)
                0x000076e2                FS_LB_WritePart
 .text.FS_LB_Ioctl
                0x000076f0       0x2a .\emFile_V322c\LinkLibrary\PSoC5\GCC\libemf32noslfn.a(FS_LogBlock.o)
                0x000076f0                FS_LB_Ioctl
 .text.FS_GetSectorSize
                0x0000771a       0x28 .\emFile_V322c\LinkLibrary\PSoC5\GCC\libemf32noslfn.a(FS_LogBlock.o)
                0x0000771a                FS_GetSectorSize
 .text.FS_LB_GetDeviceInfo
                0x00007742       0x26 .\emFile_V322c\LinkLibrary\PSoC5\GCC\libemf32noslfn.a(FS_LogBlock.o)
                0x00007742                FS_LB_GetDeviceInfo
 .text.FS_memcpy
                0x00007768      0x120 .\emFile_V322c\LinkLibrary\PSoC5\GCC\libemf32noslfn.a(FS_memcpy.o)
                0x00007768                FS_memcpy
 .text._CalcSizeInKB
                0x00007888       0x14 .\emFile_V322c\LinkLibrary\PSoC5\GCC\libemf32noslfn.a(FS_Misc.o)
 .text.FS__AllocSectorBuffer
                0x0000789c       0x2c .\emFile_V322c\LinkLibrary\PSoC5\GCC\libemf32noslfn.a(FS_Misc.o)
                0x0000789c                FS__AllocSectorBuffer
 .text.FS__FreeSectorBuffer
                0x000078c8       0x28 .\emFile_V322c\LinkLibrary\PSoC5\GCC\libemf32noslfn.a(FS_Misc.o)
                0x000078c8                FS__FreeSectorBuffer
 .text.FS__SB_MarkDirty
                0x000078f0        0x6 .\emFile_V322c\LinkLibrary\PSoC5\GCC\libemf32noslfn.a(FS_Misc.o)
                0x000078f0                FS__SB_MarkDirty
 .text.FS__SB_MarkNotDirty
                0x000078f6        0x6 .\emFile_V322c\LinkLibrary\PSoC5\GCC\libemf32noslfn.a(FS_Misc.o)
                0x000078f6                FS__SB_MarkNotDirty
 .text.FS__FreeFileHandle
                0x000078fc        0xa .\emFile_V322c\LinkLibrary\PSoC5\GCC\libemf32noslfn.a(FS_Misc.o)
                0x000078fc                FS__FreeFileHandle
 .text.FS__FreeFileObj
                0x00007906        0xc .\emFile_V322c\LinkLibrary\PSoC5\GCC\libemf32noslfn.a(FS_Misc.o)
                0x00007906                FS__FreeFileObj
 .text.FS__CalcSizeInBytes
                0x00007912       0x20 .\emFile_V322c\LinkLibrary\PSoC5\GCC\libemf32noslfn.a(FS_Misc.o)
                0x00007912                FS__CalcSizeInBytes
 *fill*         0x00007932        0x2 
 .text.FS_SetFileWriteMode
                0x00007934        0xc .\emFile_V322c\LinkLibrary\PSoC5\GCC\libemf32noslfn.a(FS_Misc.o)
                0x00007934                FS_SetFileWriteMode
 .text.FS_Init  0x00007940       0x58 .\emFile_V322c\LinkLibrary\PSoC5\GCC\libemf32noslfn.a(FS_Misc.o)
                0x00007940                FS_Init
 .text.FS__SB_Create
                0x00007998       0x28 .\emFile_V322c\LinkLibrary\PSoC5\GCC\libemf32noslfn.a(FS_Misc.o)
                0x00007998                FS__SB_Create
 .text.FS__FCloseNL
                0x000079c0       0x1e .\emFile_V322c\LinkLibrary\PSoC5\GCC\libemf32noslfn.a(FS_Misc.o)
                0x000079c0                FS__FCloseNL
 .text.FS__FClose
                0x000079de       0x1a .\emFile_V322c\LinkLibrary\PSoC5\GCC\libemf32noslfn.a(FS_Misc.o)
                0x000079de                FS__FClose
 .text.FS_FClose
                0x000079f8        0xa .\emFile_V322c\LinkLibrary\PSoC5\GCC\libemf32noslfn.a(FS_Misc.o)
                0x000079f8                FS_FClose
 *fill*         0x00007a02        0x2 
 .text.FS__AllocFileObj
                0x00007a04       0x48 .\emFile_V322c\LinkLibrary\PSoC5\GCC\libemf32noslfn.a(FS_Misc.o)
                0x00007a04                FS__AllocFileObj
 .text.FS__AllocFileHandle
                0x00007a4c       0x40 .\emFile_V322c\LinkLibrary\PSoC5\GCC\libemf32noslfn.a(FS_Misc.o)
                0x00007a4c                FS__AllocFileHandle
 .text.FS__OpenEx
                0x00007a8c       0x58 .\emFile_V322c\LinkLibrary\PSoC5\GCC\libemf32noslfn.a(FS_Misc.o)
                0x00007a8c                FS__OpenEx
 .text.FS__FOpenEx
                0x00007ae4       0x56 .\emFile_V322c\LinkLibrary\PSoC5\GCC\libemf32noslfn.a(FS_Misc.o)
                0x00007ae4                FS__FOpenEx
 *fill*         0x00007b3a        0x2 
 .text.FS__FOpen
                0x00007b3c       0x48 .\emFile_V322c\LinkLibrary\PSoC5\GCC\libemf32noslfn.a(FS_Misc.o)
                0x00007b3c                FS__FOpen
 .text.FS_FOpen
                0x00007b84        0x4 .\emFile_V322c\LinkLibrary\PSoC5\GCC\libemf32noslfn.a(FS_Misc.o)
                0x00007b84                FS_FOpen
 .text.FS__Remove
                0x00007b88       0x28 .\emFile_V322c\LinkLibrary\PSoC5\GCC\libemf32noslfn.a(FS_Misc.o)
                0x00007b88                FS__Remove
 .text.FS_Remove
                0x00007bb0        0x4 .\emFile_V322c\LinkLibrary\PSoC5\GCC\libemf32noslfn.a(FS_Misc.o)
                0x00007bb0                FS_Remove
 .text.FS__SB_Write
                0x00007bb4       0x24 .\emFile_V322c\LinkLibrary\PSoC5\GCC\libemf32noslfn.a(FS_Misc.o)
                0x00007bb4                FS__SB_Write
 .text._SB_Clean
                0x00007bd8       0x24 .\emFile_V322c\LinkLibrary\PSoC5\GCC\libemf32noslfn.a(FS_Misc.o)
 .text.FS__SB_SetSector
                0x00007bfc       0x20 .\emFile_V322c\LinkLibrary\PSoC5\GCC\libemf32noslfn.a(FS_Misc.o)
                0x00007bfc                FS__SB_SetSector
 .text.FS__SB_MarkValid
                0x00007c1c       0x10 .\emFile_V322c\LinkLibrary\PSoC5\GCC\libemf32noslfn.a(FS_Misc.o)
                0x00007c1c                FS__SB_MarkValid
 .text.FS__SB_Clean
                0x00007c2c        0x4 .\emFile_V322c\LinkLibrary\PSoC5\GCC\libemf32noslfn.a(FS_Misc.o)
                0x00007c2c                FS__SB_Clean
 .text.FS__SB_Delete
                0x00007c30       0x12 .\emFile_V322c\LinkLibrary\PSoC5\GCC\libemf32noslfn.a(FS_Misc.o)
                0x00007c30                FS__SB_Delete
 .text.FS__SB_Flush
                0x00007c42        0x8 .\emFile_V322c\LinkLibrary\PSoC5\GCC\libemf32noslfn.a(FS_Misc.o)
                0x00007c42                FS__SB_Flush
 .text.FS__SB_Read
                0x00007c4a       0x2a .\emFile_V322c\LinkLibrary\PSoC5\GCC\libemf32noslfn.a(FS_Misc.o)
                0x00007c4a                FS__SB_Read
 .text.FS__Read
                0x00007c74       0x2e .\emFile_V322c\LinkLibrary\PSoC5\GCC\libemf32noslfn.a(FS_Read.o)
                0x00007c74                FS__Read
 .text.FS_Read  0x00007ca2        0x4 .\emFile_V322c\LinkLibrary\PSoC5\GCC\libemf32noslfn.a(FS_Read.o)
                0x00007ca2                FS_Read
 .text.FS__AddPhysDevice
                0x00007ca6       0x10 .\emFile_V322c\LinkLibrary\PSoC5\GCC\libemf32noslfn.a(FS_Storage.o)
                0x00007ca6                FS__AddPhysDevice
 *fill*         0x00007cb6        0x2 
 .text.FS_GetNumVolumes
                0x00007cb8        0xc .\emFile_V322c\LinkLibrary\PSoC5\GCC\libemf32noslfn.a(FS_Storage.o)
                0x00007cb8                FS_GetNumVolumes
 .text.FS__FindVolume
                0x00007cc4       0x78 .\emFile_V322c\LinkLibrary\PSoC5\GCC\libemf32noslfn.a(FS_Storage.o)
                0x00007cc4                FS__FindVolume
 .text.FS__AddDevice
                0x00007d3c       0x68 .\emFile_V322c\LinkLibrary\PSoC5\GCC\libemf32noslfn.a(FS_Storage.o)
                0x00007d3c                FS__AddDevice
 .text.FS_AddDevice
                0x00007da4        0x4 .\emFile_V322c\LinkLibrary\PSoC5\GCC\libemf32noslfn.a(FS_Storage.o)
                0x00007da4                FS_AddDevice
 .text.FS__IoCtlNL
                0x00007da8       0x36 .\emFile_V322c\LinkLibrary\PSoC5\GCC\libemf32noslfn.a(FS_Storage.o)
                0x00007da8                FS__IoCtlNL
 .text.FS__IoCtl
                0x00007dde        0xa .\emFile_V322c\LinkLibrary\PSoC5\GCC\libemf32noslfn.a(FS_Storage.o)
                0x00007dde                FS__IoCtl
 .text.FS__STORAGE_Sync
                0x00007de8       0x10 .\emFile_V322c\LinkLibrary\PSoC5\GCC\libemf32noslfn.a(FS_Storage.o)
                0x00007de8                FS__STORAGE_Sync
 .text.FS_FileTimeToTimeStamp
                0x00007df8       0x34 .\emFile_V322c\LinkLibrary\PSoC5\GCC\libemf32noslfn.a(FS_Time.o)
                0x00007df8                FS_FileTimeToTimeStamp
 .text.FS__SetFileTimeEx
                0x00007e2c       0x44 .\emFile_V322c\LinkLibrary\PSoC5\GCC\libemf32noslfn.a(FS_Time.o)
                0x00007e2c                FS__SetFileTimeEx
 .text.FS_SetFileTime
                0x00007e70        0x6 .\emFile_V322c\LinkLibrary\PSoC5\GCC\libemf32noslfn.a(FS_Time.o)
                0x00007e70                FS_SetFileTime
 *fill*         0x00007e76        0x2 
 .text.FS__UnmountForcedNL
                0x00007e78       0x54 .\emFile_V322c\LinkLibrary\PSoC5\GCC\libemf32noslfn.a(FS_Unmount.o)
                0x00007e78                FS__UnmountForcedNL
 .text.FS__UnmountForced
                0x00007ecc        0x4 .\emFile_V322c\LinkLibrary\PSoC5\GCC\libemf32noslfn.a(FS_Unmount.o)
                0x00007ecc                FS__UnmountForced
 .text.FS__Unmount
                0x00007ed0       0x60 .\emFile_V322c\LinkLibrary\PSoC5\GCC\libemf32noslfn.a(FS_Unmount.o)
                0x00007ed0                FS__Unmount
 .text.FS_Unmount
                0x00007f30       0x14 .\emFile_V322c\LinkLibrary\PSoC5\GCC\libemf32noslfn.a(FS_Unmount.o)
                0x00007f30                FS_Unmount
 .text.FS__Sync
                0x00007f44       0x40 .\emFile_V322c\LinkLibrary\PSoC5\GCC\libemf32noslfn.a(FS_Volume.o)
                0x00007f44                FS__Sync
 .text.FS_Sync  0x00007f84       0x16 .\emFile_V322c\LinkLibrary\PSoC5\GCC\libemf32noslfn.a(FS_Volume.o)
                0x00007f84                FS_Sync
 .text._Mount   0x00007f9a       0x2e .\emFile_V322c\LinkLibrary\PSoC5\GCC\libemf32noslfn.a(FS_Volume.o)
 .text.FS__AutoMount
                0x00007fc8       0x14 .\emFile_V322c\LinkLibrary\PSoC5\GCC\libemf32noslfn.a(FS_Volume.o)
                0x00007fc8                FS__AutoMount
 .text._GetVolumeInfoEx
                0x00007fdc       0x30 .\emFile_V322c\LinkLibrary\PSoC5\GCC\libemf32noslfn.a(FS_Volume.o)
 .text.FS__GetVolumeInfoEx
                0x0000800c       0x24 .\emFile_V322c\LinkLibrary\PSoC5\GCC\libemf32noslfn.a(FS_Volume.o)
                0x0000800c                FS__GetVolumeInfoEx
 .text.FS_GetVolumeSize
                0x00008030       0x28 .\emFile_V322c\LinkLibrary\PSoC5\GCC\libemf32noslfn.a(FS_Volume.o)
                0x00008030                FS_GetVolumeSize
 .text.FS__Write
                0x00008058       0x3a .\emFile_V322c\LinkLibrary\PSoC5\GCC\libemf32noslfn.a(FS_Write.o)
                0x00008058                FS__Write
 .text.FS_Write
                0x00008092        0x4 .\emFile_V322c\LinkLibrary\PSoC5\GCC\libemf32noslfn.a(FS_Write.o)
                0x00008092                FS_Write
 *fill*         0x00008096        0x2 
 .text.FS_FAT_CreateDirEx
                0x00008098      0x110 .\emFile_V322c\LinkLibrary\PSoC5\GCC\libemf32noslfn.a(FAT_Dir.o)
                0x00008098                FS_FAT_CreateDirEx
 .text.FS_FAT_CreateDir
                0x000081a8       0x64 .\emFile_V322c\LinkLibrary\PSoC5\GCC\libemf32noslfn.a(FAT_Dir.o)
                0x000081a8                FS_FAT_CreateDir
 .text.FS_FAT_SetDirEntryInfo
                0x0000820c       0xb2 .\emFile_V322c\LinkLibrary\PSoC5\GCC\libemf32noslfn.a(FAT_DirEntry.o)
                0x0000820c                FS_FAT_SetDirEntryInfo
 .text.FS_FAT_GetDirEntryInfo
                0x000082be       0x90 .\emFile_V322c\LinkLibrary\PSoC5\GCC\libemf32noslfn.a(FAT_DirEntry.o)
                0x000082be                FS_FAT_GetDirEntryInfo
 .text.FS_FAT_GetDiskInfo
                0x0000834e       0x84 .\emFile_V322c\LinkLibrary\PSoC5\GCC\libemf32noslfn.a(FAT_DiskInfo.o)
                0x0000834e                FS_FAT_GetDiskInfo
 *fill*         0x000083d2        0x2 
 .text.T.32     0x000083d4      0x400 .\emFile_V322c\LinkLibrary\PSoC5\GCC\libemf32noslfn.a(FAT_Format.o)
 .text._AutoFormat
                0x000087d4       0x7c .\emFile_V322c\LinkLibrary\PSoC5\GCC\libemf32noslfn.a(FAT_Format.o)
 .text.FS_FAT_FormatEx
                0x00008850       0x74 .\emFile_V322c\LinkLibrary\PSoC5\GCC\libemf32noslfn.a(FAT_Format.o)
                0x00008850                FS_FAT_FormatEx
 .text._ReadBurst
                0x000088c4       0x24 .\emFile_V322c\LinkLibrary\PSoC5\GCC\libemf32noslfn.a(FAT_Read.o)
 .text.FS_FAT_Read
                0x000088e8      0x194 .\emFile_V322c\LinkLibrary\PSoC5\GCC\libemf32noslfn.a(FAT_Read.o)
                0x000088e8                FS_FAT_Read
 .text._IsBPB   0x00008a7c       0x1e .\emFile_V322c\LinkLibrary\PSoC5\GCC\libemf32noslfn.a(FS_Partition.o)
 .text._HasSignature
                0x00008a9a       0x18 .\emFile_V322c\LinkLibrary\PSoC5\GCC\libemf32noslfn.a(FS_Partition.o)
 .text._GetPartitionStartSector
                0x00008ab2        0xc .\emFile_V322c\LinkLibrary\PSoC5\GCC\libemf32noslfn.a(FS_Partition.o)
 .text.FS__GetMediaStartSecEx
                0x00008abe       0x6e .\emFile_V322c\LinkLibrary\PSoC5\GCC\libemf32noslfn.a(FS_Partition.o)
                0x00008abe                FS__GetMediaStartSecEx
 .text.FS__LocatePartition
                0x00008b2c       0x44 .\emFile_V322c\LinkLibrary\PSoC5\GCC\libemf32noslfn.a(FS_Partition.o)
                0x00008b2c                FS__LocatePartition
 .text.FS_X_AddDevices
                0x00008b70       0x20 .\CortexM3\ARM_GCC_493\Debug\Node-Beaver.a(emFile_1_ConfigMMC_SPI.o)
                0x00008b70                FS_X_AddDevices
 .text.FS_X_GetTimeDate
                0x00008b90       0x58 .\CortexM3\ARM_GCC_493\Debug\Node-Beaver.a(emFile_1_ConfigMMC_SPI.o)
                0x00008b90                FS_X_GetTimeDate
 .text._CalcDataCRC16Dummy
                0x00008be8        0x6 .\emFile_V322c\LinkLibrary\PSoC5\GCC\libemf32noslfn.a(MMC_Drv.o)
 *fill*         0x00008bee        0x2 
 .text._MMC_GetNumUnits
                0x00008bf0        0xc .\emFile_V322c\LinkLibrary\PSoC5\GCC\libemf32noslfn.a(MMC_Drv.o)
 .text._MMC_GetDriverName
                0x00008bfc        0x8 .\emFile_V322c\LinkLibrary\PSoC5\GCC\libemf32noslfn.a(MMC_Drv.o)
 .text._MMC_GetStatus
                0x00008c04        0x4 .\emFile_V322c\LinkLibrary\PSoC5\GCC\libemf32noslfn.a(MMC_Drv.o)
 .text._CheckR1
                0x00008c08       0x38 .\emFile_V322c\LinkLibrary\PSoC5\GCC\libemf32noslfn.a(MMC_Drv.o)
 .text._WaitToGetReady
                0x00008c40       0x26 .\emFile_V322c\LinkLibrary\PSoC5\GCC\libemf32noslfn.a(MMC_Drv.o)
 .text._SendEmptyCycles
                0x00008c66       0x24 .\emFile_V322c\LinkLibrary\PSoC5\GCC\libemf32noslfn.a(MMC_Drv.o)
 *fill*         0x00008c8a        0x2 
 .text._MMC_AddDevice
                0x00008c8c       0x2c .\emFile_V322c\LinkLibrary\PSoC5\GCC\libemf32noslfn.a(MMC_Drv.o)
 .text.T.53     0x00008cb8       0x14 .\emFile_V322c\LinkLibrary\PSoC5\GCC\libemf32noslfn.a(MMC_Drv.o)
 .text._GetFromCSD
                0x00008ccc       0x34 .\emFile_V322c\LinkLibrary\PSoC5\GCC\libemf32noslfn.a(MMC_Drv.o)
 .text._ExecCmdR1
                0x00008d00       0x98 .\emFile_V322c\LinkLibrary\PSoC5\GCC\libemf32noslfn.a(MMC_Drv.o)
 .text._ReadCSD
                0x00008d98       0x86 .\emFile_V322c\LinkLibrary\PSoC5\GCC\libemf32noslfn.a(MMC_Drv.o)
 *fill*         0x00008e1e        0x2 
 .text._MMC_Read
                0x00008e20      0x130 .\emFile_V322c\LinkLibrary\PSoC5\GCC\libemf32noslfn.a(MMC_Drv.o)
 .text._MMC_Write
                0x00008f50      0x13c .\emFile_V322c\LinkLibrary\PSoC5\GCC\libemf32noslfn.a(MMC_Drv.o)
 .text._ApplyCSD
                0x0000908c      0x228 .\emFile_V322c\LinkLibrary\PSoC5\GCC\libemf32noslfn.a(MMC_Drv.o)
 .text._MMC_Init
                0x000092b4      0x1c0 .\emFile_V322c\LinkLibrary\PSoC5\GCC\libemf32noslfn.a(MMC_Drv.o)
 .text._MMC_InitMedium
                0x00009474       0x28 .\emFile_V322c\LinkLibrary\PSoC5\GCC\libemf32noslfn.a(MMC_Drv.o)
 .text._MMC_IoCtl
                0x0000949c       0x60 .\emFile_V322c\LinkLibrary\PSoC5\GCC\libemf32noslfn.a(MMC_Drv.o)
 .text.emFile_1_Init
                0x000094fc       0x64 .\CortexM3\ARM_GCC_493\Debug\Node-Beaver.a(emFile_1_MMC_HW_SPI.o)
 .text.emFile_1_ReadWriteSPI
                0x00009560       0x68 .\CortexM3\ARM_GCC_493\Debug\Node-Beaver.a(emFile_1_MMC_HW_SPI.o)
 .text.FS_MMC_HW_X_EnableCS
                0x000095c8       0x28 .\CortexM3\ARM_GCC_493\Debug\Node-Beaver.a(emFile_1_MMC_HW_SPI.o)
                0x000095c8                FS_MMC_HW_X_EnableCS
 .text.FS_MMC_HW_X_DisableCS
                0x000095f0       0x28 .\CortexM3\ARM_GCC_493\Debug\Node-Beaver.a(emFile_1_MMC_HW_SPI.o)
                0x000095f0                FS_MMC_HW_X_DisableCS
 .text.FS_MMC_HW_X_IsWriteProtected
                0x00009618       0x2c .\CortexM3\ARM_GCC_493\Debug\Node-Beaver.a(emFile_1_MMC_HW_SPI.o)
                0x00009618                FS_MMC_HW_X_IsWriteProtected
 .text.FS_MMC_HW_X_SetMaxSpeed
                0x00009644       0x88 .\CortexM3\ARM_GCC_493\Debug\Node-Beaver.a(emFile_1_MMC_HW_SPI.o)
                0x00009644                FS_MMC_HW_X_SetMaxSpeed
 .text.FS_MMC_HW_X_SetVoltage
                0x000096cc       0x68 .\CortexM3\ARM_GCC_493\Debug\Node-Beaver.a(emFile_1_MMC_HW_SPI.o)
                0x000096cc                FS_MMC_HW_X_SetVoltage
 .text.FS_MMC_HW_X_IsPresent
                0x00009734       0x30 .\CortexM3\ARM_GCC_493\Debug\Node-Beaver.a(emFile_1_MMC_HW_SPI.o)
                0x00009734                FS_MMC_HW_X_IsPresent
 .text.FS_MMC_HW_X_Read
                0x00009764       0x34 .\CortexM3\ARM_GCC_493\Debug\Node-Beaver.a(emFile_1_MMC_HW_SPI.o)
                0x00009764                FS_MMC_HW_X_Read
 .text.FS_MMC_HW_X_Write
                0x00009798       0x34 .\CortexM3\ARM_GCC_493\Debug\Node-Beaver.a(emFile_1_MMC_HW_SPI.o)
                0x00009798                FS_MMC_HW_X_Write
 .text.emFile_1_SPI0_Init
                0x000097cc       0x30 .\CortexM3\ARM_GCC_493\Debug\Node-Beaver.a(emFile_1_SPI0.o)
                0x000097cc                emFile_1_SPI0_Init
 .text.emFile_1_SPI0_Enable
                0x000097fc       0x60 .\CortexM3\ARM_GCC_493\Debug\Node-Beaver.a(emFile_1_SPI0.o)
                0x000097fc                emFile_1_SPI0_Enable
 .text.emFile_1_SPI0_Start
                0x0000985c       0x20 .\CortexM3\ARM_GCC_493\Debug\Node-Beaver.a(emFile_1_SPI0.o)
                0x0000985c                emFile_1_SPI0_Start
 .text.emFile_1_SPI0_EnableTxInt
                0x0000987c        0xc .\CortexM3\ARM_GCC_493\Debug\Node-Beaver.a(emFile_1_SPI0.o)
                0x0000987c                emFile_1_SPI0_EnableTxInt
 .text.emFile_1_SPI0_EnableRxInt
                0x00009888        0xc .\CortexM3\ARM_GCC_493\Debug\Node-Beaver.a(emFile_1_SPI0.o)
                0x00009888                emFile_1_SPI0_EnableRxInt
 .text.emFile_1_SPI0_ReadTxStatus
                0x00009894       0x20 .\CortexM3\ARM_GCC_493\Debug\Node-Beaver.a(emFile_1_SPI0.o)
                0x00009894                emFile_1_SPI0_ReadTxStatus
 .text.emFile_1_SPI0_ReadRxStatus
                0x000098b4       0x20 .\CortexM3\ARM_GCC_493\Debug\Node-Beaver.a(emFile_1_SPI0.o)
                0x000098b4                emFile_1_SPI0_ReadRxStatus
 .text.emFile_1_SPI0_WriteTxData
                0x000098d4       0x34 .\CortexM3\ARM_GCC_493\Debug\Node-Beaver.a(emFile_1_SPI0.o)
                0x000098d4                emFile_1_SPI0_WriteTxData
 .text.emFile_1_SPI0_ReadRxData
                0x00009908       0x20 .\CortexM3\ARM_GCC_493\Debug\Node-Beaver.a(emFile_1_SPI0.o)
                0x00009908                emFile_1_SPI0_ReadRxData
 .text.emFile_1_SPI0_ClearFIFO
                0x00009928       0x5c .\CortexM3\ARM_GCC_493\Debug\Node-Beaver.a(emFile_1_SPI0.o)
                0x00009928                emFile_1_SPI0_ClearFIFO
 .text.emFile_1_Clock_1_Start
                0x00009984       0x34 .\CortexM3\ARM_GCC_493\Debug\Node-Beaver.a(emFile_1_Clock_1.o)
                0x00009984                emFile_1_Clock_1_Start
 .text.emFile_1_Clock_1_Stop
                0x000099b8       0x34 .\CortexM3\ARM_GCC_493\Debug\Node-Beaver.a(emFile_1_Clock_1.o)
                0x000099b8                emFile_1_Clock_1_Stop
 .text.emFile_1_Clock_1_SetDividerRegister
                0x000099ec      0x160 .\CortexM3\ARM_GCC_493\Debug\Node-Beaver.a(emFile_1_Clock_1.o)
                0x000099ec                emFile_1_Clock_1_SetDividerRegister
 .text.emFile_1_Clock_1_GetDividerRegister
                0x00009b4c       0x18 .\CortexM3\ARM_GCC_493\Debug\Node-Beaver.a(emFile_1_Clock_1.o)
                0x00009b4c                emFile_1_Clock_1_GetDividerRegister
 .text.emFile_1_Clock_1_GetSourceRegister
                0x00009b64       0x20 .\CortexM3\ARM_GCC_493\Debug\Node-Beaver.a(emFile_1_Clock_1.o)
                0x00009b64                emFile_1_Clock_1_GetSourceRegister
 .text.emFile_1_SPI0_CS_Write
                0x00009b84       0x3c .\CortexM3\ARM_GCC_493\Debug\Node-Beaver.a(emFile_1_SPI0_CS.o)
                0x00009b84                emFile_1_SPI0_CS_Write
 .text.atoi     0x00009bc0        0x8 d:/programming/cypress/psoc creator/4.0/psoc creator/import/gnu/arm/4.9.3/bin/../lib/gcc/arm-none-eabi/4.9.3/../../../../arm-none-eabi/lib/armv7-m\libg_nano.a(lib_a-atoi.o)
                0x00009bc0                atoi
 .text.__errno  0x00009bc8        0xc d:/programming/cypress/psoc creator/4.0/psoc creator/import/gnu/arm/4.9.3/bin/../lib/gcc/arm-none-eabi/4.9.3/../../../../arm-none-eabi/lib/armv7-m\libg_nano.a(lib_a-errno.o)
                0x00009bc8                __errno
 .text.__libc_init_array
                0x00009bd4       0x4c d:/programming/cypress/psoc creator/4.0/psoc creator/import/gnu/arm/4.9.3/bin/../lib/gcc/arm-none-eabi/4.9.3/../../../../arm-none-eabi/lib/armv7-m\libg_nano.a(lib_a-init.o)
                0x00009bd4                __libc_init_array
 .text.memcpy   0x00009c20       0x16 d:/programming/cypress/psoc creator/4.0/psoc creator/import/gnu/arm/4.9.3/bin/../lib/gcc/arm-none-eabi/4.9.3/../../../../arm-none-eabi/lib/armv7-m\libg_nano.a(lib_a-memcpy.o)
                0x00009c20                memcpy
 .text.memset   0x00009c36       0x10 d:/programming/cypress/psoc creator/4.0/psoc creator/import/gnu/arm/4.9.3/bin/../lib/gcc/arm-none-eabi/4.9.3/../../../../arm-none-eabi/lib/armv7-m\libg_nano.a(lib_a-memset.o)
                0x00009c36                memset
 *fill*         0x00009c46        0x2 
 .text.sprintf  0x00009c48       0x48 d:/programming/cypress/psoc creator/4.0/psoc creator/import/gnu/arm/4.9.3/bin/../lib/gcc/arm-none-eabi/4.9.3/../../../../arm-none-eabi/lib/armv7-m\libg_nano.a(lib_a-sprintf.o)
                0x00009c48                siprintf
                0x00009c48                sprintf
 .text.strtok   0x00009c90       0x64 d:/programming/cypress/psoc creator/4.0/psoc creator/import/gnu/arm/4.9.3/bin/../lib/gcc/arm-none-eabi/4.9.3/../../../../arm-none-eabi/lib/armv7-m\libg_nano.a(lib_a-strtok.o)
                0x00009c90                strtok
 .text.__strtok_r
                0x00009cf4       0x56 d:/programming/cypress/psoc creator/4.0/psoc creator/import/gnu/arm/4.9.3/bin/../lib/gcc/arm-none-eabi/4.9.3/../../../../arm-none-eabi/lib/armv7-m\libg_nano.a(lib_a-strtok_r.o)
                0x00009cf4                __strtok_r
 *fill*         0x00009d4a        0x2 
 .text._strtol_r
                0x00009d4c      0x10c d:/programming/cypress/psoc creator/4.0/psoc creator/import/gnu/arm/4.9.3/bin/../lib/gcc/arm-none-eabi/4.9.3/../../../../arm-none-eabi/lib/armv7-m\libg_nano.a(lib_a-strtol.o)
                0x00009d4c                _strtol_r
 .text.strtol   0x00009e58       0x1c d:/programming/cypress/psoc creator/4.0/psoc creator/import/gnu/arm/4.9.3/bin/../lib/gcc/arm-none-eabi/4.9.3/../../../../arm-none-eabi/lib/armv7-m\libg_nano.a(lib_a-strtol.o)
                0x00009e58                strtol
 .text.malloc   0x00009e74       0x10 d:/programming/cypress/psoc creator/4.0/psoc creator/import/gnu/arm/4.9.3/bin/../lib/gcc/arm-none-eabi/4.9.3/../../../../arm-none-eabi/lib/armv7-m\libg_nano.a(lib_a-malloc.o)
                0x00009e74                malloc
 .text._free_r  0x00009e84       0x88 d:/programming/cypress/psoc creator/4.0/psoc creator/import/gnu/arm/4.9.3/bin/../lib/gcc/arm-none-eabi/4.9.3/../../../../arm-none-eabi/lib/armv7-m\libg_nano.a(lib_a-nano-freer.o)
                0x00009e84                _free_r
 .text._malloc_r
                0x00009f0c       0xac d:/programming/cypress/psoc creator/4.0/psoc creator/import/gnu/arm/4.9.3/bin/../lib/gcc/arm-none-eabi/4.9.3/../../../../arm-none-eabi/lib/armv7-m\libg_nano.a(lib_a-nano-mallocr.o)
                0x00009f0c                _malloc_r
 .text.__ssputs_r
                0x00009fb8       0xb2 d:/programming/cypress/psoc creator/4.0/psoc creator/import/gnu/arm/4.9.3/bin/../lib/gcc/arm-none-eabi/4.9.3/../../../../arm-none-eabi/lib/armv7-m\libg_nano.a(lib_a-nano-svfprintf.o)
                0x00009fb8                __ssputs_r
 *fill*         0x0000a06a        0x2 
 .text._svfprintf_r
                0x0000a06c      0x1e4 d:/programming/cypress/psoc creator/4.0/psoc creator/import/gnu/arm/4.9.3/bin/../lib/gcc/arm-none-eabi/4.9.3/../../../../arm-none-eabi/lib/armv7-m\libg_nano.a(lib_a-nano-svfprintf.o)
                0x0000a06c                _svfiprintf_r
                0x0000a06c                _svfprintf_r
 .text._printf_common
                0x0000a250       0xea d:/programming/cypress/psoc creator/4.0/psoc creator/import/gnu/arm/4.9.3/bin/../lib/gcc/arm-none-eabi/4.9.3/../../../../arm-none-eabi/lib/armv7-m\libg_nano.a(lib_a-nano-vfprintf_i.o)
                0x0000a250                _printf_common
 *fill*         0x0000a33a        0x2 
 .text._printf_i
                0x0000a33c      0x240 d:/programming/cypress/psoc creator/4.0/psoc creator/import/gnu/arm/4.9.3/bin/../lib/gcc/arm-none-eabi/4.9.3/../../../../arm-none-eabi/lib/armv7-m\libg_nano.a(lib_a-nano-vfprintf_i.o)
                0x0000a33c                _printf_i
 .text._sbrk_r  0x0000a57c       0x20 d:/programming/cypress/psoc creator/4.0/psoc creator/import/gnu/arm/4.9.3/bin/../lib/gcc/arm-none-eabi/4.9.3/../../../../arm-none-eabi/lib/armv7-m\libg_nano.a(lib_a-sbrkr.o)
                0x0000a57c                _sbrk_r
 .text.memchr   0x0000a59c       0x1c d:/programming/cypress/psoc creator/4.0/psoc creator/import/gnu/arm/4.9.3/bin/../lib/gcc/arm-none-eabi/4.9.3/../../../../arm-none-eabi/lib/armv7-m\libg_nano.a(lib_a-memchr.o)
                0x0000a59c                memchr
 .text.memmove  0x0000a5b8       0x36 d:/programming/cypress/psoc creator/4.0/psoc creator/import/gnu/arm/4.9.3/bin/../lib/gcc/arm-none-eabi/4.9.3/../../../../arm-none-eabi/lib/armv7-m\libg_nano.a(lib_a-memmove.o)
                0x0000a5b8                memmove
 .text._realloc_r
                0x0000a5ee       0x4c d:/programming/cypress/psoc creator/4.0/psoc creator/import/gnu/arm/4.9.3/bin/../lib/gcc/arm-none-eabi/4.9.3/../../../../arm-none-eabi/lib/armv7-m\libg_nano.a(lib_a-nano-reallocr.o)
                0x0000a5ee                _realloc_r
 .text._malloc_usable_size_r
                0x0000a63a       0x14 d:/programming/cypress/psoc creator/4.0/psoc creator/import/gnu/arm/4.9.3/bin/../lib/gcc/arm-none-eabi/4.9.3/../../../../arm-none-eabi/lib/armv7-m\libg_nano.a(lib_a-nano-msizer.o)
                0x0000a63a                _malloc_usable_size_r
 *(.plt)
 *(.gnu.warning)
 *(.glue_7t)
 .glue_7t       0x00000000        0x0 linker stubs
 *(.glue_7)
 .glue_7        0x00000000        0x0 linker stubs
 *(.vfp11_veneer)
 .vfp11_veneer  0x00000000        0x0 linker stubs
 *(.bootloader)
 *(.ARM.extab* .gnu.linkonce.armextab.*)
 *(.gcc_except_table)

.v4_bx          0x0000a650        0x0
 .v4_bx         0x00000000        0x0 linker stubs

.iplt           0x0000a650        0x0
 .iplt          0x00000000        0x0 d:/programming/cypress/psoc creator/4.0/psoc creator/import/gnu/arm/4.9.3/bin/../lib/gcc/arm-none-eabi/4.9.3/armv7-m/crtbegin.o

.eh_frame_hdr
 *(.eh_frame_hdr)

.eh_frame       0x0000a650        0x4
 *(.eh_frame)
 .eh_frame      0x0000a650        0x0 d:/programming/cypress/psoc creator/4.0/psoc creator/import/gnu/arm/4.9.3/bin/../lib/gcc/arm-none-eabi/4.9.3/armv7-m/crtbegin.o
 .eh_frame      0x0000a650        0x4 d:/programming/cypress/psoc creator/4.0/psoc creator/import/gnu/arm/4.9.3/bin/../lib/gcc/arm-none-eabi/4.9.3/armv7-m/crtend.o
                0x0000a654                PROVIDE (__exidx_start, .)

.ARM.exidx
 *(.ARM.exidx* .gnu.linkonce.armexidx.*)
                0x0000a654                __exidx_end = .

.rodata         0x0000a654      0x83c
 *(.rodata .rodata.* .gnu.linkonce.r.*)
 .rodata        0x0000a654       0xe0 .\CortexM3\ARM_GCC_493\Debug\sd_manager.o
                0x0000a654                set_time_file
                0x0000a664                format_file
 .rodata        0x0000a734       0x44 .\CortexM3\ARM_GCC_493\Debug\Node-Beaver.a(cyfitter_cfg.o)
 .rodata        0x0000a778      0x160 .\CortexM3\ARM_GCC_493\Debug\Node-Beaver.a(CAN_1.o)
 .rodata        0x0000a8d8       0x14 .\CortexM3\ARM_GCC_493\Debug\Node-Beaver.a(USBUART_1_std.o)
 .rodata        0x0000a8ec      0x19c .\CortexM3\ARM_GCC_493\Debug\Node-Beaver.a(USBUART_1_descr.o)
                0x0000a8ec                USBUART_1_DEVICE0_DESCR
                0x0000a900                USBUART_1_DEVICE0_CONFIGURATION0_DESCR
                0x0000a944                USBUART_1_STRING_DESCRIPTORS
                0x0000a9e4                USBUART_1_SN_STRING_DESCRIPTOR
                0x0000a9e8                USBUART_1_DEVICE0_CONFIGURATION0_EP_SETTINGS_TABLE
                0x0000aa00                USBUART_1_DEVICE0_CONFIGURATION0_INTERFACE_CLASS
                0x0000aa04                USBUART_1_DEVICE0_CONFIGURATION0_TABLE
                0x0000aa2c                USBUART_1_DEVICE0_TABLE
                0x0000aa44                USBUART_1_TABLE
                0x0000aa4c                USBUART_1_MSOS_DESCRIPTOR
                0x0000aa60                USBUART_1_MSOS_CONFIGURATION_DESCR
 .rodata        0x0000aa88       0x98 .\emFile_V322c\LinkLibrary\PSoC5\GCC\libemf32noslfn.a(FAT_FormatSD.o)
 .rodata        0x0000ab20       0x10 .\emFile_V322c\LinkLibrary\PSoC5\GCC\libemf32noslfn.a(FAT_LFN.o)
                0x0000ab20                FAT_LFN_API
 .rodata        0x0000ab30       0x10 .\emFile_V322c\LinkLibrary\PSoC5\GCC\libemf32noslfn.a(FAT_Misc.o)
                0x0000ab30                FAT_SFN_API
 .rodata.str1.1
                0x0000ab40        0x3 .\emFile_V322c\LinkLibrary\PSoC5\GCC\libemf32noslfn.a(FAT_Open.o)
 *fill*         0x0000ab43        0x1 
 .rodata        0x0000ab44       0x78 .\emFile_V322c\LinkLibrary\PSoC5\GCC\libemf32noslfn.a(FS_Misc.o)
 .rodata.str1.1
                0x0000abbc       0x30 .\emFile_V322c\LinkLibrary\PSoC5\GCC\libemf32noslfn.a(FS_Misc.o)
 .rodata        0x0000abec       0x18 .\emFile_V322c\LinkLibrary\PSoC5\GCC\libemf32noslfn.a(FAT_Dir.o)
 .rodata        0x0000ac04       0x8c .\emFile_V322c\LinkLibrary\PSoC5\GCC\libemf32noslfn.a(FAT_Format.o)
                0x0000ac1c                _acVolumeLabel
 .rodata.str1.1
                0x0000ac90       0x24 .\emFile_V322c\LinkLibrary\PSoC5\GCC\libemf32noslfn.a(FAT_Format.o)
 .rodata        0x0000acb4       0x68 .\emFile_V322c\LinkLibrary\PSoC5\GCC\libemf32noslfn.a(MMC_Drv.o)
                0x0000acfc                FS_MMC_SPI_Driver
 .rodata.str1.1
                0x0000ad1c        0x4 .\emFile_V322c\LinkLibrary\PSoC5\GCC\libemf32noslfn.a(MMC_Drv.o)
 .rodata.str1.1
                0x0000ad20        0x2 d:/programming/cypress/psoc creator/4.0/psoc creator/import/gnu/arm/4.9.3/bin/../lib/gcc/arm-none-eabi/4.9.3/../../../../arm-none-eabi/lib/armv7-m\libg_nano.a(lib_a-impure.o)
 .rodata._ctype_
                0x0000ad22      0x101 d:/programming/cypress/psoc creator/4.0/psoc creator/import/gnu/arm/4.9.3/bin/../lib/gcc/arm-none-eabi/4.9.3/../../../../arm-none-eabi/lib/armv7-m\libg_nano.a(lib_a-ctype_.o)
                0x0000ad22                _ctype_
 .rodata.str1.1
                0x0000ae23       0x11 d:/programming/cypress/psoc creator/4.0/psoc creator/import/gnu/arm/4.9.3/bin/../lib/gcc/arm-none-eabi/4.9.3/../../../../arm-none-eabi/lib/armv7-m\libg_nano.a(lib_a-nano-svfprintf.o)
 .rodata.str1.1
                0x0000ae34       0x22 d:/programming/cypress/psoc creator/4.0/psoc creator/import/gnu/arm/4.9.3/bin/../lib/gcc/arm-none-eabi/4.9.3/../../../../arm-none-eabi/lib/armv7-m\libg_nano.a(lib_a-nano-vfprintf_i.o)
                0x0000ae58                . = ALIGN (0x4)
 *fill*         0x0000ae56        0x2 
 *(.init)
 .init          0x0000ae58        0x4 d:/programming/cypress/psoc creator/4.0/psoc creator/import/gnu/arm/4.9.3/bin/../lib/gcc/arm-none-eabi/4.9.3/armv7-m/crti.o
                0x0000ae58                _init
 .init          0x0000ae5c        0x8 d:/programming/cypress/psoc creator/4.0/psoc creator/import/gnu/arm/4.9.3/bin/../lib/gcc/arm-none-eabi/4.9.3/armv7-m/crtn.o
                0x0000ae64                . = ALIGN (0x4)
                0x0000ae64                __preinit_array_start = .
 *(.preinit_array)
                0x0000ae64                __preinit_array_end = .
                0x0000ae64                . = ALIGN (0x4)
                0x0000ae64                __init_array_start = .
 *(SORT(.init_array.*))
 *(.init_array)
 .init_array    0x0000ae64        0x4 d:/programming/cypress/psoc creator/4.0/psoc creator/import/gnu/arm/4.9.3/bin/../lib/gcc/arm-none-eabi/4.9.3/armv7-m/crtbegin.o
 .init_array    0x0000ae68        0x4 .\CortexM3\ARM_GCC_493\Debug\Cm3Start.o
                0x0000ae6c                __init_array_end = .
                0x0000ae6c                . = ALIGN (0x4)
 *(.fini)
 .fini          0x0000ae6c        0x4 d:/programming/cypress/psoc creator/4.0/psoc creator/import/gnu/arm/4.9.3/bin/../lib/gcc/arm-none-eabi/4.9.3/armv7-m/crti.o
                0x0000ae6c                _fini
 .fini          0x0000ae70        0x8 d:/programming/cypress/psoc creator/4.0/psoc creator/import/gnu/arm/4.9.3/bin/../lib/gcc/arm-none-eabi/4.9.3/armv7-m/crtn.o
                0x0000ae78                . = ALIGN (0x4)