Archive member included because of file (symbol)

.\CortexM3\ARM_GCC_493\Debug\Node-Beaver.a(cyfitter_cfg.o)
                              .\CortexM3\ARM_GCC_493\Debug\Cm3Start.o (cyfitter_cfg)
.\CortexM3\ARM_GCC_493\Debug\Node-Beaver.a(CyLib.o)
                              .\CortexM3\ARM_GCC_493\Debug\Cm3Start.o (CyResetStatus)
.\CortexM3\ARM_GCC_493\Debug\Node-Beaver.a(cyPm.o)
                              .\CortexM3\ARM_GCC_493\Debug\Node-Beaver.a(CyLib.o) (CyPmReadStatus)
.\CortexM3\ARM_GCC_493\Debug\Node-Beaver.a(CAN_1.o)
                              .\CortexM3\ARM_GCC_493\Debug\can_manager.o (CAN_1_Init)
.\CortexM3\ARM_GCC_493\Debug\Node-Beaver.a(CAN_1_INT.o)
                              .\CortexM3\ARM_GCC_493\Debug\Node-Beaver.a(CAN_1.o) (CAN_1_ISR)
.\CortexM3\ARM_GCC_493\Debug\Node-Beaver.a(CAN_1_TX_RX_func.o)
                              .\CortexM3\ARM_GCC_493\Debug\can_manager.o (CAN_1_SendMsg)
.\CortexM3\ARM_GCC_493\Debug\Node-Beaver.a(LED.o)
                              .\CortexM3\ARM_GCC_493\Debug\sd_manager.o (LED_Write)
.\CortexM3\ARM_GCC_493\Debug\Node-Beaver.a(USBUART_1.o)
                              .\CortexM3\ARM_GCC_493\Debug\usb_manager.o (USBUART_1_Start)
.\CortexM3\ARM_GCC_493\Debug\Node-Beaver.a(USBUART_1_cdc.o)
                              .\CortexM3\ARM_GCC_493\Debug\usb_manager.o (USBUART_1_DataIsReady)
.\CortexM3\ARM_GCC_493\Debug\Node-Beaver.a(USBUART_1_drv.o)
                              .\CortexM3\ARM_GCC_493\Debug\Node-Beaver.a(USBUART_1.o) (USBUART_1_EP)
.\CortexM3\ARM_GCC_493\Debug\Node-Beaver.a(USBUART_1_episr.o)
                              .\CortexM3\ARM_GCC_493\Debug\Node-Beaver.a(USBUART_1.o) (USBUART_1_EP_1_ISR)
.\CortexM3\ARM_GCC_493\Debug\Node-Beaver.a(USBUART_1_pm.o)
                              .\CortexM3\ARM_GCC_493\Debug\Node-Beaver.a(USBUART_1.o) (USBUART_1_DP_ISR)
.\CortexM3\ARM_GCC_493\Debug\Node-Beaver.a(USBUART_1_std.o)
                              .\CortexM3\ARM_GCC_493\Debug\Node-Beaver.a(USBUART_1_drv.o) (USBUART_1_HandleStandardRqst)
.\CortexM3\ARM_GCC_493\Debug\Node-Beaver.a(USBUART_1_vnd.o)
                              .\CortexM3\ARM_GCC_493\Debug\Node-Beaver.a(USBUART_1_drv.o) (USBUART_1_HandleVendorRqst)
.\CortexM3\ARM_GCC_493\Debug\Node-Beaver.a(USBUART_1_Dp.o)
                              .\CortexM3\ARM_GCC_493\Debug\Node-Beaver.a(USBUART_1.o) (USBUART_1_Dp_ClearInterrupt)
.\CortexM3\ARM_GCC_493\Debug\Node-Beaver.a(power_isr.o)
                              .\CortexM3\ARM_GCC_493\Debug\sd_manager.o (power_isr_StartEx)
.\CortexM3\ARM_GCC_493\Debug\Node-Beaver.a(rtc_i2c.o)
                              .\CortexM3\ARM_GCC_493\Debug\time_manager.o (rtc_i2c_Start)
.\CortexM3\ARM_GCC_493\Debug\Node-Beaver.a(rtc_i2c_INT.o)
                              .\CortexM3\ARM_GCC_493\Debug\Node-Beaver.a(rtc_i2c.o) (rtc_i2c_ISR)
.\CortexM3\ARM_GCC_493\Debug\Node-Beaver.a(rtc_i2c_PM.o)
                              .\CortexM3\ARM_GCC_493\Debug\Node-Beaver.a(rtc_i2c.o) (rtc_i2c_backup)
.\CortexM3\ARM_GCC_493\Debug\Node-Beaver.a(rtc_i2c_MASTER.o)
                              .\CortexM3\ARM_GCC_493\Debug\Node-Beaver.a(rtc_i2c.o) (rtc_i2c_mstrStatus)
.\CortexM3\ARM_GCC_493\Debug\Node-Beaver.a(time_refresh_isr.o)
                              .\CortexM3\ARM_GCC_493\Debug\time_manager.o (time_refresh_isr_StartEx)
.\CortexM3\ARM_GCC_493\Debug\Node-Beaver.a(millis_timer.o)
                              .\CortexM3\ARM_GCC_493\Debug\time_manager.o (millis_timer_Start)
.\CortexM3\ARM_GCC_493\Debug\Node-Beaver.a(time_refresh_timer.o)
                              .\CortexM3\ARM_GCC_493\Debug\time_manager.o (time_refresh_timer_Start)
.\CortexM3\ARM_GCC_493\Debug\Node-Beaver.a(power_comp.o)
                              .\CortexM3\ARM_GCC_493\Debug\sd_manager.o (power_comp_Start)
.\CortexM3\ARM_GCC_493\Debug\Node-Beaver.a(xbee_UART.o)
                              .\CortexM3\ARM_GCC_493\Debug\radio_manager.o (xbee_UART_Start)
.\CortexM3\ARM_GCC_493\Debug\Node-Beaver.a(xbee_UART_INT.o)
                              .\CortexM3\ARM_GCC_493\Debug\Node-Beaver.a(xbee_UART.o) (xbee_UART_RXISR)
.\CortexM3\ARM_GCC_493\Debug\Node-Beaver.a(xbee_UART_IntClock.o)
                              .\CortexM3\ARM_GCC_493\Debug\Node-Beaver.a(xbee_UART.o) (xbee_UART_IntClock_Start)
.\CortexM3\ARM_GCC_493\Debug\Node-Beaver.a(sd_timer.o)
                              .\CortexM3\ARM_GCC_493\Debug\sd_manager.o (sd_timer_Start)
.\CortexM3\ARM_GCC_493\Debug\Node-Beaver.a(sd_isr.o)
                              .\CortexM3\ARM_GCC_493\Debug\sd_manager.o (sd_isr_StartEx)
.\CortexM3\ARM_GCC_493\Debug\Node-Beaver.a(watchdog_timer.o)
                              .\CortexM3\ARM_GCC_493\Debug\time_manager.o (watchdog_timer_Start)
.\CortexM3\ARM_GCC_493\Debug\Node-Beaver.a(wdt_reset_isr.o)
                              .\CortexM3\ARM_GCC_493\Debug\time_manager.o (wdt_reset_isr_StartEx)
.\CortexM3\ARM_GCC_493\Debug\Node-Beaver.a(car_state_isr.o)
[...]
Memory Configuration

Name             Origin             Length             Attributes
rom              0x00000000         0x00040000         xr
ram              0x1fff8000         0x00010000         xrw
*default*        0x00000000         0xffffffff

Linker script and memory map

LOAD d:/programming/cypress/psoc creator/4.0/psoc creator/import/gnu/arm/4.9.3/bin/../lib/gcc/arm-none-eabi/4.9.3/armv7-m/crti.o
LOAD d:/programming/cypress/psoc creator/4.0/psoc creator/import/gnu/arm/4.9.3/bin/../lib/gcc/arm-none-eabi/4.9.3/armv7-m/crtbegin.o
LOAD d:/programming/cypress/psoc creator/4.0/psoc creator/import/gnu/arm/4.9.3/bin/../lib/gcc/arm-none-eabi/4.9.3/../../../../arm-none-eabi/lib/armv7-m/crt0.o
START GROUP
LOAD .\CortexM3\ARM_GCC_493\Debug\main.o
LOAD .\CortexM3\ARM_GCC_493\Debug\can_manager.o
LOAD .\CortexM3\ARM_GCC_493\Debug\sd_manager.o
LOAD .\CortexM3\ARM_GCC_493\Debug\usb_manager.o
LOAD .\CortexM3\ARM_GCC_493\Debug\radio_manager.o
LOAD .\CortexM3\ARM_GCC_493\Debug\time_manager.o
LOAD .\CortexM3\ARM_GCC_493\Debug\cymetadata.o
LOAD .\CortexM3\ARM_GCC_493\Debug\Cm3Start.o
LOAD .\CortexM3\ARM_GCC_493\Debug\Node-Beaver.a
LOAD D:\Programming\Cypress\PSoC Creator\4.0\PSoC Creator\psoc\content\cycomponentlibrary\CyComponentLibrary.cylib\CortexM3\ARM_GCC_493\Debug\CyComponentLibrary.a
LOAD .\emFile_V322c\LinkLibrary\PSoC5\GCC\libemf16noslfn.a
END GROUP
START GROUP
LOAD d:/programming/cypress/psoc creator/4.0/psoc creator/import/gnu/arm/4.9.3/bin/../lib/gcc/arm-none-eabi/4.9.3/armv7-m\libgcc.a
LOAD d:/programming/cypress/psoc creator/4.0/psoc creator/import/gnu/arm/4.9.3/bin/../lib/gcc/arm-none-eabi/4.9.3/../../../../arm-none-eabi/lib/armv7-m\libg_nano.a
LOAD d:/programming/cypress/psoc creator/4.0/psoc creator/import/gnu/arm/4.9.3/bin/../lib/gcc/arm-none-eabi/4.9.3/../../../../arm-none-eabi/lib/armv7-m\libc_nano.a
END GROUP
START GROUP
LOAD d:/programming/cypress/psoc creator/4.0/psoc creator/import/gnu/arm/4.9.3/bin/../lib/gcc/arm-none-eabi/4.9.3/armv7-m\libgcc.a
LOAD d:/programming/cypress/psoc creator/4.0/psoc creator/import/gnu/arm/4.9.3/bin/../lib/gcc/arm-none-eabi/4.9.3/../../../../arm-none-eabi/lib/armv7-m\libc_nano.a
END GROUP
LOAD d:/programming/cypress/psoc creator/4.0/psoc creator/import/gnu/arm/4.9.3/bin/../lib/gcc/arm-none-eabi/4.9.3/armv7-m/crtend.o
LOAD d:/programming/cypress/psoc creator/4.0/psoc creator/import/gnu/arm/4.9.3/bin/../lib/gcc/arm-none-eabi/4.9.3/armv7-m/crtn.o
START GROUP
LOAD d:/programming/cypress/psoc creator/4.0/psoc creator/import/gnu/arm/4.9.3/bin/../lib/gcc/arm-none-eabi/4.9.3/armv7-m\libgcc.a
LOAD d:/programming/cypress/psoc creator/4.0/psoc creator/import/gnu/arm/4.9.3/bin/../lib/gcc/arm-none-eabi/4.9.3/../../../../arm-none-eabi/lib/armv7-m\libc.a
LOAD d:/programming/cypress/psoc creator/4.0/psoc creator/import/gnu/arm/4.9.3/bin/../lib/gcc/arm-none-eabi/4.9.3/../../../../arm-none-eabi/lib/armv7-m\libnosys.a
END GROUP
                0x00000000                CY_APPL_ORIGIN = 0x0
                0x00000100                CY_FLASH_ROW_SIZE = 0x100
                0x00000020                CY_ECC_ROW_SIZE = 0x20
                0x00000000                CY_EE_IN_BTLDR = 0x0
                0x00000000                CY_APPL_LOADABLE = 0x0
                0x00000800                CY_EE_SIZE = 0x800
                0x00000001                CY_APPL_NUM = 0x1
                0x00000001                CY_APPL_MAX = 0x1
                0x00000040                CY_METADATA_SIZE = 0x40
                0x00000000                CY_APPL_LOADABLE = 0x0
                0x00000000                CY_CHECKSUM_EXCLUDE_SIZE = ALIGN (0x0, CY_FLASH_ROW_SIZE)
                0x1fffd470                PROVIDE (__cy_heap_start, _end)
                0x00000001                PROVIDE (__cy_region_num, ((__cy_regions_end - __cy_regions) / 0x10))
                0x20008000                PROVIDE (__cy_stack, (ORIGIN (ram) + 0x10000))
                0x20004000                PROVIDE (__cy_heap_end, (__cy_stack - 0x4000))

.cybootloader   0x00000000        0x0
 *(.cybootloader)
                0x00000000                appl1_start = CY_APPL_ORIGIN?CY_APPL_ORIGIN:ALIGN (CY_FLASH_ROW_SIZE)
                0x0001ff00                appl2_start = (appl1_start + ALIGN ((((0x40000 - appl1_start) - (0x2 * CY_FLASH_ROW_SIZE)) / 0x2), CY_FLASH_ROW_SIZE))
                0x00000000                appl_start = (CY_APPL_NUM == 0x1)?appl1_start:appl2_start
                0x00000000                ecc_offset = ((appl_start / CY_FLASH_ROW_SIZE) * CY_ECC_ROW_SIZE)
                0x00000000                ee_offset = (CY_APPL_LOADABLE && ! (CY_EE_IN_BTLDR))?((CY_EE_SIZE / CY_APPL_MAX) * (CY_APPL_NUM - 0x1)):0x0
                0x00000800                ee_size = (CY_APPL_LOADABLE && ! (CY_EE_IN_BTLDR))?(CY_EE_SIZE / CY_APPL_MAX):CY_EE_SIZE
                0x00000000                PROVIDE (CY_ECC_OFFSET, ecc_offset)

.text           0x00000000     0xa2fa
 CREATE_OBJECT_SYMBOLS
                0x00000000                PROVIDE (__cy_interrupt_vector, RomVectors)
 *(.romvectors)
 .romvectors    0x00000000       0x10 .\CortexM3\ARM_GCC_493\Debug\Cm3Start.o
                0x00000000                RomVectors
                0x00000001                ASSERT ((. != __cy_interrupt_vector), No interrupt vector)
                0x00000001                ASSERT (CY_APPL_ORIGIN?(SIZEOF (.cybootloader) <= CY_APPL_ORIGIN):0x1, Wrong image location)
                0x00000010                PROVIDE (__cy_reset, Reset)
 *(.text.Reset)
 .text.Reset    0x00000010       0x18 .\CortexM3\ARM_GCC_493\Debug\Cm3Start.o
                0x00000010                Reset
                0x00000001                ASSERT ((. != __cy_reset), No reset code)
 *(.dma_init)
                0x00000001                ASSERT ((((appl_start + .) <= 0x10000) || 0x1), DMA Init must be within the first 64k of flash)
 *(.text .text.* .gnu.linkonce.t.*)
 .text          0x00000028       0x5c d:/programming/cypress/psoc creator/4.0/psoc creator/import/gnu/arm/4.9.3/bin/../lib/gcc/arm-none-eabi/4.9.3/armv7-m/crtbegin.o
 .text.main     0x00000084       0x40 .\CortexM3\ARM_GCC_493\Debug\main.o
                0x00000084                main
 .text.msg_recieve
                0x000000c4       0x2c .\CortexM3\ARM_GCC_493\Debug\main.o
                0x000000c4                msg_recieve
 .text.car_state_interrupt
                0x000000f0       0x54 .\CortexM3\ARM_GCC_493\Debug\can_manager.o
                0x000000f0                car_state_interrupt
 .text.heartbeat_interrupt
                0x00000144       0x34 .\CortexM3\ARM_GCC_493\Debug\can_manager.o
                0x00000144                heartbeat_interrupt
 .text.can_init
                0x00000178       0xc8 .\CortexM3\ARM_GCC_493\Debug\can_manager.o
                0x00000178                can_init
 .text.can_msg_init
                0x00000240      0x124 .\CortexM3\ARM_GCC_493\Debug\can_manager.o
                0x00000240                can_msg_init
 .text.can_process
                0x00000364      0x140 .\CortexM3\ARM_GCC_493\Debug\can_manager.o
                0x00000364                can_process
 .text.can_compare
                0x000004a4      0x1d8 .\CortexM3\ARM_GCC_493\Debug\can_manager.o
                0x000004a4                can_compare
 .text.power_interrupt
                0x0000067c       0x1c .\CortexM3\ARM_GCC_493\Debug\sd_manager.o
                0x0000067c                power_interrupt
 .text.sd_interrupt
                0x00000698        0xc .\CortexM3\ARM_GCC_493\Debug\sd_manager.o
                0x00000698                sd_interrupt
 .text.sd_init  0x000006a4      0x1a0 .\CortexM3\ARM_GCC_493\Debug\sd_manager.o
                0x000006a4                sd_init
 .text.sd_time_set
                0x00000844      0x190 .\CortexM3\ARM_GCC_493\Debug\sd_manager.o
                0x00000844                sd_time_set
 .text.sd_write
                0x000009d4      0x160 .\CortexM3\ARM_GCC_493\Debug\sd_manager.o
                0x000009d4                sd_write
 .text.sd_buffer
                0x00000b34       0x50 .\CortexM3\ARM_GCC_493\Debug\sd_manager.o
                0x00000b34                sd_buffer
 .text.sd_stop  0x00000b84       0x28 .\CortexM3\ARM_GCC_493\Debug\sd_manager.o
                0x00000b84                sd_stop
 .text.usb_init
                0x00000bac       0x10 .\CortexM3\ARM_GCC_493\Debug\usb_manager.o
                0x00000bac                usb_init
 .text.usb_write
                0x00000bbc       0x14 .\CortexM3\ARM_GCC_493\Debug\usb_manager.o
                0x00000bbc                usb_write
 .text.radio_init_UART
                0x00000bd0        0xc .\CortexM3\ARM_GCC_493\Debug\radio_manager.o
                0x00000bd0                radio_init_UART
 .text.xbee_send
                0x00000bdc       0x94 .\CortexM3\ARM_GCC_493\Debug\radio_manager.o
                0x00000bdc                xbee_send
 .text.time_refresh_vector
                0x00000c70       0x28 .\CortexM3\ARM_GCC_493\Debug\time_manager.o
                0x00000c70                time_refresh_vector
 .text.time_init
                0x00000c98       0x3c .\CortexM3\ARM_GCC_493\Debug\time_manager.o
                0x00000c98                time_init
 .text.time_announce
                0x00000cd4       0x7c .\CortexM3\ARM_GCC_493\Debug\time_manager.o
                0x00000cd4                time_announce
 .text.time_get
                0x00000d50       0x34 .\CortexM3\ARM_GCC_493\Debug\time_manager.o
                0x00000d50                time_get
 .text.time_set
                0x00000d84      0x198 .\CortexM3\ARM_GCC_493\Debug\time_manager.o
                0x00000d84                time_set
 .text.time_retreive
                0x00000f1c      0x154 .\CortexM3\ARM_GCC_493\Debug\time_manager.o
                0x00000f1c                time_retreive
 .text.IntDefaultHandler
                0x00001070       0x14 .\CortexM3\ARM_GCC_493\Debug\Cm3Start.o
                0x00001070                IntDefaultHandler
 .text._sbrk    0x00001084       0x54 .\CortexM3\ARM_GCC_493\Debug\Cm3Start.o
                0x00001084                _sbrk
 .text.Start_c  0x000010d8       0x98 .\CortexM3\ARM_GCC_493\Debug\Cm3Start.o
                0x000010d8                Start_c
 .text.initialize_psoc
                0x00001170       0x8c .\CortexM3\ARM_GCC_493\Debug\Cm3Start.o
                0x00001170                initialize_psoc
 .text.CYMEMZERO
                0x000011fc       0x1c .\CortexM3\ARM_GCC_493\Debug\Node-Beaver.a(cyfitter_cfg.o)
 .text.CYCONFIGCPY
                0x00001218       0x1c .\CortexM3\ARM_GCC_493\Debug\Node-Beaver.a(cyfitter_cfg.o)
 .text.CyClockStartupError
                0x00001234        0xc .\CortexM3\ARM_GCC_493\Debug\Node-Beaver.a(cyfitter_cfg.o)
 .text.cfg_write_bytes32
                0x00001240       0x74 .\CortexM3\ARM_GCC_493\Debug\Node-Beaver.a(cyfitter_cfg.o)
 .text.ClockSetup
                0x000012b4      0x130 .\CortexM3\ARM_GCC_493\Debug\Node-Beaver.a(cyfitter_cfg.o)
 .text.AnalogSetDefault
                0x000013e4       0x60 .\CortexM3\ARM_GCC_493\Debug\Node-Beaver.a(cyfitter_cfg.o)
 .text.cyfitter_cfg
                0x00001444      0x1c8 .\CortexM3\ARM_GCC_493\Debug\Node-Beaver.a(cyfitter_cfg.o)
                0x00001444                cyfitter_cfg
 .text.CyHalt   0x0000160c       0x18 .\CortexM3\ARM_GCC_493\Debug\Node-Beaver.a(CyLib.o)
                0x0000160c                CyHalt
 .text.CyDelay  0x00001624       0x44 .\CortexM3\ARM_GCC_493\Debug\Node-Beaver.a(CyLib.o)
                0x00001624                CyDelay
 .text.CyDelayUs
                0x00001668       0x24 .\CortexM3\ARM_GCC_493\Debug\Node-Beaver.a(CyLib.o)
                0x00001668                CyDelayUs
 .text.CyIntSetVector
                0x0000168c       0x50 .\CortexM3\ARM_GCC_493\Debug\Node-Beaver.a(CyLib.o)
                0x0000168c                CyIntSetVector
 .text.CyIntSetPriority
                0x000016dc       0x44 .\CortexM3\ARM_GCC_493\Debug\Node-Beaver.a(CyLib.o)
                0x000016dc                CyIntSetPriority
 .text.CyGetUniqueId
                0x00001720       0xc4 .\CortexM3\ARM_GCC_493\Debug\Node-Beaver.a(CyLib.o)
                0x00001720                CyGetUniqueId
 .text.CAN_1_RxTxBuffersConfig
                0x000017e4       0x80 .\CortexM3\ARM_GCC_493\Debug\Node-Beaver.a(CAN_1.o)
                0x000017e4                CAN_1_RxTxBuffersConfig
 .text.CAN_1_Init
                0x00001864      0x128 .\CortexM3\ARM_GCC_493\Debug\Node-Beaver.a(CAN_1.o)
                0x00001864                CAN_1_Init
 .text.CAN_1_Enable
                0x0000198c       0xa4 .\CortexM3\ARM_GCC_493\Debug\Node-Beaver.a(CAN_1.o)
                0x0000198c                CAN_1_Enable
 .text.CAN_1_Start
                0x00001a30       0x3c .\CortexM3\ARM_GCC_493\Debug\Node-Beaver.a(CAN_1.o)
                0x00001a30                CAN_1_Start
 .text.CAN_1_GlobalIntEnable
                0x00001a6c       0x40 .\CortexM3\ARM_GCC_493\Debug\Node-Beaver.a(CAN_1.o)
                0x00001a6c                CAN_1_GlobalIntEnable
 .text.CAN_1_SetPreScaler
                0x00001aac       0x44 .\CortexM3\ARM_GCC_493\Debug\Node-Beaver.a(CAN_1.o)
                0x00001aac                CAN_1_SetPreScaler
 .text.CAN_1_SetArbiter
                0x00001af0       0x6c .\CortexM3\ARM_GCC_493\Debug\Node-Beaver.a(CAN_1.o)
                0x00001af0                CAN_1_SetArbiter
 .text.CAN_1_SetTsegSample
                0x00001b5c       0xd4 .\CortexM3\ARM_GCC_493\Debug\Node-Beaver.a(CAN_1.o)
                0x00001b5c                CAN_1_SetTsegSample
 .text.CAN_1_SetRestartType
                0x00001c30       0x6c .\CortexM3\ARM_GCC_493\Debug\Node-Beaver.a(CAN_1.o)
                0x00001c30                CAN_1_SetRestartType
 .text.CAN_1_SetEdgeMode
                0x00001c9c       0x6c .\CortexM3\ARM_GCC_493\Debug\Node-Beaver.a(CAN_1.o)
                0x00001c9c                CAN_1_SetEdgeMode
 .text.CAN_1_SetIrqMask
                0x00001d08       0x38 .\CortexM3\ARM_GCC_493\Debug\Node-Beaver.a(CAN_1.o)
                0x00001d08                CAN_1_SetIrqMask
 .text.CAN_1_RxBufConfig
                0x00001d40       0xec .\CortexM3\ARM_GCC_493\Debug\Node-Beaver.a(CAN_1.o)
                0x00001d40                CAN_1_RxBufConfig
 .text.CAN_1_TxBufConfig
                0x00001e2c       0x88 .\CortexM3\ARM_GCC_493\Debug\Node-Beaver.a(CAN_1.o)
                0x00001e2c                CAN_1_TxBufConfig
 .text.CAN_1_MsgRXIsr
                0x00001eb4       0x68 .\CortexM3\ARM_GCC_493\Debug\Node-Beaver.a(CAN_1_INT.o)
                0x00001eb4                CAN_1_MsgRXIsr
 .text.CAN_1_ISR
                0x00001f1c       0x1c .\CortexM3\ARM_GCC_493\Debug\Node-Beaver.a(CAN_1_INT.o)
                0x00001f1c                CAN_1_ISR
 .text.CAN_1_SendMsg
                0x00001f38      0x170 .\CortexM3\ARM_GCC_493\Debug\Node-Beaver.a(CAN_1_TX_RX_func.o)
                0x00001f38                CAN_1_SendMsg
 .text.CAN_1_ReceiveMsg
                0x000020a8       0xd8 .\CortexM3\ARM_GCC_493\Debug\Node-Beaver.a(CAN_1_TX_RX_func.o)
                0x000020a8                CAN_1_ReceiveMsg
 .text.LED_Write
                0x00002180       0x34 .\CortexM3\ARM_GCC_493\Debug\Node-Beaver.a(LED.o)
                0x00002180                LED_Write
 .text.USBUART_1_Start
                0x000021b4       0x38 .\CortexM3\ARM_GCC_493\Debug\Node-Beaver.a(USBUART_1.o)
                0x000021b4                USBUART_1_Start
 .text.USBUART_1_Init
                0x000021ec      0x1a0 .\CortexM3\ARM_GCC_493\Debug\Node-Beaver.a(USBUART_1.o)
                0x000021ec                USBUART_1_Init
 .text.USBUART_1_InitComponent
                0x0000238c      0x100 .\CortexM3\ARM_GCC_493\Debug\Node-Beaver.a(USBUART_1.o)
                0x0000238c                USBUART_1_InitComponent
 .text.USBUART_1_ReInitComponent
                0x0000248c       0x68 .\CortexM3\ARM_GCC_493\Debug\Node-Beaver.a(USBUART_1.o)
                0x0000248c                USBUART_1_ReInitComponent
 .text.USBUART_1_DispatchCDCClassRqst
                0x000024f4       0xe8 .\CortexM3\ARM_GCC_493\Debug\Node-Beaver.a(USBUART_1_cdc.o)
                0x000024f4                USBUART_1_DispatchCDCClassRqst
 .text.USBUART_1_GetInterfaceComPort
                0x000025dc       0x60 .\CortexM3\ARM_GCC_493\Debug\Node-Beaver.a(USBUART_1_cdc.o)
                0x000025dc                USBUART_1_GetInterfaceComPort
 .text.USBUART_1_Cdc_EpInit
                0x0000263c       0x94 .\CortexM3\ARM_GCC_493\Debug\Node-Beaver.a(USBUART_1_cdc.o)
                0x0000263c                USBUART_1_Cdc_EpInit
 .text.USBUART_1_EP_0_ISR
                0x000026d0       0xf8 .\CortexM3\ARM_GCC_493\Debug\Node-Beaver.a(USBUART_1_drv.o)
                0x000026d0                USBUART_1_EP_0_ISR
 .text.USBUART_1_HandleSetup
                0x000027c8       0x88 .\CortexM3\ARM_GCC_493\Debug\Node-Beaver.a(USBUART_1_drv.o)
                0x000027c8                USBUART_1_HandleSetup
 .text.USBUART_1_HandleIN
                0x00002850       0x4c .\CortexM3\ARM_GCC_493\Debug\Node-Beaver.a(USBUART_1_drv.o)
                0x00002850                USBUART_1_HandleIN
 .text.USBUART_1_HandleOUT
                0x0000289c       0x58 .\CortexM3\ARM_GCC_493\Debug\Node-Beaver.a(USBUART_1_drv.o)
                0x0000289c                USBUART_1_HandleOUT
 .text.USBUART_1_LoadEP0
                0x000028f4       0xd0 .\CortexM3\ARM_GCC_493\Debug\Node-Beaver.a(USBUART_1_drv.o)
                0x000028f4                USBUART_1_LoadEP0
 .text.USBUART_1_InitControlRead
                0x000029c4       0x70 .\CortexM3\ARM_GCC_493\Debug\Node-Beaver.a(USBUART_1_drv.o)
                0x000029c4                USBUART_1_InitControlRead
 .text.USBUART_1_InitZeroLengthControlTransfer
                0x00002a34       0x44 .\CortexM3\ARM_GCC_493\Debug\Node-Beaver.a(USBUART_1_drv.o)
                0x00002a34                USBUART_1_InitZeroLengthControlTransfer
 .text.USBUART_1_ControlReadDataStage
                0x00002a78        0xc .\CortexM3\ARM_GCC_493\Debug\Node-Beaver.a(USBUART_1_drv.o)
                0x00002a78                USBUART_1_ControlReadDataStage
 .text.USBUART_1_ControlReadStatusStage
                0x00002a84       0x40 .\CortexM3\ARM_GCC_493\Debug\Node-Beaver.a(USBUART_1_drv.o)
                0x00002a84                USBUART_1_ControlReadStatusStage
 .text.USBUART_1_InitControlWrite
                0x00002ac4       0x64 .\CortexM3\ARM_GCC_493\Debug\Node-Beaver.a(USBUART_1_drv.o)
                0x00002ac4                USBUART_1_InitControlWrite
 .text.USBUART_1_ControlWriteDataStage
                0x00002b28       0xb4 .\CortexM3\ARM_GCC_493\Debug\Node-Beaver.a(USBUART_1_drv.o)
                0x00002b28                USBUART_1_ControlWriteDataStage
 .text.USBUART_1_ControlWriteStatusStage
                0x00002bdc       0x20 .\CortexM3\ARM_GCC_493\Debug\Node-Beaver.a(USBUART_1_drv.o)
                0x00002bdc                USBUART_1_ControlWriteStatusStage
 .text.USBUART_1_InitNoDataControlTransfer
                0x00002bfc       0x38 .\CortexM3\ARM_GCC_493\Debug\Node-Beaver.a(USBUART_1_drv.o)
                0x00002bfc                USBUART_1_InitNoDataControlTransfer
 .text.USBUART_1_NoDataControlStatusStage
                0x00002c34       0x48 .\CortexM3\ARM_GCC_493\Debug\Node-Beaver.a(USBUART_1_drv.o)
                0x00002c34                USBUART_1_NoDataControlStatusStage
 .text.USBUART_1_UpdateStatusBlock
                0x00002c7c       0x40 .\CortexM3\ARM_GCC_493\Debug\Node-Beaver.a(USBUART_1_drv.o)
                0x00002c7c                USBUART_1_UpdateStatusBlock
 .text.USBUART_1_InitializeStatusBlock
                0x00002cbc       0x34 .\CortexM3\ARM_GCC_493\Debug\Node-Beaver.a(USBUART_1_drv.o)
                0x00002cbc                USBUART_1_InitializeStatusBlock
 .text.USBUART_1_EP_1_ISR
                0x00002cf0       0x48 .\CortexM3\ARM_GCC_493\Debug\Node-Beaver.a(USBUART_1_episr.o)
                0x00002cf0                USBUART_1_EP_1_ISR
 .text.USBUART_1_EP_2_ISR
                0x00002d38       0x4c .\CortexM3\ARM_GCC_493\Debug\Node-Beaver.a(USBUART_1_episr.o)
                0x00002d38                USBUART_1_EP_2_ISR
 .text.USBUART_1_EP_3_ISR
                0x00002d84       0x54 .\CortexM3\ARM_GCC_493\Debug\Node-Beaver.a(USBUART_1_episr.o)
                0x00002d84                USBUART_1_EP_3_ISR
 .text.USBUART_1_SOF_ISR
                0x00002dd8        0xc .\CortexM3\ARM_GCC_493\Debug\Node-Beaver.a(USBUART_1_episr.o)
                0x00002dd8                USBUART_1_SOF_ISR
 .text.USBUART_1_BUS_RESET_ISR
                0x00002de4        0xc .\CortexM3\ARM_GCC_493\Debug\Node-Beaver.a(USBUART_1_episr.o)
                0x00002de4                USBUART_1_BUS_RESET_ISR
 .text.USBUART_1_DP_ISR
                0x00002df0        0xc .\CortexM3\ARM_GCC_493\Debug\Node-Beaver.a(USBUART_1_pm.o)
                0x00002df0                USBUART_1_DP_ISR
 .text.USBUART_1_HandleStandardRqst
                0x00002dfc      0x48c .\CortexM3\ARM_GCC_493\Debug\Node-Beaver.a(USBUART_1_std.o)
                0x00002dfc                USBUART_1_HandleStandardRqst
 .text.USBUART_1_ReadDieID
                0x00003288       0xd4 .\CortexM3\ARM_GCC_493\Debug\Node-Beaver.a(USBUART_1_std.o)
                0x00003288                USBUART_1_ReadDieID
 .text.USBUART_1_ConfigReg
                0x0000335c      0x11c .\CortexM3\ARM_GCC_493\Debug\Node-Beaver.a(USBUART_1_std.o)
                0x0000335c                USBUART_1_ConfigReg
 .text.USBUART_1_Config
                0x00003478      0x394 .\CortexM3\ARM_GCC_493\Debug\Node-Beaver.a(USBUART_1_std.o)
                0x00003478                USBUART_1_Config
 .text.USBUART_1_ConfigAltChanged
                0x0000380c      0x23c .\CortexM3\ARM_GCC_493\Debug\Node-Beaver.a(USBUART_1_std.o)
                0x0000380c                USBUART_1_ConfigAltChanged
 .text.USBUART_1_GetConfigTablePtr
                0x00003a48       0x54 .\CortexM3\ARM_GCC_493\Debug\Node-Beaver.a(USBUART_1_std.o)
                0x00003a48                USBUART_1_GetConfigTablePtr
 .text.USBUART_1_GetDeviceTablePtr
                0x00003a9c       0x24 .\CortexM3\ARM_GCC_493\Debug\Node-Beaver.a(USBUART_1_std.o)
                0x00003a9c                USBUART_1_GetDeviceTablePtr
 .text.USBUART_1_GetInterfaceClassTablePtr
                0x00003ac0       0x4c .\CortexM3\ARM_GCC_493\Debug\Node-Beaver.a(USBUART_1_std.o)
                0x00003ac0                USBUART_1_GetInterfaceClassTablePtr
 .text.USBUART_1_SetEndpointHalt
                0x00003b0c       0xdc .\CortexM3\ARM_GCC_493\Debug\Node-Beaver.a(USBUART_1_std.o)
                0x00003b0c                USBUART_1_SetEndpointHalt
 .text.USBUART_1_ClearEndpointHalt
                0x00003be8      0x130 .\CortexM3\ARM_GCC_493\Debug\Node-Beaver.a(USBUART_1_std.o)
                0x00003be8                USBUART_1_ClearEndpointHalt
 .text.USBUART_1_ValidateAlternateSetting
                0x00003d18       0x70 .\CortexM3\ARM_GCC_493\Debug\Node-Beaver.a(USBUART_1_std.o)
                0x00003d18                USBUART_1_ValidateAlternateSetting
 .text.USBUART_1_HandleVendorRqst
                0x00003d88       0x54 .\CortexM3\ARM_GCC_493\Debug\Node-Beaver.a(USBUART_1_vnd.o)
                0x00003d88                USBUART_1_HandleVendorRqst
 .text.USBUART_1_Dp_ClearInterrupt
                0x00003ddc       0x20 .\CortexM3\ARM_GCC_493\Debug\Node-Beaver.a(USBUART_1_Dp.o)
                0x00003ddc                USBUART_1_Dp_ClearInterrupt
 .text.power_isr_StartEx
                0x00003dfc       0x24 .\CortexM3\ARM_GCC_493\Debug\Node-Beaver.a(power_isr.o)
                0x00003dfc                power_isr_StartEx
 .text.power_isr_SetVector
                0x00003e20       0x24 .\CortexM3\ARM_GCC_493\Debug\Node-Beaver.a(power_isr.o)
                0x00003e20                power_isr_SetVector
 .text.power_isr_SetPriority
                0x00003e44       0x24 .\CortexM3\ARM_GCC_493\Debug\Node-Beaver.a(power_isr.o)
                0x00003e44                power_isr_SetPriority
 .text.power_isr_Enable
                0x00003e68       0x18 .\CortexM3\ARM_GCC_493\Debug\Node-Beaver.a(power_isr.o)
                0x00003e68                power_isr_Enable
 .text.power_isr_Disable
                0x00003e80       0x18 .\CortexM3\ARM_GCC_493\Debug\Node-Beaver.a(power_isr.o)
                0x00003e80                power_isr_Disable
 .text.power_isr_ClearPending
                0x00003e98       0x18 .\CortexM3\ARM_GCC_493\Debug\Node-Beaver.a(power_isr.o)
                0x00003e98                power_isr_ClearPending
 .text.rtc_i2c_Init
                0x00003eb0       0x80 .\CortexM3\ARM_GCC_493\Debug\Node-Beaver.a(rtc_i2c.o)
                0x00003eb0                rtc_i2c_Init
 .text.rtc_i2c_Enable
                0x00003f30       0x44 .\CortexM3\ARM_GCC_493\Debug\Node-Beaver.a(rtc_i2c.o)
                0x00003f30                rtc_i2c_Enable
 .text.rtc_i2c_Start
                0x00003f74       0x2c .\CortexM3\ARM_GCC_493\Debug\Node-Beaver.a(rtc_i2c.o)
                0x00003f74                rtc_i2c_Start
 .text.rtc_i2c_ISR
                0x00003fa0      0x3ac .\CortexM3\ARM_GCC_493\Debug\Node-Beaver.a(rtc_i2c_INT.o)
                0x00003fa0                rtc_i2c_ISR
 .text.rtc_i2c_MasterSendStart
                0x0000434c       0xbc .\CortexM3\ARM_GCC_493\Debug\Node-Beaver.a(rtc_i2c_MASTER.o)
                0x0000434c                rtc_i2c_MasterSendStart
 .text.rtc_i2c_MasterSendStop
                0x00004408       0x58 .\CortexM3\ARM_GCC_493\Debug\Node-Beaver.a(rtc_i2c_MASTER.o)
                0x00004408                rtc_i2c_MasterSendStop
 .text.rtc_i2c_MasterWriteByte
                0x00004460       0x80 .\CortexM3\ARM_GCC_493\Debug\Node-Beaver.a(rtc_i2c_MASTER.o)
                0x00004460                rtc_i2c_MasterWriteByte
 .text.rtc_i2c_MasterReadByte
                0x000044e0       0x7c .\CortexM3\ARM_GCC_493\Debug\Node-Beaver.a(rtc_i2c_MASTER.o)
                0x000044e0                rtc_i2c_MasterReadByte
 .text.time_refresh_isr_StartEx
                0x0000455c       0x24 .\CortexM3\ARM_GCC_493\Debug\Node-Beaver.a(time_refresh_isr.o)
                0x0000455c                time_refresh_isr_StartEx
 .text.time_refresh_isr_SetVector
                0x00004580       0x24 .\CortexM3\ARM_GCC_493\Debug\Node-Beaver.a(time_refresh_isr.o)
                0x00004580                time_refresh_isr_SetVector
 .text.time_refresh_isr_SetPriority
                0x000045a4       0x24 .\CortexM3\ARM_GCC_493\Debug\Node-Beaver.a(time_refresh_isr.o)
                0x000045a4                time_refresh_isr_SetPriority
 .text.time_refresh_isr_Enable
                0x000045c8       0x18 .\CortexM3\ARM_GCC_493\Debug\Node-Beaver.a(time_refresh_isr.o)
                0x000045c8                time_refresh_isr_Enable
 .text.time_refresh_isr_Disable
                0x000045e0       0x18 .\CortexM3\ARM_GCC_493\Debug\Node-Beaver.a(time_refresh_isr.o)
                0x000045e0                time_refresh_isr_Disable
 .text.millis_timer_Init
                0x000045f8       0x4c .\CortexM3\ARM_GCC_493\Debug\Node-Beaver.a(millis_timer.o)
                0x000045f8                millis_timer_Init
 .text.millis_timer_Enable
                0x00004644       0x20 .\CortexM3\ARM_GCC_493\Debug\Node-Beaver.a(millis_timer.o)
                0x00004644                millis_timer_Enable
 .text.millis_timer_Start
                0x00004664       0x20 .\CortexM3\ARM_GCC_493\Debug\Node-Beaver.a(millis_timer.o)
                0x00004664                millis_timer_Start
 .text.millis_timer_SetInterruptMode
                0x00004684       0x20 .\CortexM3\ARM_GCC_493\Debug\Node-Beaver.a(millis_timer.o)
                0x00004684                millis_timer_SetInterruptMode
 .text.millis_timer_ReadStatusRegister
                0x000046a4       0x18 .\CortexM3\ARM_GCC_493\Debug\Node-Beaver.a(millis_timer.o)
                0x000046a4                millis_timer_ReadStatusRegister
 .text.millis_timer_WritePeriod
                0x000046bc       0x1c .\CortexM3\ARM_GCC_493\Debug\Node-Beaver.a(millis_timer.o)
                0x000046bc                millis_timer_WritePeriod
 .text.millis_timer_ReadCapture
                0x000046d8       0x18 .\CortexM3\ARM_GCC_493\Debug\Node-Beaver.a(millis_timer.o)
                0x000046d8                millis_timer_ReadCapture
 .text.millis_timer_WriteCounter
                0x000046f0       0x1c .\CortexM3\ARM_GCC_493\Debug\Node-Beaver.a(millis_timer.o)
                0x000046f0                millis_timer_WriteCounter
 .text.millis_timer_ReadCounter
                0x0000470c       0x20 .\CortexM3\ARM_GCC_493\Debug\Node-Beaver.a(millis_timer.o)
                0x0000470c                millis_timer_ReadCounter
 .text.millis_timer_ClearFIFO
                0x0000472c       0x1c .\CortexM3\ARM_GCC_493\Debug\Node-Beaver.a(millis_timer.o)
                0x0000472c                millis_timer_ClearFIFO
 .text.time_refresh_timer_Init
                0x00004748       0x4c .\CortexM3\ARM_GCC_493\Debug\Node-Beaver.a(time_refresh_timer.o)
                0x00004748                time_refresh_timer_Init
 .text.time_refresh_timer_Enable
                0x00004794       0x20 .\CortexM3\ARM_GCC_493\Debug\Node-Beaver.a(time_refresh_timer.o)
                0x00004794                time_refresh_timer_Enable
 .text.time_refresh_timer_Start
                0x000047b4       0x20 .\CortexM3\ARM_GCC_493\Debug\Node-Beaver.a(time_refresh_timer.o)
                0x000047b4                time_refresh_timer_Start
 .text.time_refresh_timer_SetInterruptMode
                0x000047d4       0x20 .\CortexM3\ARM_GCC_493\Debug\Node-Beaver.a(time_refresh_timer.o)
                0x000047d4                time_refresh_timer_SetInterruptMode
 .text.time_refresh_timer_ReadStatusRegister
                0x000047f4       0x18 .\CortexM3\ARM_GCC_493\Debug\Node-Beaver.a(time_refresh_timer.o)
                0x000047f4                time_refresh_timer_ReadStatusRegister
 .text.time_refresh_timer_WritePeriod
                0x0000480c       0x1c .\CortexM3\ARM_GCC_493\Debug\Node-Beaver.a(time_refresh_timer.o)
                0x0000480c                time_refresh_timer_WritePeriod
 .text.time_refresh_timer_ReadCapture
                0x00004828       0x1c .\CortexM3\ARM_GCC_493\Debug\Node-Beaver.a(time_refresh_timer.o)
                0x00004828                time_refresh_timer_ReadCapture
 .text.time_refresh_timer_WriteCounter
                0x00004844       0x1c .\CortexM3\ARM_GCC_493\Debug\Node-Beaver.a(time_refresh_timer.o)
                0x00004844                time_refresh_timer_WriteCounter
 .text.time_refresh_timer_ClearFIFO
                0x00004860       0x1c .\CortexM3\ARM_GCC_493\Debug\Node-Beaver.a(time_refresh_timer.o)
                0x00004860                time_refresh_timer_ClearFIFO
 .text.power_comp_Init
                0x0000487c       0x64 .\CortexM3\ARM_GCC_493\Debug\Node-Beaver.a(power_comp.o)
                0x0000487c                power_comp_Init
 .text.power_comp_Enable
                0x000048e0       0x34 .\CortexM3\ARM_GCC_493\Debug\Node-Beaver.a(power_comp.o)
                0x000048e0                power_comp_Enable
 .text.power_comp_Start
                0x00004914       0x20 .\CortexM3\ARM_GCC_493\Debug\Node-Beaver.a(power_comp.o)
                0x00004914                power_comp_Start
 .text.power_comp_SetSpeed
                0x00004934       0x80 .\CortexM3\ARM_GCC_493\Debug\Node-Beaver.a(power_comp.o)
                0x00004934                power_comp_SetSpeed
 .text.xbee_UART_Start
                0x000049b4       0x20 .\CortexM3\ARM_GCC_493\Debug\Node-Beaver.a(xbee_UART.o)
                0x000049b4                xbee_UART_Start
 .text.xbee_UART_Init
                0x000049d4       0x58 .\CortexM3\ARM_GCC_493\Debug\Node-Beaver.a(xbee_UART.o)
                0x000049d4                xbee_UART_Init
 .text.xbee_UART_Enable
                0x00004a2c       0x68 .\CortexM3\ARM_GCC_493\Debug\Node-Beaver.a(xbee_UART.o)
                0x00004a2c                xbee_UART_Enable
 .text.xbee_UART_PutChar
                0x00004a94       0x34 .\CortexM3\ARM_GCC_493\Debug\Node-Beaver.a(xbee_UART.o)
                0x00004a94                xbee_UART_PutChar
 .text.xbee_UART_PutArray
                0x00004ac8       0x40 .\CortexM3\ARM_GCC_493\Debug\Node-Beaver.a(xbee_UART.o)
                0x00004ac8                xbee_UART_PutArray
 .text.xbee_UART_RXISR
                0x00004b08       0xd8 .\CortexM3\ARM_GCC_493\Debug\Node-Beaver.a(xbee_UART_INT.o)
                0x00004b08                xbee_UART_RXISR
 .text.xbee_UART_IntClock_Start
                0x00004be0       0x34 .\CortexM3\ARM_GCC_493\Debug\Node-Beaver.a(xbee_UART_IntClock.o)
                0x00004be0                xbee_UART_IntClock_Start
 .text.sd_timer_Init
                0x00004c14       0x4c .\CortexM3\ARM_GCC_493\Debug\Node-Beaver.a(sd_timer.o)
                0x00004c14                sd_timer_Init
 .text.sd_timer_Enable
                0x00004c60       0x20 .\CortexM3\ARM_GCC_493\Debug\Node-Beaver.a(sd_timer.o)
                0x00004c60                sd_timer_Enable
 .text.sd_timer_Start
                0x00004c80       0x20 .\CortexM3\ARM_GCC_493\Debug\Node-Beaver.a(sd_timer.o)
                0x00004c80                sd_timer_Start
 .text.sd_timer_SetInterruptMode
                0x00004ca0       0x20 .\CortexM3\ARM_GCC_493\Debug\Node-Beaver.a(sd_timer.o)
                0x00004ca0                sd_timer_SetInterruptMode
 .text.sd_timer_ReadStatusRegister
                0x00004cc0       0x18 .\CortexM3\ARM_GCC_493\Debug\Node-Beaver.a(sd_timer.o)
                0x00004cc0                sd_timer_ReadStatusRegister
 .text.sd_timer_WritePeriod
                0x00004cd8       0x1c .\CortexM3\ARM_GCC_493\Debug\Node-Beaver.a(sd_timer.o)
                0x00004cd8                sd_timer_WritePeriod
 .text.sd_timer_ReadCapture
                0x00004cf4       0x1c .\CortexM3\ARM_GCC_493\Debug\Node-Beaver.a(sd_timer.o)
                0x00004cf4                sd_timer_ReadCapture
 .text.sd_timer_WriteCounter
                0x00004d10       0x1c .\CortexM3\ARM_GCC_493\Debug\Node-Beaver.a(sd_timer.o)
                0x00004d10                sd_timer_WriteCounter
 .text.sd_timer_ClearFIFO
                0x00004d2c       0x1c .\CortexM3\ARM_GCC_493\Debug\Node-Beaver.a(sd_timer.o)
                0x00004d2c                sd_timer_ClearFIFO
 .text.sd_isr_StartEx
                0x00004d48       0x24 .\CortexM3\ARM_GCC_493\Debug\Node-Beaver.a(sd_isr.o)
                0x00004d48                sd_isr_StartEx
 .text.sd_isr_SetVector
                0x00004d6c       0x24 .\CortexM3\ARM_GCC_493\Debug\Node-Beaver.a(sd_isr.o)
                0x00004d6c                sd_isr_SetVector
 .text.sd_isr_SetPriority
                0x00004d90       0x24 .\CortexM3\ARM_GCC_493\Debug\Node-Beaver.a(sd_isr.o)
                0x00004d90                sd_isr_SetPriority
 .text.sd_isr_Enable
                0x00004db4       0x18 .\CortexM3\ARM_GCC_493\Debug\Node-Beaver.a(sd_isr.o)
                0x00004db4                sd_isr_Enable
 .text.sd_isr_Disable
                0x00004dcc       0x18 .\CortexM3\ARM_GCC_493\Debug\Node-Beaver.a(sd_isr.o)
                0x00004dcc                sd_isr_Disable
 .text.car_state_isr_StartEx
                0x00004de4       0x24 .\CortexM3\ARM_GCC_493\Debug\Node-Beaver.a(car_state_isr.o)
                0x00004de4                car_state_isr_StartEx
 .text.car_state_isr_SetVector
                0x00004e08       0x24 .\CortexM3\ARM_GCC_493\Debug\Node-Beaver.a(car_state_isr.o)
                0x00004e08                car_state_isr_SetVector
 .text.car_state_isr_SetPriority
                0x00004e2c       0x24 .\CortexM3\ARM_GCC_493\Debug\Node-Beaver.a(car_state_isr.o)
                0x00004e2c                car_state_isr_SetPriority
 .text.car_state_isr_Enable
                0x00004e50       0x18 .\CortexM3\ARM_GCC_493\Debug\Node-Beaver.a(car_state_isr.o)
                0x00004e50                car_state_isr_Enable
 .text.car_state_isr_Disable
                0x00004e68       0x18 .\CortexM3\ARM_GCC_493\Debug\Node-Beaver.a(car_state_isr.o)
                0x00004e68                car_state_isr_Disable
 .text.car_state_timer_Init
                0x00004e80       0x4c .\CortexM3\ARM_GCC_493\Debug\Node-Beaver.a(car_state_timer.o)
                0x00004e80                car_state_timer_Init
 .text.car_state_timer_Enable
                0x00004ecc       0x20 .\CortexM3\ARM_GCC_493\Debug\Node-Beaver.a(car_state_timer.o)
                0x00004ecc                car_state_timer_Enable
 .text.car_state_timer_Start
                0x00004eec       0x20 .\CortexM3\ARM_GCC_493\Debug\Node-Beaver.a(car_state_timer.o)
                0x00004eec                car_state_timer_Start
 .text.car_state_timer_SetInterruptMode
                0x00004f0c       0x20 .\CortexM3\ARM_GCC_493\Debug\Node-Beaver.a(car_state_timer.o)
                0x00004f0c                car_state_timer_SetInterruptMode
 .text.car_state_timer_ReadStatusRegister
                0x00004f2c       0x18 .\CortexM3\ARM_GCC_493\Debug\Node-Beaver.a(car_state_timer.o)
                0x00004f2c                car_state_timer_ReadStatusRegister
 .text.car_state_timer_WritePeriod
                0x00004f44       0x20 .\CortexM3\ARM_GCC_493\Debug\Node-Beaver.a(car_state_timer.o)
                0x00004f44                car_state_timer_WritePeriod
 .text.car_state_timer_ReadCapture
                0x00004f64       0x18 .\CortexM3\ARM_GCC_493\Debug\Node-Beaver.a(car_state_timer.o)
                0x00004f64                car_state_timer_ReadCapture
 .text.car_state_timer_WriteCounter
                0x00004f7c       0x20 .\CortexM3\ARM_GCC_493\Debug\Node-Beaver.a(car_state_timer.o)
                0x00004f7c                car_state_timer_WriteCounter
 .text.car_state_timer_ClearFIFO
                0x00004f9c       0x1c .\CortexM3\ARM_GCC_493\Debug\Node-Beaver.a(car_state_timer.o)
                0x00004f9c                car_state_timer_ClearFIFO
 .text.heartbeat_timer_Init
                0x00004fb8       0x4c .\CortexM3\ARM_GCC_493\Debug\Node-Beaver.a(heartbeat_timer.o)
                0x00004fb8                heartbeat_timer_Init
 .text.heartbeat_timer_Enable
                0x00005004       0x20 .\CortexM3\ARM_GCC_493\Debug\Node-Beaver.a(heartbeat_timer.o)
                0x00005004                heartbeat_timer_Enable
 .text.heartbeat_timer_Start
                0x00005024       0x20 .\CortexM3\ARM_GCC_493\Debug\Node-Beaver.a(heartbeat_timer.o)
                0x00005024                heartbeat_timer_Start
 .text.heartbeat_timer_SetInterruptMode
                0x00005044       0x20 .\CortexM3\ARM_GCC_493\Debug\Node-Beaver.a(heartbeat_timer.o)
                0x00005044                heartbeat_timer_SetInterruptMode
 .text.heartbeat_timer_ReadStatusRegister
                0x00005064       0x18 .\CortexM3\ARM_GCC_493\Debug\Node-Beaver.a(heartbeat_timer.o)
                0x00005064                heartbeat_timer_ReadStatusRegister
 .text.heartbeat_timer_WritePeriod
                0x0000507c       0x1c .\CortexM3\ARM_GCC_493\Debug\Node-Beaver.a(heartbeat_timer.o)
                0x0000507c                heartbeat_timer_WritePeriod
 .text.heartbeat_timer_ReadCapture
                0x00005098       0x18 .\CortexM3\ARM_GCC_493\Debug\Node-Beaver.a(heartbeat_timer.o)
                0x00005098                heartbeat_timer_ReadCapture
 .text.heartbeat_timer_WriteCounter
                0x000050b0       0x1c .\CortexM3\ARM_GCC_493\Debug\Node-Beaver.a(heartbeat_timer.o)
                0x000050b0                heartbeat_timer_WriteCounter
 .text.heartbeat_timer_ClearFIFO
                0x000050cc       0x1c .\CortexM3\ARM_GCC_493\Debug\Node-Beaver.a(heartbeat_timer.o)
                0x000050cc                heartbeat_timer_ClearFIFO
 .text.heartbeat_isr_StartEx
                0x000050e8       0x24 .\CortexM3\ARM_GCC_493\Debug\Node-Beaver.a(heartbeat_isr.o)
                0x000050e8                heartbeat_isr_StartEx
 .text.heartbeat_isr_SetVector
                0x0000510c       0x24 .\CortexM3\ARM_GCC_493\Debug\Node-Beaver.a(heartbeat_isr.o)
                0x0000510c                heartbeat_isr_SetVector
 .text.heartbeat_isr_SetPriority
                0x00005130       0x24 .\CortexM3\ARM_GCC_493\Debug\Node-Beaver.a(heartbeat_isr.o)
                0x00005130                heartbeat_isr_SetPriority
 .text.heartbeat_isr_Enable
                0x00005154       0x18 .\CortexM3\ARM_GCC_493\Debug\Node-Beaver.a(heartbeat_isr.o)
                0x00005154                heartbeat_isr_Enable
 .text.heartbeat_isr_Disable
                0x0000516c       0x18 .\CortexM3\ARM_GCC_493\Debug\Node-Beaver.a(heartbeat_isr.o)
                0x0000516c                heartbeat_isr_Disable
 *fill*         0x00005184        0x4 
 .text          0x00005188       0x20 .\CortexM3\ARM_GCC_493\Debug\Node-Beaver.a(CyBootAsmGnu.o)
                0x00005188                CyDelayCycles
                0x00005198                CyEnterCriticalSection
                0x000051a0                CyExitCriticalSection
 .text.CySetReg24
                0x000051a8       0x38 .\CortexM3\ARM_GCC_493\Debug\Node-Beaver.a(cyutils.o)
                0x000051a8                CySetReg24
 .text.USBUART_1_DispatchClassRqst
                0x000051e0       0x7c .\CortexM3\ARM_GCC_493\Debug\Node-Beaver.a(USBUART_1_cls.o)
                0x000051e0                USBUART_1_DispatchClassRqst
 .text.FS__SD_Format
                0x0000525c      0x26c .\emFile_V322c\LinkLibrary\PSoC5\GCC\libemf16noslfn.a(FAT_FormatSD.o)
                0x0000525c                FS__SD_Format
 .text.FS_FormatSD
                0x000054c8       0x10 .\emFile_V322c\LinkLibrary\PSoC5\GCC\libemf16noslfn.a(FAT_FormatSD.o)
                0x000054c8                FS_FormatSD
 .text._CopyString
                0x000054d8       0x1c .\emFile_V322c\LinkLibrary\PSoC5\GCC\libemf16noslfn.a(FAT_LFN.o)
 .text._CalcNumChar
                0x000054f4       0x1e .\emFile_V322c\LinkLibrary\PSoC5\GCC\libemf16noslfn.a(FAT_LFN.o)
 .text._WriteName
                0x00005512       0x32 .\emFile_V322c\LinkLibrary\PSoC5\GCC\libemf16noslfn.a(FAT_LFN.o)
 .text._ToUpper
                0x00005544       0x10 .\emFile_V322c\LinkLibrary\PSoC5\GCC\libemf16noslfn.a(FAT_LFN.o)
 .text._CompareChar
                0x00005554       0x44 .\emFile_V322c\LinkLibrary\PSoC5\GCC\libemf16noslfn.a(FAT_LFN.o)
 .text._CalcCheckSum
                0x00005598       0x24 .\emFile_V322c\LinkLibrary\PSoC5\GCC\libemf16noslfn.a(FAT_LFN.o)
 .text._SetDirPosIndex
                0x000055bc        0x8 .\emFile_V322c\LinkLibrary\PSoC5\GCC\libemf16noslfn.a(FAT_LFN.o)
 .text.FS_FAT_SupportLFN
                0x000055c4       0x10 .\emFile_V322c\LinkLibrary\PSoC5\GCC\libemf16noslfn.a(FAT_LFN.o)
                0x000055c4                FS_FAT_SupportLFN
 .text._LFN_DelLongEntry
                0x000055d4       0x5e .\emFile_V322c\LinkLibrary\PSoC5\GCC\libemf16noslfn.a(FAT_LFN.o)
 .text._CorrectTrail
                0x00005632       0x28 .\emFile_V322c\LinkLibrary\PSoC5\GCC\libemf16noslfn.a(FAT_LFN.o)
 .text._CalcNumLongEntries
                0x0000565a       0x16 .\emFile_V322c\LinkLibrary\PSoC5\GCC\libemf16noslfn.a(FAT_LFN.o)
 .text._ComputeLongDirEntry
                0x00005670       0x88 .\emFile_V322c\LinkLibrary\PSoC5\GCC\libemf16noslfn.a(FAT_LFN.o)
 .text._LFN_FindDirEntry
                0x000056f8      0x146 .\emFile_V322c\LinkLibrary\PSoC5\GCC\libemf16noslfn.a(FAT_LFN.o)
 .text._GenerateShortEntry
                0x0000583e       0xce .\emFile_V322c\LinkLibrary\PSoC5\GCC\libemf16noslfn.a(FAT_LFN.o)
 .text._LFN_ReadDirEntryInfo
                0x0000590c      0x1c6 .\emFile_V322c\LinkLibrary\PSoC5\GCC\libemf16noslfn.a(FAT_LFN.o)
 .text._LFN_CreateDirEntry
                0x00005ad2      0x2a4 .\emFile_V322c\LinkLibrary\PSoC5\GCC\libemf16noslfn.a(FAT_LFN.o)
 .text._ClusterId2FATOff
                0x00005d76       0x18 .\emFile_V322c\LinkLibrary\PSoC5\GCC\libemf16noslfn.a(FAT_Misc.o)
 .text._CalcLogClusterPos
                0x00005d8e        0xe .\emFile_V322c\LinkLibrary\PSoC5\GCC\libemf16noslfn.a(FAT_Misc.o)
 .text._ReadFromFreeClusterCache
                0x00005d9c       0x46 .\emFile_V322c\LinkLibrary\PSoC5\GCC\libemf16noslfn.a(FAT_Misc.o)
 .text.FS_FAT_GetFATType
                0x00005de2       0x1a .\emFile_V322c\LinkLibrary\PSoC5\GCC\libemf16noslfn.a(FAT_Misc.o)
                0x00005de2                FS_FAT_GetFATType
 .text.FS_FAT_ClusterId2SectorNo
                0x00005dfc        0xc .\emFile_V322c\LinkLibrary\PSoC5\GCC\libemf16noslfn.a(FAT_Misc.o)
                0x00005dfc                FS_FAT_ClusterId2SectorNo
 .text.FS_FAT_IsValidShortNameChar
                0x00005e08       0x34 .\emFile_V322c\LinkLibrary\PSoC5\GCC\libemf16noslfn.a(FAT_Misc.o)
                0x00005e08                FS_FAT_IsValidShortNameChar
 .text.FS_FAT_CopyShortName
                0x00005e3c       0x56 .\emFile_V322c\LinkLibrary\PSoC5\GCC\libemf16noslfn.a(FAT_Misc.o)
                0x00005e3c                FS_FAT_CopyShortName
 .text._SFN_CreateDirEntry
                0x00005e92       0x5a .\emFile_V322c\LinkLibrary\PSoC5\GCC\libemf16noslfn.a(FAT_Misc.o)
 .text._SFN_FindDirEntry
                0x00005eec       0x10 .\emFile_V322c\LinkLibrary\PSoC5\GCC\libemf16noslfn.a(FAT_Misc.o)
 .text.FS_FAT_FindDirEntry
                0x00005efc       0x60 .\emFile_V322c\LinkLibrary\PSoC5\GCC\libemf16noslfn.a(FAT_Misc.o)
                0x00005efc                FS_FAT_FindDirEntry
 .text.FS_FAT_CopyDirEntryInfo
                0x00005f5c       0x50 .\emFile_V322c\LinkLibrary\PSoC5\GCC\libemf16noslfn.a(FAT_Misc.o)
                0x00005f5c                FS_FAT_CopyDirEntryInfo
 .text._SFN_ReadDirEntryInfo
                0x00005fac       0x6e .\emFile_V322c\LinkLibrary\PSoC5\GCC\libemf16noslfn.a(FAT_Misc.o)
 .text._SetFATSector
                0x0000601a        0x6 .\emFile_V322c\LinkLibrary\PSoC5\GCC\libemf16noslfn.a(FAT_Misc.o)
 .text._WriteFATEntry
                0x00006020      0x152 .\emFile_V322c\LinkLibrary\PSoC5\GCC\libemf16noslfn.a(FAT_Misc.o)
 .text.FS_FAT_MarkClusterEOC
                0x00006172        0x8 .\emFile_V322c\LinkLibrary\PSoC5\GCC\libemf16noslfn.a(FAT_Misc.o)
                0x00006172                FS_FAT_MarkClusterEOC
 .text.FS_FAT_SyncFAT
                0x0000617a       0x3c .\emFile_V322c\LinkLibrary\PSoC5\GCC\libemf16noslfn.a(FAT_Misc.o)
                0x0000617a                FS_FAT_SyncFAT
 .text.FS_FAT_LinkCluster
                0x000061b6       0x1c .\emFile_V322c\LinkLibrary\PSoC5\GCC\libemf16noslfn.a(FAT_Misc.o)
                0x000061b6                FS_FAT_LinkCluster
 .text.FS_FAT_ReadFATEntry
                0x000061d2       0xb2 .\emFile_V322c\LinkLibrary\PSoC5\GCC\libemf16noslfn.a(FAT_Misc.o)
                0x000061d2                FS_FAT_ReadFATEntry
 .text.FS_FAT_GetNumAdjClustersInChain
                0x00006284       0x64 .\emFile_V322c\LinkLibrary\PSoC5\GCC\libemf16noslfn.a(FAT_Misc.o)
                0x00006284                FS_FAT_GetNumAdjClustersInChain
 .text.FS_FAT_WalkClusterEx
                0x000062e8       0x5c .\emFile_V322c\LinkLibrary\PSoC5\GCC\libemf16noslfn.a(FAT_Misc.o)
                0x000062e8                FS_FAT_WalkClusterEx
 .text.FS_FAT_GotoCluster
                0x00006344       0x88 .\emFile_V322c\LinkLibrary\PSoC5\GCC\libemf16noslfn.a(FAT_Misc.o)
                0x00006344                FS_FAT_GotoCluster
 .text.FS_FAT_WalkCluster
                0x000063cc       0x18 .\emFile_V322c\LinkLibrary\PSoC5\GCC\libemf16noslfn.a(FAT_Misc.o)
                0x000063cc                FS_FAT_WalkCluster
 .text.FS_FAT_FindLastCluster
                0x000063e4       0x34 .\emFile_V322c\LinkLibrary\PSoC5\GCC\libemf16noslfn.a(FAT_Misc.o)
                0x000063e4                FS_FAT_FindLastCluster
 .text._CalcFreeClusterCnt
                0x00006418       0x88 .\emFile_V322c\LinkLibrary\PSoC5\GCC\libemf16noslfn.a(FAT_Misc.o)
 .text.FS_FAT_FindFreeCluster
                0x000064a0       0xa8 .\emFile_V322c\LinkLibrary\PSoC5\GCC\libemf16noslfn.a(FAT_Misc.o)
                0x000064a0                FS_FAT_FindFreeCluster
 .text.FS_FAT_AllocCluster
                0x00006548       0x20 .\emFile_V322c\LinkLibrary\PSoC5\GCC\libemf16noslfn.a(FAT_Misc.o)
                0x00006548                FS_FAT_AllocCluster
 .text._WriteEmptyFATSectors
                0x00006568       0x3c .\emFile_V322c\LinkLibrary\PSoC5\GCC\libemf16noslfn.a(FAT_Misc.o)
 .text.FS_FAT_FreeClusterChain
                0x000065a4       0xe0 .\emFile_V322c\LinkLibrary\PSoC5\GCC\libemf16noslfn.a(FAT_Misc.o)
                0x000065a4                FS_FAT_FreeClusterChain
 .text.FS_FAT_CheckBPB
                0x00006684      0x14c .\emFile_V322c\LinkLibrary\PSoC5\GCC\libemf16noslfn.a(FAT_Misc.o)
                0x00006684                FS_FAT_CheckBPB
 .text.FS_FAT_InitDirEntryScan
                0x000067d0       0x14 .\emFile_V322c\LinkLibrary\PSoC5\GCC\libemf16noslfn.a(FAT_Open.o)
                0x000067d0                FS_FAT_InitDirEntryScan
 .text.FS_FAT_IncDirPos
                0x000067e4        0x8 .\emFile_V322c\LinkLibrary\PSoC5\GCC\libemf16noslfn.a(FAT_Open.o)
                0x000067e4                FS_FAT_IncDirPos
 .text._CopyDirText
                0x000067ec       0x44 .\emFile_V322c\LinkLibrary\PSoC5\GCC\libemf16noslfn.a(FAT_Open.o)
 .text.FS_FAT_Make83Name
                0x00006830       0xb0 .\emFile_V322c\LinkLibrary\PSoC5\GCC\libemf16noslfn.a(FAT_Open.o)
                0x00006830                FS_FAT_Make83Name
 .text.FS_FAT_GetDirEntry
                0x000068e0       0xb2 .\emFile_V322c\LinkLibrary\PSoC5\GCC\libemf16noslfn.a(FAT_Open.o)
                0x000068e0                FS_FAT_GetDirEntry
 .text.FS_FAT_FindDirEntryShortEx
                0x00006992       0x5a .\emFile_V322c\LinkLibrary\PSoC5\GCC\libemf16noslfn.a(FAT_Open.o)
                0x00006992                FS_FAT_FindDirEntryShortEx
 .text.FS_FAT_FindDirEntryShort
                0x000069ec       0x36 .\emFile_V322c\LinkLibrary\PSoC5\GCC\libemf16noslfn.a(FAT_Open.o)
                0x000069ec                FS_FAT_FindDirEntryShort
 .text.FS_FAT_FindEmptyDirEntry
                0x00006a22       0xb0 .\emFile_V322c\LinkLibrary\PSoC5\GCC\libemf16noslfn.a(FAT_Open.o)
                0x00006a22                FS_FAT_FindEmptyDirEntry
 .text.FS_FAT_GetFirstCluster
                0x00006ad2       0x1a .\emFile_V322c\LinkLibrary\PSoC5\GCC\libemf16noslfn.a(FAT_Open.o)
                0x00006ad2                FS_FAT_GetFirstCluster
 .text.FS_FAT_FindPath
                0x00006aec       0x7a .\emFile_V322c\LinkLibrary\PSoC5\GCC\libemf16noslfn.a(FAT_Open.o)
                0x00006aec                FS_FAT_FindPath
 .text.FS_FAT_DeleteFileOrDir
                0x00006b66       0x48 .\emFile_V322c\LinkLibrary\PSoC5\GCC\libemf16noslfn.a(FAT_Open.o)
                0x00006b66                FS_FAT_DeleteFileOrDir
 *fill*         0x00006bae        0x2 
 .text.FS_FAT_Open
                0x00006bb0      0x1dc .\emFile_V322c\LinkLibrary\PSoC5\GCC\libemf16noslfn.a(FAT_Open.o)
                0x00006bb0                FS_FAT_Open
 .text.FS_FAT_WriteDirEntryCluster
                0x00006d8c       0x1c .\emFile_V322c\LinkLibrary\PSoC5\GCC\libemf16noslfn.a(FAT_Open.o)
                0x00006d8c                FS_FAT_WriteDirEntryCluster
 .text.FS_FAT_WriteDirEntry83
                0x00006da8       0x6c .\emFile_V322c\LinkLibrary\PSoC5\GCC\libemf16noslfn.a(FAT_Open.o)
                0x00006da8                FS_FAT_WriteDirEntry83
 .text.FS_FAT_Clean
                0x00006e14        0x2 .\emFile_V322c\LinkLibrary\PSoC5\GCC\libemf16noslfn.a(FAT_Write.o)
                0x00006e14                FS_FAT_Clean
 .text._WriteBurst
                0x00006e16       0x24 .\emFile_V322c\LinkLibrary\PSoC5\GCC\libemf16noslfn.a(FAT_Write.o)
 *fill*         0x00006e3a        0x2 
 .text.FS_FAT_GotoClusterAllocIfReq
                0x00006e3c       0xa8 .\emFile_V322c\LinkLibrary\PSoC5\GCC\libemf16noslfn.a(FAT_Write.o)
                0x00006e3c                FS_FAT_GotoClusterAllocIfReq
 .text.FS_FAT_UpdateDirEntry
                0x00006ee4       0x68 .\emFile_V322c\LinkLibrary\PSoC5\GCC\libemf16noslfn.a(FAT_Write.o)
                0x00006ee4                FS_FAT_UpdateDirEntry
 .text.FS_FAT_Close
                0x00006f4c       0x44 .\emFile_V322c\LinkLibrary\PSoC5\GCC\libemf16noslfn.a(FAT_Write.o)
                0x00006f4c                FS_FAT_Close
 .text.FS_FAT_Write
                0x00006f90      0x1c8 .\emFile_V322c\LinkLibrary\PSoC5\GCC\libemf16noslfn.a(FAT_Write.o)
                0x00006f90                FS_FAT_Write
 .text.FS__GetFileAttributes
                0x00007158       0x38 .\emFile_V322c\LinkLibrary\PSoC5\GCC\libemf16noslfn.a(FS_Attrib.o)
                0x00007158                FS__GetFileAttributes
 .text.FS_GetFileAttributes
                0x00007190        0x4 .\emFile_V322c\LinkLibrary\PSoC5\GCC\libemf16noslfn.a(FS_Attrib.o)
                0x00007190                FS_GetFileAttributes
 .text.FS__CLIB_memcmp
                0x00007194       0x20 .\emFile_V322c\LinkLibrary\PSoC5\GCC\libemf16noslfn.a(FS_CLib.o)
                0x00007194                FS__CLIB_memcmp
 .text.FS__CLIB_memset
                0x000071b4       0x6c .\emFile_V322c\LinkLibrary\PSoC5\GCC\libemf16noslfn.a(FS_CLib.o)
                0x000071b4                FS__CLIB_memset
 .text.FS__CLIB_strcmp
                0x00007220       0x1a .\emFile_V322c\LinkLibrary\PSoC5\GCC\libemf16noslfn.a(FS_CLib.o)
                0x00007220                FS__CLIB_strcmp
 .text.FS__CLIB_strlen
                0x0000723a       0x10 .\emFile_V322c\LinkLibrary\PSoC5\GCC\libemf16noslfn.a(FS_CLib.o)
                0x0000723a                FS__CLIB_strlen
 .text.FS__CLIB_strncmp
                0x0000724a       0x26 .\emFile_V322c\LinkLibrary\PSoC5\GCC\libemf16noslfn.a(FS_CLib.o)
                0x0000724a                FS__CLIB_strncmp
 .text.FS__CLIB_strncpy
                0x00007270       0x2e .\emFile_V322c\LinkLibrary\PSoC5\GCC\libemf16noslfn.a(FS_CLib.o)
                0x00007270                FS__CLIB_strncpy
 .text.FS__CLIB_toupper
                0x0000729e        0xe .\emFile_V322c\LinkLibrary\PSoC5\GCC\libemf16noslfn.a(FS_CLib.o)
                0x0000729e                FS__CLIB_toupper
 .text.FS__DivideU32Up
                0x000072ac        0xa .\emFile_V322c\LinkLibrary\PSoC5\GCC\libemf16noslfn.a(FS_Core.o)
                0x000072ac                FS__DivideU32Up
 .text.FS__strchr
                0x000072b6       0x14 .\emFile_V322c\LinkLibrary\PSoC5\GCC\libemf16noslfn.a(FS_Core.o)
                0x000072b6                FS__strchr
 .text.FS_LoadU32BE
                0x000072ca       0x18 .\emFile_V322c\LinkLibrary\PSoC5\GCC\libemf16noslfn.a(FS_Core.o)
                0x000072ca                FS_LoadU32BE
 .text.FS_LoadU32LE
                0x000072e2       0x16 .\emFile_V322c\LinkLibrary\PSoC5\GCC\libemf16noslfn.a(FS_Core.o)
                0x000072e2                FS_LoadU32LE
 .text.FS_StoreU32LE
                0x000072f8       0x14 .\emFile_V322c\LinkLibrary\PSoC5\GCC\libemf16noslfn.a(FS_Core.o)
                0x000072f8                FS_StoreU32LE
 .text.FS_StoreU16LE
                0x0000730c        0x8 .\emFile_V322c\LinkLibrary\PSoC5\GCC\libemf16noslfn.a(FS_Core.o)
                0x0000730c                FS_StoreU16LE
 .text.FS_LoadU16LE
                0x00007314        0xa .\emFile_V322c\LinkLibrary\PSoC5\GCC\libemf16noslfn.a(FS_Core.o)
                0x00007314                FS_LoadU16LE
 *fill*         0x0000731e        0x2 
 .text._Alloc   0x00007320       0x30 .\emFile_V322c\LinkLibrary\PSoC5\GCC\libemf16noslfn.a(FS_Core.o)
 .text.FS_Alloc
                0x00007350        0xc .\emFile_V322c\LinkLibrary\PSoC5\GCC\libemf16noslfn.a(FS_Core.o)
                0x00007350                FS_Alloc
 .text.FS_TryAlloc
                0x0000735c        0x4 .\emFile_V322c\LinkLibrary\PSoC5\GCC\libemf16noslfn.a(FS_Core.o)
                0x0000735c                FS_TryAlloc
 .text.FS_Free  0x00007360       0x1c .\emFile_V322c\LinkLibrary\PSoC5\GCC\libemf16noslfn.a(FS_Core.o)
                0x00007360                FS_Free
 .text.FS_AssignMemory
                0x0000737c        0xc .\emFile_V322c\LinkLibrary\PSoC5\GCC\libemf16noslfn.a(FS_Core.o)
                0x0000737c                FS_AssignMemory
 .text.FS_AllocZeroed
                0x00007388       0x16 .\emFile_V322c\LinkLibrary\PSoC5\GCC\libemf16noslfn.a(FS_Core.o)
                0x00007388                FS_AllocZeroed
 *fill*         0x0000739e        0x2 
 .text.FS_STORAGE_Init
                0x000073a0       0x28 .\emFile_V322c\LinkLibrary\PSoC5\GCC\libemf16noslfn.a(FS_Core.o)
                0x000073a0                FS_STORAGE_Init
 .text.FS__MkDir
                0x000073c8       0x24 .\emFile_V322c\LinkLibrary\PSoC5\GCC\libemf16noslfn.a(FS_Dir.o)
                0x000073c8                FS__MkDir
 .text.FS_MkDir
                0x000073ec        0x4 .\emFile_V322c\LinkLibrary\PSoC5\GCC\libemf16noslfn.a(FS_Dir.o)
                0x000073ec                FS_MkDir
 .text._ClrBusyLED
                0x000073f0        0xc .\emFile_V322c\LinkLibrary\PSoC5\GCC\libemf16noslfn.a(FS_LogBlock.o)
 .text._SetBusyLED
                0x000073fc        0xc .\emFile_V322c\LinkLibrary\PSoC5\GCC\libemf16noslfn.a(FS_LogBlock.o)
 .text._Read    0x00007408        0xc .\emFile_V322c\LinkLibrary\PSoC5\GCC\libemf16noslfn.a(FS_LogBlock.o)
 .text._Write   0x00007414       0x12 .\emFile_V322c\LinkLibrary\PSoC5\GCC\libemf16noslfn.a(FS_LogBlock.o)
 .text.FS_LB_GetStatus
                0x00007426        0xc .\emFile_V322c\LinkLibrary\PSoC5\GCC\libemf16noslfn.a(FS_LogBlock.o)
                0x00007426                FS_LB_GetStatus
 .text.FS_LB_InitMedium
                0x00007432       0x1a .\emFile_V322c\LinkLibrary\PSoC5\GCC\libemf16noslfn.a(FS_LogBlock.o)
                0x00007432                FS_LB_InitMedium
 .text.FS_LB_InitMediumIfRequired
                0x0000744c       0x10 .\emFile_V322c\LinkLibrary\PSoC5\GCC\libemf16noslfn.a(FS_LogBlock.o)
                0x0000744c                FS_LB_InitMediumIfRequired
 .text.FS_LB_ReadDevice
                0x0000745c       0x2e .\emFile_V322c\LinkLibrary\PSoC5\GCC\libemf16noslfn.a(FS_LogBlock.o)
                0x0000745c                FS_LB_ReadDevice
 .text.FS_LB_ReadPart
                0x0000748a        0xe .\emFile_V322c\LinkLibrary\PSoC5\GCC\libemf16noslfn.a(FS_LogBlock.o)
                0x0000748a                FS_LB_ReadPart
 .text.FS_LB_ReadBurst
                0x00007498       0x38 .\emFile_V322c\LinkLibrary\PSoC5\GCC\libemf16noslfn.a(FS_LogBlock.o)
                0x00007498                FS_LB_ReadBurst
 .text.FS_LB_ReadBurstPart
                0x000074d0       0x14 .\emFile_V322c\LinkLibrary\PSoC5\GCC\libemf16noslfn.a(FS_LogBlock.o)
                0x000074d0                FS_LB_ReadBurstPart
 .text.FS_LB_WriteBurst
                0x000074e4       0x30 .\emFile_V322c\LinkLibrary\PSoC5\GCC\libemf16noslfn.a(FS_LogBlock.o)
                0x000074e4                FS_LB_WriteBurst
 .text.FS_LB_WriteBurstPart
                0x00007514       0x14 .\emFile_V322c\LinkLibrary\PSoC5\GCC\libemf16noslfn.a(FS_LogBlock.o)
                0x00007514                FS_LB_WriteBurstPart
 .text.FS_LB_WriteMultiple
                0x00007528       0x30 .\emFile_V322c\LinkLibrary\PSoC5\GCC\libemf16noslfn.a(FS_LogBlock.o)
                0x00007528                FS_LB_WriteMultiple
 .text.FS_LB_WriteMultiplePart
                0x00007558       0x14 .\emFile_V322c\LinkLibrary\PSoC5\GCC\libemf16noslfn.a(FS_LogBlock.o)
                0x00007558                FS_LB_WriteMultiplePart
 .text.FS_LB_WriteDevice
                0x0000756c       0x36 .\emFile_V322c\LinkLibrary\PSoC5\GCC\libemf16noslfn.a(FS_LogBlock.o)
                0x0000756c                FS_LB_WriteDevice
 .text.FS_LB_WritePart
                0x000075a2        0xe .\emFile_V322c\LinkLibrary\PSoC5\GCC\libemf16noslfn.a(FS_LogBlock.o)
                0x000075a2                FS_LB_WritePart
 .text.FS_LB_Ioctl
                0x000075b0       0x2a .\emFile_V322c\LinkLibrary\PSoC5\GCC\libemf16noslfn.a(FS_LogBlock.o)
                0x000075b0                FS_LB_Ioctl
 .text.FS_GetSectorSize
                0x000075da       0x28 .\emFile_V322c\LinkLibrary\PSoC5\GCC\libemf16noslfn.a(FS_LogBlock.o)
                0x000075da                FS_GetSectorSize
 .text.FS_LB_GetDeviceInfo
                0x00007602       0x26 .\emFile_V322c\LinkLibrary\PSoC5\GCC\libemf16noslfn.a(FS_LogBlock.o)
                0x00007602                FS_LB_GetDeviceInfo
 .text.FS_memcpy
                0x00007628      0x120 .\emFile_V322c\LinkLibrary\PSoC5\GCC\libemf16noslfn.a(FS_memcpy.o)
                0x00007628                FS_memcpy
 .text.FS__AllocSectorBuffer
                0x00007748       0x2c .\emFile_V322c\LinkLibrary\PSoC5\GCC\libemf16noslfn.a(FS_Misc.o)
                0x00007748                FS__AllocSectorBuffer
 .text.FS__FreeSectorBuffer
                0x00007774       0x28 .\emFile_V322c\LinkLibrary\PSoC5\GCC\libemf16noslfn.a(FS_Misc.o)
                0x00007774                FS__FreeSectorBuffer
 .text.FS__SB_MarkDirty
                0x0000779c        0x6 .\emFile_V322c\LinkLibrary\PSoC5\GCC\libemf16noslfn.a(FS_Misc.o)
                0x0000779c                FS__SB_MarkDirty
 .text.FS__SB_MarkNotDirty
                0x000077a2        0x6 .\emFile_V322c\LinkLibrary\PSoC5\GCC\libemf16noslfn.a(FS_Misc.o)
                0x000077a2                FS__SB_MarkNotDirty
 .text.FS__FreeFileHandle
                0x000077a8        0xa .\emFile_V322c\LinkLibrary\PSoC5\GCC\libemf16noslfn.a(FS_Misc.o)
                0x000077a8                FS__FreeFileHandle
 .text.FS__FreeFileObj
                0x000077b2        0xc .\emFile_V322c\LinkLibrary\PSoC5\GCC\libemf16noslfn.a(FS_Misc.o)
                0x000077b2                FS__FreeFileObj
 *fill*         0x000077be        0x2 
 .text.FS_SetFileWriteMode
                0x000077c0        0xc .\emFile_V322c\LinkLibrary\PSoC5\GCC\libemf16noslfn.a(FS_Misc.o)
                0x000077c0                FS_SetFileWriteMode
 .text.FS_Init  0x000077cc       0x58 .\emFile_V322c\LinkLibrary\PSoC5\GCC\libemf16noslfn.a(FS_Misc.o)
                0x000077cc                FS_Init
 .text.FS__SB_Create
                0x00007824       0x28 .\emFile_V322c\LinkLibrary\PSoC5\GCC\libemf16noslfn.a(FS_Misc.o)
                0x00007824                FS__SB_Create
 .text.FS__FCloseNL
                0x0000784c       0x1e .\emFile_V322c\LinkLibrary\PSoC5\GCC\libemf16noslfn.a(FS_Misc.o)
                0x0000784c                FS__FCloseNL
 .text.FS__FClose
                0x0000786a       0x1a .\emFile_V322c\LinkLibrary\PSoC5\GCC\libemf16noslfn.a(FS_Misc.o)
                0x0000786a                FS__FClose
 .text.FS_FClose
                0x00007884        0xa .\emFile_V322c\LinkLibrary\PSoC5\GCC\libemf16noslfn.a(FS_Misc.o)
                0x00007884                FS_FClose
 *fill*         0x0000788e        0x2 
 .text.FS__AllocFileObj
                0x00007890       0x48 .\emFile_V322c\LinkLibrary\PSoC5\GCC\libemf16noslfn.a(FS_Misc.o)
                0x00007890                FS__AllocFileObj
 .text.FS__AllocFileHandle
                0x000078d8       0x40 .\emFile_V322c\LinkLibrary\PSoC5\GCC\libemf16noslfn.a(FS_Misc.o)
                0x000078d8                FS__AllocFileHandle
 .text.FS__OpenEx
                0x00007918       0x58 .\emFile_V322c\LinkLibrary\PSoC5\GCC\libemf16noslfn.a(FS_Misc.o)
                0x00007918                FS__OpenEx
 .text.FS__FOpenEx
                0x00007970       0x56 .\emFile_V322c\LinkLibrary\PSoC5\GCC\libemf16noslfn.a(FS_Misc.o)
                0x00007970                FS__FOpenEx
 *fill*         0x000079c6        0x2 
 .text.FS__FOpen
                0x000079c8       0x48 .\emFile_V322c\LinkLibrary\PSoC5\GCC\libemf16noslfn.a(FS_Misc.o)
                0x000079c8                FS__FOpen
 .text.FS_FOpen
                0x00007a10        0x4 .\emFile_V322c\LinkLibrary\PSoC5\GCC\libemf16noslfn.a(FS_Misc.o)
                0x00007a10                FS_FOpen
 .text.FS__Remove
                0x00007a14       0x28 .\emFile_V322c\LinkLibrary\PSoC5\GCC\libemf16noslfn.a(FS_Misc.o)
                0x00007a14                FS__Remove
 .text.FS_Remove
                0x00007a3c        0x4 .\emFile_V322c\LinkLibrary\PSoC5\GCC\libemf16noslfn.a(FS_Misc.o)
                0x00007a3c                FS_Remove
 .text.FS__SB_Write
                0x00007a40       0x24 .\emFile_V322c\LinkLibrary\PSoC5\GCC\libemf16noslfn.a(FS_Misc.o)
                0x00007a40                FS__SB_Write
 .text._SB_Clean
                0x00007a64       0x24 .\emFile_V322c\LinkLibrary\PSoC5\GCC\libemf16noslfn.a(FS_Misc.o)
 .text.FS__SB_SetSector
                0x00007a88       0x20 .\emFile_V322c\LinkLibrary\PSoC5\GCC\libemf16noslfn.a(FS_Misc.o)
                0x00007a88                FS__SB_SetSector
 .text.FS__SB_MarkValid
                0x00007aa8       0x10 .\emFile_V322c\LinkLibrary\PSoC5\GCC\libemf16noslfn.a(FS_Misc.o)
                0x00007aa8                FS__SB_MarkValid
 .text.FS__SB_Clean
                0x00007ab8        0x4 .\emFile_V322c\LinkLibrary\PSoC5\GCC\libemf16noslfn.a(FS_Misc.o)
                0x00007ab8                FS__SB_Clean
 .text.FS__SB_Delete
                0x00007abc       0x12 .\emFile_V322c\LinkLibrary\PSoC5\GCC\libemf16noslfn.a(FS_Misc.o)
                0x00007abc                FS__SB_Delete
 .text.FS__SB_Flush
                0x00007ace        0x8 .\emFile_V322c\LinkLibrary\PSoC5\GCC\libemf16noslfn.a(FS_Misc.o)
                0x00007ace                FS__SB_Flush
 .text.FS__SB_Read
                0x00007ad6       0x2a .\emFile_V322c\LinkLibrary\PSoC5\GCC\libemf16noslfn.a(FS_Misc.o)
                0x00007ad6                FS__SB_Read
 .text.FS__Read
                0x00007b00       0x2e .\emFile_V322c\LinkLibrary\PSoC5\GCC\libemf16noslfn.a(FS_Read.o)
                0x00007b00                FS__Read
 .text.FS_Read  0x00007b2e        0x4 .\emFile_V322c\LinkLibrary\PSoC5\GCC\libemf16noslfn.a(FS_Read.o)
                0x00007b2e                FS_Read
 .text.FS__AddPhysDevice
                0x00007b32       0x10 .\emFile_V322c\LinkLibrary\PSoC5\GCC\libemf16noslfn.a(FS_Storage.o)
                0x00007b32                FS__AddPhysDevice
 *fill*         0x00007b42        0x2 
 .text.FS_GetNumVolumes
                0x00007b44        0xc .\emFile_V322c\LinkLibrary\PSoC5\GCC\libemf16noslfn.a(FS_Storage.o)
                0x00007b44                FS_GetNumVolumes
 .text.FS__FindVolume
                0x00007b50       0x78 .\emFile_V322c\LinkLibrary\PSoC5\GCC\libemf16noslfn.a(FS_Storage.o)
                0x00007b50                FS__FindVolume
 .text.FS__AddDevice
                0x00007bc8       0x68 .\emFile_V322c\LinkLibrary\PSoC5\GCC\libemf16noslfn.a(FS_Storage.o)
                0x00007bc8                FS__AddDevice
 .text.FS_AddDevice
                0x00007c30        0x4 .\emFile_V322c\LinkLibrary\PSoC5\GCC\libemf16noslfn.a(FS_Storage.o)
                0x00007c30                FS_AddDevice
 .text.FS__IoCtlNL
                0x00007c34       0x36 .\emFile_V322c\LinkLibrary\PSoC5\GCC\libemf16noslfn.a(FS_Storage.o)
                0x00007c34                FS__IoCtlNL
 .text.FS__IoCtl
                0x00007c6a        0xa .\emFile_V322c\LinkLibrary\PSoC5\GCC\libemf16noslfn.a(FS_Storage.o)
                0x00007c6a                FS__IoCtl
 .text.FS__STORAGE_Sync
                0x00007c74       0x10 .\emFile_V322c\LinkLibrary\PSoC5\GCC\libemf16noslfn.a(FS_Storage.o)
                0x00007c74                FS__STORAGE_Sync
 .text.FS_FileTimeToTimeStamp
                0x00007c84       0x34 .\emFile_V322c\LinkLibrary\PSoC5\GCC\libemf16noslfn.a(FS_Time.o)
                0x00007c84                FS_FileTimeToTimeStamp
 .text.FS__SetFileTimeEx
                0x00007cb8       0x44 .\emFile_V322c\LinkLibrary\PSoC5\GCC\libemf16noslfn.a(FS_Time.o)
                0x00007cb8                FS__SetFileTimeEx
 .text.FS_SetFileTime
                0x00007cfc        0x6 .\emFile_V322c\LinkLibrary\PSoC5\GCC\libemf16noslfn.a(FS_Time.o)
                0x00007cfc                FS_SetFileTime
 *fill*         0x00007d02        0x2 
 .text.FS__UnmountForcedNL
                0x00007d04       0x54 .\emFile_V322c\LinkLibrary\PSoC5\GCC\libemf16noslfn.a(FS_Unmount.o)
                0x00007d04                FS__UnmountForcedNL
 .text.FS__UnmountForced
                0x00007d58        0x4 .\emFile_V322c\LinkLibrary\PSoC5\GCC\libemf16noslfn.a(FS_Unmount.o)
                0x00007d58                FS__UnmountForced
 .text.FS__Unmount
                0x00007d5c       0x60 .\emFile_V322c\LinkLibrary\PSoC5\GCC\libemf16noslfn.a(FS_Unmount.o)
                0x00007d5c                FS__Unmount
 .text.FS_Unmount
                0x00007dbc       0x14 .\emFile_V322c\LinkLibrary\PSoC5\GCC\libemf16noslfn.a(FS_Unmount.o)
                0x00007dbc                FS_Unmount
 .text.FS__Sync
                0x00007dd0       0x40 .\emFile_V322c\LinkLibrary\PSoC5\GCC\libemf16noslfn.a(FS_Volume.o)
                0x00007dd0                FS__Sync
 .text.FS_Sync  0x00007e10       0x16 .\emFile_V322c\LinkLibrary\PSoC5\GCC\libemf16noslfn.a(FS_Volume.o)
                0x00007e10                FS_Sync
 .text._Mount   0x00007e26       0x2e .\emFile_V322c\LinkLibrary\PSoC5\GCC\libemf16noslfn.a(FS_Volume.o)
 .text.FS__AutoMount
                0x00007e54       0x14 .\emFile_V322c\LinkLibrary\PSoC5\GCC\libemf16noslfn.a(FS_Volume.o)
                0x00007e54                FS__AutoMount
 .text.FS__Write
                0x00007e68       0x3a .\emFile_V322c\LinkLibrary\PSoC5\GCC\libemf16noslfn.a(FS_Write.o)
                0x00007e68                FS__Write
 .text.FS_Write
                0x00007ea2        0x4 .\emFile_V322c\LinkLibrary\PSoC5\GCC\libemf16noslfn.a(FS_Write.o)
                0x00007ea2                FS_Write
 *fill*         0x00007ea6        0x2 
 .text.FS_FAT_CreateDirEx
                0x00007ea8      0x110 .\emFile_V322c\LinkLibrary\PSoC5\GCC\libemf16noslfn.a(FAT_Dir.o)
                0x00007ea8                FS_FAT_CreateDirEx
 .text.FS_FAT_CreateDir
                0x00007fb8       0x64 .\emFile_V322c\LinkLibrary\PSoC5\GCC\libemf16noslfn.a(FAT_Dir.o)
                0x00007fb8                FS_FAT_CreateDir
 .text.FS_FAT_SetDirEntryInfo
                0x0000801c       0xb2 .\emFile_V322c\LinkLibrary\PSoC5\GCC\libemf16noslfn.a(FAT_DirEntry.o)
                0x0000801c                FS_FAT_SetDirEntryInfo
 .text.FS_FAT_GetDirEntryInfo
                0x000080ce       0x90 .\emFile_V322c\LinkLibrary\PSoC5\GCC\libemf16noslfn.a(FAT_DirEntry.o)
                0x000080ce                FS_FAT_GetDirEntryInfo
 *fill*         0x0000815e        0x2 
 .text.T.29     0x00008160      0x320 .\emFile_V322c\LinkLibrary\PSoC5\GCC\libemf16noslfn.a(FAT_Format.o)
 .text._AutoFormat
                0x00008480       0x7c .\emFile_V322c\LinkLibrary\PSoC5\GCC\libemf16noslfn.a(FAT_Format.o)
 .text.FS_FAT_FormatEx
                0x000084fc       0x74 .\emFile_V322c\LinkLibrary\PSoC5\GCC\libemf16noslfn.a(FAT_Format.o)
                0x000084fc                FS_FAT_FormatEx
 .text._ReadBurst
                0x00008570       0x24 .\emFile_V322c\LinkLibrary\PSoC5\GCC\libemf16noslfn.a(FAT_Read.o)
 .text.FS_FAT_Read
                0x00008594      0x194 .\emFile_V322c\LinkLibrary\PSoC5\GCC\libemf16noslfn.a(FAT_Read.o)
                0x00008594                FS_FAT_Read
 .text._IsBPB   0x00008728       0x1e .\emFile_V322c\LinkLibrary\PSoC5\GCC\libemf16noslfn.a(FS_Partition.o)
 .text._HasSignature
                0x00008746       0x18 .\emFile_V322c\LinkLibrary\PSoC5\GCC\libemf16noslfn.a(FS_Partition.o)
 .text._GetPartitionStartSector
                0x0000875e        0xc .\emFile_V322c\LinkLibrary\PSoC5\GCC\libemf16noslfn.a(FS_Partition.o)
 .text.FS__GetMediaStartSecEx
                0x0000876a       0x6e .\emFile_V322c\LinkLibrary\PSoC5\GCC\libemf16noslfn.a(FS_Partition.o)
                0x0000876a                FS__GetMediaStartSecEx
 .text.FS__LocatePartition
                0x000087d8       0x44 .\emFile_V322c\LinkLibrary\PSoC5\GCC\libemf16noslfn.a(FS_Partition.o)
                0x000087d8                FS__LocatePartition
 .text.FS_X_AddDevices
                0x0000881c       0x20 .\CortexM3\ARM_GCC_493\Debug\Node-Beaver.a(emFile_1_ConfigMMC_SPI.o)
                0x0000881c                FS_X_AddDevices
 .text.FS_X_GetTimeDate
                0x0000883c       0x58 .\CortexM3\ARM_GCC_493\Debug\Node-Beaver.a(emFile_1_ConfigMMC_SPI.o)
                0x0000883c                FS_X_GetTimeDate
 .text._CalcDataCRC16Dummy
                0x00008894        0x6 .\emFile_V322c\LinkLibrary\PSoC5\GCC\libemf16noslfn.a(MMC_Drv.o)
 *fill*         0x0000889a        0x2 
 .text._MMC_GetNumUnits
                0x0000889c        0xc .\emFile_V322c\LinkLibrary\PSoC5\GCC\libemf16noslfn.a(MMC_Drv.o)
 .text._MMC_GetDriverName
                0x000088a8        0x8 .\emFile_V322c\LinkLibrary\PSoC5\GCC\libemf16noslfn.a(MMC_Drv.o)
 .text._MMC_GetStatus
                0x000088b0        0x4 .\emFile_V322c\LinkLibrary\PSoC5\GCC\libemf16noslfn.a(MMC_Drv.o)
 .text._CheckR1
                0x000088b4       0x38 .\emFile_V322c\LinkLibrary\PSoC5\GCC\libemf16noslfn.a(MMC_Drv.o)
 .text._WaitToGetReady
                0x000088ec       0x26 .\emFile_V322c\LinkLibrary\PSoC5\GCC\libemf16noslfn.a(MMC_Drv.o)
 .text._SendEmptyCycles
                0x00008912       0x24 .\emFile_V322c\LinkLibrary\PSoC5\GCC\libemf16noslfn.a(MMC_Drv.o)
 *fill*         0x00008936        0x2 
 .text._MMC_AddDevice
                0x00008938       0x2c .\emFile_V322c\LinkLibrary\PSoC5\GCC\libemf16noslfn.a(MMC_Drv.o)
 .text.T.53     0x00008964       0x14 .\emFile_V322c\LinkLibrary\PSoC5\GCC\libemf16noslfn.a(MMC_Drv.o)
 .text._GetFromCSD
                0x00008978       0x34 .\emFile_V322c\LinkLibrary\PSoC5\GCC\libemf16noslfn.a(MMC_Drv.o)
 .text._ExecCmdR1
                0x000089ac       0x98 .\emFile_V322c\LinkLibrary\PSoC5\GCC\libemf16noslfn.a(MMC_Drv.o)
 .text._ReadCSD
                0x00008a44       0x86 .\emFile_V322c\LinkLibrary\PSoC5\GCC\libemf16noslfn.a(MMC_Drv.o)
 *fill*         0x00008aca        0x2 
 .text._MMC_Read
                0x00008acc      0x130 .\emFile_V322c\LinkLibrary\PSoC5\GCC\libemf16noslfn.a(MMC_Drv.o)
 .text._MMC_Write
                0x00008bfc      0x13c .\emFile_V322c\LinkLibrary\PSoC5\GCC\libemf16noslfn.a(MMC_Drv.o)
 .text._ApplyCSD
                0x00008d38      0x228 .\emFile_V322c\LinkLibrary\PSoC5\GCC\libemf16noslfn.a(MMC_Drv.o)
 .text._MMC_Init
                0x00008f60      0x1c0 .\emFile_V322c\LinkLibrary\PSoC5\GCC\libemf16noslfn.a(MMC_Drv.o)
 .text._MMC_InitMedium
                0x00009120       0x28 .\emFile_V322c\LinkLibrary\PSoC5\GCC\libemf16noslfn.a(MMC_Drv.o)
 .text._MMC_IoCtl
                0x00009148       0x60 .\emFile_V322c\LinkLibrary\PSoC5\GCC\libemf16noslfn.a(MMC_Drv.o)
 .text.emFile_1_Init
                0x000091a8       0x64 .\CortexM3\ARM_GCC_493\Debug\Node-Beaver.a(emFile_1_MMC_HW_SPI.o)
 .text.emFile_1_ReadWriteSPI
                0x0000920c       0x68 .\CortexM3\ARM_GCC_493\Debug\Node-Beaver.a(emFile_1_MMC_HW_SPI.o)
 .text.FS_MMC_HW_X_EnableCS
                0x00009274       0x28 .\CortexM3\ARM_GCC_493\Debug\Node-Beaver.a(emFile_1_MMC_HW_SPI.o)
                0x00009274                FS_MMC_HW_X_EnableCS
 .text.FS_MMC_HW_X_DisableCS
                0x0000929c       0x28 .\CortexM3\ARM_GCC_493\Debug\Node-Beaver.a(emFile_1_MMC_HW_SPI.o)
                0x0000929c                FS_MMC_HW_X_DisableCS
 .text.FS_MMC_HW_X_IsWriteProtected
                0x000092c4       0x2c .\CortexM3\ARM_GCC_493\Debug\Node-Beaver.a(emFile_1_MMC_HW_SPI.o)
                0x000092c4                FS_MMC_HW_X_IsWriteProtected
 .text.FS_MMC_HW_X_SetMaxSpeed
                0x000092f0       0x88 .\CortexM3\ARM_GCC_493\Debug\Node-Beaver.a(emFile_1_MMC_HW_SPI.o)
                0x000092f0                FS_MMC_HW_X_SetMaxSpeed
 .text.FS_MMC_HW_X_SetVoltage
                0x00009378       0x68 .\CortexM3\ARM_GCC_493\Debug\Node-Beaver.a(emFile_1_MMC_HW_SPI.o)
                0x00009378                FS_MMC_HW_X_SetVoltage
 .text.FS_MMC_HW_X_IsPresent
                0x000093e0       0x30 .\CortexM3\ARM_GCC_493\Debug\Node-Beaver.a(emFile_1_MMC_HW_SPI.o)
                0x000093e0                FS_MMC_HW_X_IsPresent
 .text.FS_MMC_HW_X_Read
                0x00009410       0x34 .\CortexM3\ARM_GCC_493\Debug\Node-Beaver.a(emFile_1_MMC_HW_SPI.o)
                0x00009410                FS_MMC_HW_X_Read
 .text.FS_MMC_HW_X_Write
                0x00009444       0x34 .\CortexM3\ARM_GCC_493\Debug\Node-Beaver.a(emFile_1_MMC_HW_SPI.o)
                0x00009444                FS_MMC_HW_X_Write
 .text.emFile_1_SPI0_Init
                0x00009478       0x30 .\CortexM3\ARM_GCC_493\Debug\Node-Beaver.a(emFile_1_SPI0.o)
                0x00009478                emFile_1_SPI0_Init
 .text.emFile_1_SPI0_Enable
                0x000094a8       0x60 .\CortexM3\ARM_GCC_493\Debug\Node-Beaver.a(emFile_1_SPI0.o)
                0x000094a8                emFile_1_SPI0_Enable
 .text.emFile_1_SPI0_Start
                0x00009508       0x20 .\CortexM3\ARM_GCC_493\Debug\Node-Beaver.a(emFile_1_SPI0.o)
                0x00009508                emFile_1_SPI0_Start
 .text.emFile_1_SPI0_EnableTxInt
                0x00009528        0xc .\CortexM3\ARM_GCC_493\Debug\Node-Beaver.a(emFile_1_SPI0.o)
                0x00009528                emFile_1_SPI0_EnableTxInt
 .text.emFile_1_SPI0_EnableRxInt
                0x00009534        0xc .\CortexM3\ARM_GCC_493\Debug\Node-Beaver.a(emFile_1_SPI0.o)
                0x00009534                emFile_1_SPI0_EnableRxInt
 .text.emFile_1_SPI0_ReadTxStatus
                0x00009540       0x20 .\CortexM3\ARM_GCC_493\Debug\Node-Beaver.a(emFile_1_SPI0.o)
                0x00009540                emFile_1_SPI0_ReadTxStatus
 .text.emFile_1_SPI0_ReadRxStatus
                0x00009560       0x20 .\CortexM3\ARM_GCC_493\Debug\Node-Beaver.a(emFile_1_SPI0.o)
                0x00009560                emFile_1_SPI0_ReadRxStatus
 .text.emFile_1_SPI0_WriteTxData
                0x00009580       0x34 .\CortexM3\ARM_GCC_493\Debug\Node-Beaver.a(emFile_1_SPI0.o)
                0x00009580                emFile_1_SPI0_WriteTxData
 .text.emFile_1_SPI0_ReadRxData
                0x000095b4       0x20 .\CortexM3\ARM_GCC_493\Debug\Node-Beaver.a(emFile_1_SPI0.o)
                0x000095b4                emFile_1_SPI0_ReadRxData
 .text.emFile_1_SPI0_ClearFIFO
                0x000095d4       0x5c .\CortexM3\ARM_GCC_493\Debug\Node-Beaver.a(emFile_1_SPI0.o)
                0x000095d4                emFile_1_SPI0_ClearFIFO
 .text.emFile_1_Clock_1_Start
                0x00009630       0x34 .\CortexM3\ARM_GCC_493\Debug\Node-Beaver.a(emFile_1_Clock_1.o)
                0x00009630                emFile_1_Clock_1_Start
 .text.emFile_1_Clock_1_Stop
                0x00009664       0x34 .\CortexM3\ARM_GCC_493\Debug\Node-Beaver.a(emFile_1_Clock_1.o)
                0x00009664                emFile_1_Clock_1_Stop
 .text.emFile_1_Clock_1_SetDividerRegister
                0x00009698      0x160 .\CortexM3\ARM_GCC_493\Debug\Node-Beaver.a(emFile_1_Clock_1.o)
                0x00009698                emFile_1_Clock_1_SetDividerRegister
 .text.emFile_1_Clock_1_GetDividerRegister
                0x000097f8       0x18 .\CortexM3\ARM_GCC_493\Debug\Node-Beaver.a(emFile_1_Clock_1.o)
                0x000097f8                emFile_1_Clock_1_GetDividerRegister
 .text.emFile_1_Clock_1_GetSourceRegister
                0x00009810       0x20 .\CortexM3\ARM_GCC_493\Debug\Node-Beaver.a(emFile_1_Clock_1.o)
                0x00009810                emFile_1_Clock_1_GetSourceRegister
 .text.emFile_1_SPI0_CS_Write
                0x00009830       0x3c .\CortexM3\ARM_GCC_493\Debug\Node-Beaver.a(emFile_1_SPI0_CS.o)
                0x00009830                emFile_1_SPI0_CS_Write
 .text.atoi     0x0000986c        0x8 d:/programming/cypress/psoc creator/4.0/psoc creator/import/gnu/arm/4.9.3/bin/../lib/gcc/arm-none-eabi/4.9.3/../../../../arm-none-eabi/lib/armv7-m\libg_nano.a(lib_a-atoi.o)
                0x0000986c                atoi
 .text.__errno  0x00009874        0xc d:/programming/cypress/psoc creator/4.0/psoc creator/import/gnu/arm/4.9.3/bin/../lib/gcc/arm-none-eabi/4.9.3/../../../../arm-none-eabi/lib/armv7-m\libg_nano.a(lib_a-errno.o)
                0x00009874                __errno
 .text.__libc_init_array
                0x00009880       0x4c d:/programming/cypress/psoc creator/4.0/psoc creator/import/gnu/arm/4.9.3/bin/../lib/gcc/arm-none-eabi/4.9.3/../../../../arm-none-eabi/lib/armv7-m\libg_nano.a(lib_a-init.o)
                0x00009880                __libc_init_array
 .text.memcpy   0x000098cc       0x16 d:/programming/cypress/psoc creator/4.0/psoc creator/import/gnu/arm/4.9.3/bin/../lib/gcc/arm-none-eabi/4.9.3/../../../../arm-none-eabi/lib/armv7-m\libg_nano.a(lib_a-memcpy.o)
                0x000098cc                memcpy
 .text.memset   0x000098e2       0x10 d:/programming/cypress/psoc creator/4.0/psoc creator/import/gnu/arm/4.9.3/bin/../lib/gcc/arm-none-eabi/4.9.3/../../../../arm-none-eabi/lib/armv7-m\libg_nano.a(lib_a-memset.o)
                0x000098e2                memset
 *fill*         0x000098f2        0x2 
 .text.sprintf  0x000098f4       0x48 d:/programming/cypress/psoc creator/4.0/psoc creator/import/gnu/arm/4.9.3/bin/../lib/gcc/arm-none-eabi/4.9.3/../../../../arm-none-eabi/lib/armv7-m\libg_nano.a(lib_a-sprintf.o)
                0x000098f4                siprintf
                0x000098f4                sprintf
 .text.strtok   0x0000993c       0x64 d:/programming/cypress/psoc creator/4.0/psoc creator/import/gnu/arm/4.9.3/bin/../lib/gcc/arm-none-eabi/4.9.3/../../../../arm-none-eabi/lib/armv7-m\libg_nano.a(lib_a-strtok.o)
                0x0000993c                strtok
 .text.__strtok_r
                0x000099a0       0x56 d:/programming/cypress/psoc creator/4.0/psoc creator/import/gnu/arm/4.9.3/bin/../lib/gcc/arm-none-eabi/4.9.3/../../../../arm-none-eabi/lib/armv7-m\libg_nano.a(lib_a-strtok_r.o)
                0x000099a0                __strtok_r
 *fill*         0x000099f6        0x2 
 .text._strtol_r
                0x000099f8      0x10c d:/programming/cypress/psoc creator/4.0/psoc creator/import/gnu/arm/4.9.3/bin/../lib/gcc/arm-none-eabi/4.9.3/../../../../arm-none-eabi/lib/armv7-m\libg_nano.a(lib_a-strtol.o)
                0x000099f8                _strtol_r
 .text.strtol   0x00009b04       0x1c d:/programming/cypress/psoc creator/4.0/psoc creator/import/gnu/arm/4.9.3/bin/../lib/gcc/arm-none-eabi/4.9.3/../../../../arm-none-eabi/lib/armv7-m\libg_nano.a(lib_a-strtol.o)
                0x00009b04                strtol
 .text.malloc   0x00009b20       0x10 d:/programming/cypress/psoc creator/4.0/psoc creator/import/gnu/arm/4.9.3/bin/../lib/gcc/arm-none-eabi/4.9.3/../../../../arm-none-eabi/lib/armv7-m\libg_nano.a(lib_a-malloc.o)
                0x00009b20                malloc
 .text._free_r  0x00009b30       0x88 d:/programming/cypress/psoc creator/4.0/psoc creator/import/gnu/arm/4.9.3/bin/../lib/gcc/arm-none-eabi/4.9.3/../../../../arm-none-eabi/lib/armv7-m\libg_nano.a(lib_a-nano-freer.o)
                0x00009b30                _free_r
 .text._malloc_r
                0x00009bb8       0xac d:/programming/cypress/psoc creator/4.0/psoc creator/import/gnu/arm/4.9.3/bin/../lib/gcc/arm-none-eabi/4.9.3/../../../../arm-none-eabi/lib/armv7-m\libg_nano.a(lib_a-nano-mallocr.o)
                0x00009bb8                _malloc_r
 .text.__ssputs_r
                0x00009c64       0xb2 d:/programming/cypress/psoc creator/4.0/psoc creator/import/gnu/arm/4.9.3/bin/../lib/gcc/arm-none-eabi/4.9.3/../../../../arm-none-eabi/lib/armv7-m\libg_nano.a(lib_a-nano-svfprintf.o)
                0x00009c64                __ssputs_r
 *fill*         0x00009d16        0x2 
 .text._svfprintf_r
                0x00009d18      0x1e4 d:/programming/cypress/psoc creator/4.0/psoc creator/import/gnu/arm/4.9.3/bin/../lib/gcc/arm-none-eabi/4.9.3/../../../../arm-none-eabi/lib/armv7-m\libg_nano.a(lib_a-nano-svfprintf.o)
                0x00009d18                _svfiprintf_r
                0x00009d18                _svfprintf_r
 .text._printf_common
                0x00009efc       0xea d:/programming/cypress/psoc creator/4.0/psoc creator/import/gnu/arm/4.9.3/bin/../lib/gcc/arm-none-eabi/4.9.3/../../../../arm-none-eabi/lib/armv7-m\libg_nano.a(lib_a-nano-vfprintf_i.o)
                0x00009efc                _printf_common
 *fill*         0x00009fe6        0x2 
 .text._printf_i
                0x00009fe8      0x240 d:/programming/cypress/psoc creator/4.0/psoc creator/import/gnu/arm/4.9.3/bin/../lib/gcc/arm-none-eabi/4.9.3/../../../../arm-none-eabi/lib/armv7-m\libg_nano.a(lib_a-nano-vfprintf_i.o)
                0x00009fe8                _printf_i
 .text._sbrk_r  0x0000a228       0x20 d:/programming/cypress/psoc creator/4.0/psoc creator/import/gnu/arm/4.9.3/bin/../lib/gcc/arm-none-eabi/4.9.3/../../../../arm-none-eabi/lib/armv7-m\libg_nano.a(lib_a-sbrkr.o)
                0x0000a228                _sbrk_r
 .text.memchr   0x0000a248       0x1c d:/programming/cypress/psoc creator/4.0/psoc creator/import/gnu/arm/4.9.3/bin/../lib/gcc/arm-none-eabi/4.9.3/../../../../arm-none-eabi/lib/armv7-m\libg_nano.a(lib_a-memchr.o)
                0x0000a248                memchr
 .text.memmove  0x0000a264       0x36 d:/programming/cypress/psoc creator/4.0/psoc creator/import/gnu/arm/4.9.3/bin/../lib/gcc/arm-none-eabi/4.9.3/../../../../arm-none-eabi/lib/armv7-m\libg_nano.a(lib_a-memmove.o)
                0x0000a264                memmove
 .text._realloc_r
                0x0000a29a       0x4c d:/programming/cypress/psoc creator/4.0/psoc creator/import/gnu/arm/4.9.3/bin/../lib/gcc/arm-none-eabi/4.9.3/../../../../arm-none-eabi/lib/armv7-m\libg_nano.a(lib_a-nano-reallocr.o)
                0x0000a29a                _realloc_r
 .text._malloc_usable_size_r
                0x0000a2e6       0x14 d:/programming/cypress/psoc creator/4.0/psoc creator/import/gnu/arm/4.9.3/bin/../lib/gcc/arm-none-eabi/4.9.3/../../../../arm-none-eabi/lib/armv7-m\libg_nano.a(lib_a-nano-msizer.o)
                0x0000a2e6                _malloc_usable_size_r
 *(.plt)
 *(.gnu.warning)
 *(.glue_7t)
 .glue_7t       0x00000000        0x0 linker stubs
 *(.glue_7)
 .glue_7        0x00000000        0x0 linker stubs
 *(.vfp11_veneer)
 .vfp11_veneer  0x00000000        0x0 linker stubs
 *(.bootloader)
 *(.ARM.extab* .gnu.linkonce.armextab.*)
 *(.gcc_except_table)

.v4_bx          0x0000a2fc        0x0
 .v4_bx         0x00000000        0x0 linker stubs

.iplt           0x0000a2fc        0x0
 .iplt          0x00000000        0x0 d:/programming/cypress/psoc creator/4.0/psoc creator/import/gnu/arm/4.9.3/bin/../lib/gcc/arm-none-eabi/4.9.3/armv7-m/crtbegin.o

.eh_frame_hdr
 *(.eh_frame_hdr)

.eh_frame       0x0000a2fc        0x4
 *(.eh_frame)
 .eh_frame      0x0000a2fc        0x0 d:/programming/cypress/psoc creator/4.0/psoc creator/import/gnu/arm/4.9.3/bin/../lib/gcc/arm-none-eabi/4.9.3/armv7-m/crtbegin.o
 .eh_frame      0x0000a2fc        0x4 d:/programming/cypress/psoc creator/4.0/psoc creator/import/gnu/arm/4.9.3/bin/../lib/gcc/arm-none-eabi/4.9.3/armv7-m/crtend.o
                0x0000a300                PROVIDE (__exidx_start, .)

.ARM.exidx
 *(.ARM.exidx* .gnu.linkonce.armexidx.*)
                0x0000a300                __exidx_end = .

.rodata         0x0000a300      0x810
 *(.rodata .rodata.* .gnu.linkonce.r.*)
 .rodata        0x0000a300       0xcc .\CortexM3\ARM_GCC_493\Debug\sd_manager.o
                0x0000a300                set_time_file
                0x0000a310                format_file
 .rodata        0x0000a3cc       0x44 .\CortexM3\ARM_GCC_493\Debug\Node-Beaver.a(cyfitter_cfg.o)
 .rodata        0x0000a410      0x160 .\CortexM3\ARM_GCC_493\Debug\Node-Beaver.a(CAN_1.o)
 .rodata        0x0000a570       0x14 .\CortexM3\ARM_GCC_493\Debug\Node-Beaver.a(USBUART_1_std.o)
 .rodata        0x0000a584      0x19c .\CortexM3\ARM_GCC_493\Debug\Node-Beaver.a(USBUART_1_descr.o)
                0x0000a584                USBUART_1_DEVICE0_DESCR
                0x0000a598                USBUART_1_DEVICE0_CONFIGURATION0_DESCR
                0x0000a5dc                USBUART_1_STRING_DESCRIPTORS
                0x0000a67c                USBUART_1_SN_STRING_DESCRIPTOR
                0x0000a680                USBUART_1_DEVICE0_CONFIGURATION0_EP_SETTINGS_TABLE
                0x0000a698                USBUART_1_DEVICE0_CONFIGURATION0_INTERFACE_CLASS
                0x0000a69c                USBUART_1_DEVICE0_CONFIGURATION0_TABLE
                0x0000a6c4                USBUART_1_DEVICE0_TABLE
                0x0000a6dc                USBUART_1_TABLE
                0x0000a6e4                USBUART_1_MSOS_DESCRIPTOR
                0x0000a6f8                USBUART_1_MSOS_CONFIGURATION_DESCR
 .rodata        0x0000a720       0x98 .\emFile_V322c\LinkLibrary\PSoC5\GCC\libemf16noslfn.a(FAT_FormatSD.o)
 .rodata        0x0000a7b8       0x10 .\emFile_V322c\LinkLibrary\PSoC5\GCC\libemf16noslfn.a(FAT_LFN.o)
                0x0000a7b8                FAT_LFN_API
 .rodata        0x0000a7c8       0x10 .\emFile_V322c\LinkLibrary\PSoC5\GCC\libemf16noslfn.a(FAT_Misc.o)
                0x0000a7c8                FAT_SFN_API
 .rodata.str1.1
                0x0000a7d8        0x3 .\emFile_V322c\LinkLibrary\PSoC5\GCC\libemf16noslfn.a(FAT_Open.o)
 *fill*         0x0000a7db        0x1 
 .rodata        0x0000a7dc       0x78 .\emFile_V322c\LinkLibrary\PSoC5\GCC\libemf16noslfn.a(FS_Misc.o)
 .rodata.str1.1
                0x0000a854       0x30 .\emFile_V322c\LinkLibrary\PSoC5\GCC\libemf16noslfn.a(FS_Misc.o)
 .rodata        0x0000a884       0x18 .\emFile_V322c\LinkLibrary\PSoC5\GCC\libemf16noslfn.a(FAT_Dir.o)
 .rodata        0x0000a89c       0x7c .\emFile_V322c\LinkLibrary\PSoC5\GCC\libemf16noslfn.a(FAT_Format.o)
                0x0000a8ac                _acVolumeLabel
 .rodata.str1.1
                0x0000a918       0x1b .\emFile_V322c\LinkLibrary\PSoC5\GCC\libemf16noslfn.a(FAT_Format.o)
 *fill*         0x0000a933        0x1 
 .rodata        0x0000a934       0x68 .\emFile_V322c\LinkLibrary\PSoC5\GCC\libemf16noslfn.a(MMC_Drv.o)
                0x0000a97c                FS_MMC_SPI_Driver
 .rodata.str1.1
                0x0000a99c        0x4 .\emFile_V322c\LinkLibrary\PSoC5\GCC\libemf16noslfn.a(MMC_Drv.o)
 .rodata.str1.1
                0x0000a9a0        0x2 d:/programming/cypress/psoc creator/4.0/psoc creator/import/gnu/arm/4.9.3/bin/../lib/gcc/arm-none-eabi/4.9.3/../../../../arm-none-eabi/lib/armv7-m\libg_nano.a(lib_a-impure.o)
 .rodata._ctype_
                0x0000a9a2      0x101 d:/programming/cypress/psoc creator/4.0/psoc creator/import/gnu/arm/4.9.3/bin/../lib/gcc/arm-none-eabi/4.9.3/../../../../arm-none-eabi/lib/armv7-m\libg_nano.a(lib_a-ctype_.o)
                0x0000a9a2                _ctype_
 .rodata.str1.1
                0x0000aaa3       0x11 d:/programming/cypress/psoc creator/4.0/psoc creator/import/gnu/arm/4.9.3/bin/../lib/gcc/arm-none-eabi/4.9.3/../../../../arm-none-eabi/lib/armv7-m\libg_nano.a(lib_a-nano-svfprintf.o)
 .rodata.str1.1
                0x0000aab4       0x22 d:/programming/cypress/psoc creator/4.0/psoc creator/import/gnu/arm/4.9.3/bin/../lib/gcc/arm-none-eabi/4.9.3/../../../../arm-none-eabi/lib/armv7-m\libg_nano.a(lib_a-nano-vfprintf_i.o)
                0x0000aad8                . = ALIGN (0x4)
 *fill*         0x0000aad6        0x2 
 *(.init)
 .init          0x0000aad8        0x4 d:/programming/cypress/psoc creator/4.0/psoc creator/import/gnu/arm/4.9.3/bin/../lib/gcc/arm-none-eabi/4.9.3/armv7-m/crti.o
                0x0000aad8                _init
 .init          0x0000aadc        0x8 d:/programming/cypress/psoc creator/4.0/psoc creator/import/gnu/arm/4.9.3/bin/../lib/gcc/arm-none-eabi/4.9.3/armv7-m/crtn.o
                0x0000aae4                . = ALIGN (0x4)
                0x0000aae4                __preinit_array_start = .
 *(.preinit_array)
                0x0000aae4                __preinit_array_end = .
                0x0000aae4                . = ALIGN (0x4)
                0x0000aae4                __init_array_start = .
 *(SORT(.init_array.*))
 *(.init_array)
 .init_array    0x0000aae4        0x4 d:/programming/cypress/psoc creator/4.0/psoc creator/import/gnu/arm/4.9.3/bin/../lib/gcc/arm-none-eabi/4.9.3/armv7-m/crtbegin.o
 .init_array    0x0000aae8        0x4 .\CortexM3\ARM_GCC_493\Debug\Cm3Start.o
                0x0000aaec                __init_array_end = .
                0x0000aaec                . = ALIGN (0x4)
 *(.fini)
 .fini          0x0000aaec        0x4 d:/programming/cypress/psoc creator/4.0/psoc creator/import/gnu/arm/4.9.3/bin/../lib/gcc/arm-none-eabi/4.9.3/armv7-m/crti.o
                0x0000aaec                _fini
 .fini          0x0000aaf0        0x8 d:/programming/cypress/psoc creator/4.0/psoc creator/import/gnu/arm/4.9.3/bin/../lib/gcc/arm-none-eabi/4.9.3/armv7-m/crtn.o
                0x0000aaf8                . = ALIGN (0x4)
                0x0000aaf8                __fini_array_start = .
 *(.fini_array)
 .fini_array    0x0000aaf8        0x4 d:/programming/cypress/psoc creator/4.0/psoc creator/import/gnu/arm/4.9.3/bin/../lib/gcc/arm-none-eabi/4.9.3/armv7-m/crtbegin.o
 *(SORT(.fini_array.*))
                0x0000aafc                __fini_array_end = .
                0x0000aafc                . = ALIGN (0x4)
 *crtbegin.o(.ctors)
 *(EXCLUDE_FILE(*crtend.o) .ctors)
 *(SORT(.ctors.*))
 *crtend.o(.ctors)
                0x0000aafc                . = ALIGN (0x4)
 *crtbegin.o(.dtors)
 *(EXCLUDE_FILE(*crtend.o) .dtors)
 *(SORT(.dtors.*))
 *crtend.o(.dtors)
                0x0000aafc                . = ALIGN (0x4)
                0x0000aafc                __cy_regions = .
                0x0000aafc        0x4 LONG 0xab10 __cy_region_init_ram
                0x0000ab00        0x4 LONG 0x1fff8108 __cy_region_start_data
                0x0000ab04        0x4 LONG 0xa8 __cy_region_init_size_ram